
> nextinfaith@0.1.0 build
> next build

   Ôû▓ Next.js 15.5.14
   - Environments: .env.local

   Creating an optimized production build ...
node.exe :  ÔÜá Compiled with warnings in 7.3s
En línea: 1 Carácter: 1
+ & "G:\Program Files\nodejs/node.exe" "G:\Program Files\nodejs/node_mo ...
+ ~~~~~~~~~~~~~~~~~~~~~~~~~~~~~~~~~~~~~~~~~~~~~~~~~~~~~~~~~~~~~~~~~~~~~
    + CategoryInfo          : NotSpecified: ( ÔÜá Compiled with warnings in 7.3s:String) [], RemoteException
    + FullyQualifiedErrorId : NativeCommandError
 

./node_modules/next/dist/build/deployment-id.js
There are multiple modules with names that only differ in casing.
This can lead to unexpected behavior when compiling on a filesystem with other case-semantic.
Use equal casing. Compare these module identifiers:
* javascript/auto|G:\Dev\Proyectos\nextinfaith\node_modules\next\dist\build\deployment-id.js|pages-dir-browser
    Used by 1 module(s), i. e.
    javascript/auto|G:\Dev\Proyectos\nextinfaith\node_modules\next\dist\build\webpack\loaders\next-swc-loader.js??ruleS
et[1].rules[16].oneOf[8].use[0]!G:\Dev\Proyectos\nextinfaith\node_modules\next\dist\client\route-loader.js|pages-dir-br
owser
* javascript/auto|G:\dev\proyectos\nextinfaith\node_modules\next\dist\build\deployment-id.js|pages-dir-browser
    Used by 2 module(s), i. e.
    javascript/auto|G:\Dev\Proyectos\nextinfaith\node_modules\next\dist\build\webpack\loaders\next-swc-loader.js??ruleS
et[1].rules[16].oneOf[8].use[0]!G:\dev\proyectos\nextinfaith\node_modules\next\dist\client\webpack.js|pages-dir-browser

Import trace for requested module:
./node_modules/next/dist/build/deployment-id.js
./node_modules/next/dist/client/route-loader.js
./node_modules/next/dist/shared/lib/router/router.js

./node_modules/next/dist/client/add-base-path.js
There are multiple modules with names that only differ in casing.
This can lead to unexpected behavior when compiling on a filesystem with other case-semantic.
Use equal casing. Compare these module identifiers:
* javascript/auto|G:\Dev\Proyectos\nextinfaith\node_modules\next\dist\build\webpack\loaders\next-flight-client-module-l
oader.js!G:\Dev\Proyectos\nextinfaith\node_modules\next\dist\build\webpack\loaders\next-swc-loader.js??ruleSet[1].rules
[16].oneOf[6].use[1]!G:\Dev\Proyectos\nextinfaith\node_modules\next\dist\client\add-base-path.js|app-pages-browser
    Used by 5 module(s), i. e.
    javascript/auto|G:\Dev\Proyectos\nextinfaith\node_modules\next\dist\build\webpack\loaders\next-flight-client-module
-loader.js!G:\Dev\Proyectos\nextinfaith\node_modules\next\dist\build\webpack\loaders\next-swc-loader.js??ruleSet[1].rul
es[16].oneOf[6].use[1]!G:\Dev\Proyectos\nextinfaith\node_modules\next\dist\client\components\app-router.js|app-pages-br
owser
* javascript/auto|G:\Dev\Proyectos\nextinfaith\node_modules\next\dist\build\webpack\loaders\next-flight-client-module-l
oader.js!G:\Dev\Proyectos\nextinfaith\node_modules\next\dist\build\webpack\loaders\next-swc-loader.js??ruleSet[1].rules
[16].oneOf[6].use[1]!G:\dev\proyectos\nextinfaith\node_modules\next\dist\client\add-base-path.js|app-pages-browser
    Used by 4 module(s), i. e.
    javascript/auto|G:\Dev\Proyectos\nextinfaith\node_modules\next\dist\build\webpack\loaders\next-flight-client-module
-loader.js!G:\Dev\Proyectos\nextinfaith\node_modules\next\dist\build\webpack\loaders\next-swc-loader.js??ruleSet[1].rul
es[16].oneOf[6].use[1]!G:\dev\proyectos\nextinfaith\node_modules\next\dist\client\components\app-router-instance.js|app
-pages-browser

Import trace for requested module:
./node_modules/next/dist/client/add-base-path.js
./node_modules/next/dist/client/components/app-router.js

./node_modules/next/dist/client/app-build-id.js
There are multiple modules with names that only differ in casing.
This can lead to unexpected behavior when compiling on a filesystem with other case-semantic.
Use equal casing. Compare these module identifiers:
* javascript/auto|G:\Dev\Proyectos\nextinfaith\node_modules\next\dist\build\webpack\loaders\next-flight-client-module-l
oader.js!G:\Dev\Proyectos\nextinfaith\node_modules\next\dist\build\webpack\loaders\next-swc-loader.js??ruleSet[1].rules
[16].oneOf[6].use[1]!G:\Dev\Proyectos\nextinfaith\node_modules\next\dist\client\app-build-id.js|app-pages-browser
    Used by 2 module(s), i. e.
    javascript/auto|G:\Dev\Proyectos\nextinfaith\node_modules\next\dist\build\webpack\loaders\next-flight-client-module
-loader.js!G:\Dev\Proyectos\nextinfaith\node_modules\next\dist\build\webpack\loaders\next-swc-loader.js??ruleSet[1].rul
es[16].oneOf[6].use[1]!G:\Dev\Proyectos\nextinfaith\node_modules\next\dist\client\components\router-reducer\fetch-serve
r-response.js|app-pages-browser
* javascript/auto|G:\Dev\Proyectos\nextinfaith\node_modules\next\dist\build\webpack\loaders\next-flight-client-module-l
oader.js!G:\Dev\Proyectos\nextinfaith\node_modules\next\dist\build\webpack\loaders\next-swc-loader.js??ruleSet[1].rules
[16].oneOf[6].use[1]!G:\dev\proyectos\nextinfaith\node_modules\next\dist\client\app-build-id.js|app-pages-browser
    Used by 3 module(s), i. e.
    javascript/auto|G:\Dev\Proyectos\nextinfaith\node_modules\next\dist\build\webpack\loaders\next-flight-client-module
-loader.js!G:\Dev\Proyectos\nextinfaith\node_modules\next\dist\build\webpack\loaders\next-swc-loader.js??ruleSet[1].rul
es[16].oneOf[6].use[1]!G:\dev\proyectos\nextinfaith\node_modules\next\dist\client\app-index.js|app-pages-browser

Import trace for requested module:
./node_modules/next/dist/client/app-build-id.js
./node_modules/next/dist/client/components/router-reducer/fetch-server-response.js
./node_modules/next/dist/client/components/layout-router.js

./node_modules/next/dist/client/app-call-server.js
There are multiple modules with names that only differ in casing.
This can lead to unexpected behavior when compiling on a filesystem with other case-semantic.
Use equal casing. Compare these module identifiers:
* javascript/auto|G:\Dev\Proyectos\nextinfaith\node_modules\next\dist\build\webpack\loaders\next-flight-client-module-l
oader.js!G:\Dev\Proyectos\nextinfaith\node_modules\next\dist\build\webpack\loaders\next-swc-loader.js??ruleSet[1].rules
[16].oneOf[6].use[1]!G:\Dev\Proyectos\nextinfaith\node_modules\next\dist\client\app-call-server.js|app-pages-browser
    Used by 3 module(s), i. e.
    javascript/auto|G:\Dev\Proyectos\nextinfaith\node_modules\next\dist\build\webpack\loaders\next-flight-client-module
-loader.js!G:\Dev\Proyectos\nextinfaith\node_modules\next\dist\build\webpack\loaders\next-swc-loader.js??ruleSet[1].rul
es[16].oneOf[6].use[1]!G:\Dev\Proyectos\nextinfaith\node_modules\next\dist\client\components\router-reducer\fetch-serve
r-response.js|app-pages-browser
* javascript/auto|G:\Dev\Proyectos\nextinfaith\node_modules\next\dist\build\webpack\loaders\next-flight-client-module-l
oader.js!G:\Dev\Proyectos\nextinfaith\node_modules\next\dist\build\webpack\loaders\next-swc-loader.js??ruleSet[1].rules
[16].oneOf[6].use[1]!G:\dev\proyectos\nextinfaith\node_modules\next\dist\client\app-call-server.js|app-pages-browser
    Used by 4 module(s), i. e.
    javascript/auto|G:\Dev\Proyectos\nextinfaith\node_modules\next\dist\build\webpack\loaders\next-flight-client-module
-loader.js!G:\Dev\Proyectos\nextinfaith\node_modules\next\dist\build\webpack\loaders\next-swc-loader.js??ruleSet[1].rul
es[16].oneOf[6].use[1]!G:\dev\proyectos\nextinfaith\node_modules\next\dist\client\app-index.js|app-pages-browser

Import trace for requested module:
./node_modules/next/dist/client/app-call-server.js
./node_modules/next/dist/client/components/router-reducer/fetch-server-response.js
./node_modules/next/dist/client/components/layout-router.js

./node_modules/next/dist/client/app-find-source-map-url.js
There are multiple modules with names that only differ in casing.
This can lead to unexpected behavior when compiling on a filesystem with other case-semantic.
Use equal casing. Compare these module identifiers:
* javascript/auto|G:\Dev\Proyectos\nextinfaith\node_modules\next\dist\build\webpack\loaders\next-flight-client-module-l
oader.js!G:\Dev\Proyectos\nextinfaith\node_modules\next\dist\build\webpack\loaders\next-swc-loader.js??ruleSet[1].rules
[16].oneOf[6].use[1]!G:\Dev\Proyectos\nextinfaith\node_modules\next\dist\client\app-find-source-map-url.js|app-pages-br
owser
    Used by 3 module(s), i. e.
    javascript/auto|G:\Dev\Proyectos\nextinfaith\node_modules\next\dist\build\webpack\loaders\next-flight-client-module
-loader.js!G:\Dev\Proyectos\nextinfaith\node_modules\next\dist\build\webpack\loaders\next-swc-loader.js??ruleSet[1].rul
es[16].oneOf[6].use[1]!G:\Dev\Proyectos\nextinfaith\node_modules\next\dist\client\components\router-reducer\fetch-serve
r-response.js|app-pages-browser
* javascript/auto|G:\Dev\Proyectos\nextinfaith\node_modules\next\dist\build\webpack\loaders\next-flight-client-module-l
oader.js!G:\Dev\Proyectos\nextinfaith\node_modules\next\dist\build\webpack\loaders\next-swc-loader.js??ruleSet[1].rules
[16].oneOf[6].use[1]!G:\dev\proyectos\nextinfaith\node_modules\next\dist\client\app-find-source-map-url.js|app-pages-br
owser
    Used by 4 module(s), i. e.
    javascript/auto|G:\Dev\Proyectos\nextinfaith\node_modules\next\dist\build\webpack\loaders\next-flight-client-module
-loader.js!G:\Dev\Proyectos\nextinfaith\node_modules\next\dist\build\webpack\loaders\next-swc-loader.js??ruleSet[1].rul
es[16].oneOf[6].use[1]!G:\dev\proyectos\nextinfaith\node_modules\next\dist\client\app-index.js|app-pages-browser

Import trace for requested module:
./node_modules/next/dist/client/app-find-source-map-url.js
./node_modules/next/dist/client/components/router-reducer/fetch-server-response.js
./node_modules/next/dist/client/components/layout-router.js

./node_modules/next/dist/client/assign-location.js
There are multiple modules with names that only differ in casing.
This can lead to unexpected behavior when compiling on a filesystem with other case-semantic.
Use equal casing. Compare these module identifiers:
* javascript/auto|G:\Dev\Proyectos\nextinfaith\node_modules\next\dist\build\webpack\loaders\next-flight-client-module-l
oader.js!G:\Dev\Proyectos\nextinfaith\node_modules\next\dist\build\webpack\loaders\next-swc-loader.js??ruleSet[1].rules
[16].oneOf[6].use[1]!G:\Dev\Proyectos\nextinfaith\node_modules\next\dist\client\assign-location.js|app-pages-browser
    Used by 2 module(s), i. e.
    javascript/auto|G:\Dev\Proyectos\nextinfaith\node_modules\next\dist\build\webpack\loaders\next-flight-client-module
-loader.js!G:\Dev\Proyectos\nextinfaith\node_modules\next\dist\build\webpack\loaders\next-swc-loader.js??ruleSet[1].rul
es[16].oneOf[6].use[1]!G:\Dev\Proyectos\nextinfaith\node_modules\next\dist\client\components\router-reducer\reducers\se
rver-action-reducer.js|app-pages-browser
* javascript/auto|G:\Dev\Proyectos\nextinfaith\node_modules\next\dist\build\webpack\loaders\next-flight-client-module-l
oader.js!G:\Dev\Proyectos\nextinfaith\node_modules\next\dist\build\webpack\loaders\next-swc-loader.js??ruleSet[1].rules
[16].oneOf[6].use[1]!G:\dev\proyectos\nextinfaith\node_modules\next\dist\client\assign-location.js|app-pages-browser
    Used by 2 module(s), i. e.
    javascript/auto|G:\Dev\Proyectos\nextinfaith\node_modules\next\dist\build\webpack\loaders\next-flight-client-module
-loader.js!G:\Dev\Proyectos\nextinfaith\node_modules\next\dist\build\webpack\loaders\next-swc-loader.js??ruleSet[1].rul
es[16].oneOf[6].use[1]!G:\dev\proyectos\nextinfaith\node_modules\next\dist\client\components\router-reducer\reducers\se
rver-action-reducer.js|app-pages-browser

Import trace for requested module:
./node_modules/next/dist/client/assign-location.js
./node_modules/next/dist/client/components/router-reducer/reducers/server-action-reducer.js
./node_modules/next/dist/client/components/router-reducer/router-reducer.js
./node_modules/next/dist/client/components/app-router-instance.js
./node_modules/next/dist/client/components/app-router.js

./node_modules/next/dist/client/components/app-router-announcer.js
There are multiple modules with names that only differ in casing.
This can lead to unexpected behavior when compiling on a filesystem with other case-semantic.
Use equal casing. Compare these module identifiers:
* javascript/auto|G:\Dev\Proyectos\nextinfaith\node_modules\next\dist\build\webpack\loaders\next-flight-client-module-l
oader.js!G:\Dev\Proyectos\nextinfaith\node_modules\next\dist\build\webpack\loaders\next-swc-loader.js??ruleSet[1].rules
[16].oneOf[6].use[1]!G:\Dev\Proyectos\nextinfaith\node_modules\next\dist\client\components\app-router-announcer.js|app-
pages-browser
    Used by 2 module(s), i. e.
    javascript/auto|G:\Dev\Proyectos\nextinfaith\node_modules\next\dist\build\webpack\loaders\next-flight-client-module
-loader.js!G:\Dev\Proyectos\nextinfaith\node_modules\next\dist\build\webpack\loaders\next-swc-loader.js??ruleSet[1].rul
es[16].oneOf[6].use[1]!G:\Dev\Proyectos\nextinfaith\node_modules\next\dist\client\components\app-router.js|app-pages-br
owser
* javascript/auto|G:\Dev\Proyectos\nextinfaith\node_modules\next\dist\build\webpack\loaders\next-flight-client-module-l
oader.js!G:\Dev\Proyectos\nextinfaith\node_modules\next\dist\build\webpack\loaders\next-swc-loader.js??ruleSet[1].rules
[16].oneOf[6].use[1]!G:\dev\proyectos\nextinfaith\node_modules\next\dist\client\components\app-router-announcer.js|app-
pages-browser
    Used by 2 module(s), i. e.
    javascript/auto|G:\Dev\Proyectos\nextinfaith\node_modules\next\dist\build\webpack\loaders\next-flight-client-module
-loader.js!G:\Dev\Proyectos\nextinfaith\node_modules\next\dist\build\webpack\loaders\next-swc-loader.js??ruleSet[1].rul
es[16].oneOf[6].use[1]!G:\dev\proyectos\nextinfaith\node_modules\next\dist\client\components\app-router.js|app-pages-br
owser

Import trace for requested module:
./node_modules/next/dist/client/components/app-router-announcer.js
./node_modules/next/dist/client/components/app-router.js

./node_modules/next/dist/client/components/app-router-headers.js
There are multiple modules with names that only differ in casing.
This can lead to unexpected behavior when compiling on a filesystem with other case-semantic.
Use equal casing. Compare these module identifiers:
* javascript/auto|G:\Dev\Proyectos\nextinfaith\node_modules\next\dist\build\webpack\loaders\next-flight-client-module-l
oader.js!G:\Dev\Proyectos\nextinfaith\node_modules\next\dist\build\webpack\loaders\next-swc-loader.js??ruleSet[1].rules
[16].oneOf[6].use[1]!G:\Dev\Proyectos\nextinfaith\node_modules\next\dist\client\components\app-router-headers.js|app-pa
ges-browser
    Used by 5 module(s), i. e.
    javascript/auto|G:\Dev\Proyectos\nextinfaith\node_modules\next\dist\build\webpack\loaders\next-flight-client-module
-loader.js!G:\Dev\Proyectos\nextinfaith\node_modules\next\dist\build\webpack\loaders\next-swc-loader.js??ruleSet[1].rul
es[16].oneOf[6].use[1]!G:\Dev\Proyectos\nextinfaith\node_modules\next\dist\client\components\router-reducer\fetch-serve
r-response.js|app-pages-browser
* javascript/auto|G:\Dev\Proyectos\nextinfaith\node_modules\next\dist\build\webpack\loaders\next-flight-client-module-l
oader.js!G:\Dev\Proyectos\nextinfaith\node_modules\next\dist\build\webpack\loaders\next-swc-loader.js??ruleSet[1].rules
[16].oneOf[6].use[1]!G:\dev\proyectos\nextinfaith\node_modules\next\dist\client\components\app-router-headers.js|app-pa
ges-browser
    Used by 5 module(s), i. e.
    javascript/auto|G:\Dev\Proyectos\nextinfaith\node_modules\next\dist\build\webpack\loaders\next-flight-client-module
-loader.js!G:\Dev\Proyectos\nextinfaith\node_modules\next\dist\build\webpack\loaders\next-swc-loader.js??ruleSet[1].rul
es[16].oneOf[6].use[1]!G:\dev\proyectos\nextinfaith\node_modules\next\dist\client\components\router-reducer\reducers\se
rver-action-reducer.js|app-pages-browser

Import trace for requested module:
./node_modules/next/dist/client/components/app-router-headers.js
./node_modules/next/dist/client/components/router-reducer/fetch-server-response.js
./node_modules/next/dist/client/components/layout-router.js

./node_modules/next/dist/client/components/app-router-instance.js
There are multiple modules with names that only differ in casing.
This can lead to unexpected behavior when compiling on a filesystem with other case-semantic.
Use equal casing. Compare these module identifiers:
* javascript/auto|G:\Dev\Proyectos\nextinfaith\node_modules\next\dist\build\webpack\loaders\next-flight-client-module-l
oader.js!G:\Dev\Proyectos\nextinfaith\node_modules\next\dist\build\webpack\loaders\next-swc-loader.js??ruleSet[1].rules
[16].oneOf[6].use[1]!G:\Dev\Proyectos\nextinfaith\node_modules\next\dist\client\components\app-router-instance.js|app-p
ages-browser
    Used by 4 module(s), i. e.
    javascript/auto|G:\Dev\Proyectos\nextinfaith\node_modules\next\dist\build\webpack\loaders\next-flight-client-module
-loader.js!G:\Dev\Proyectos\nextinfaith\node_modules\next\dist\build\webpack\loaders\next-swc-loader.js??ruleSet[1].rul
es[16].oneOf[6].use[1]!G:\Dev\Proyectos\nextinfaith\node_modules\next\dist\client\components\app-router.js|app-pages-br
owser
* javascript/auto|G:\Dev\Proyectos\nextinfaith\node_modules\next\dist\build\webpack\loaders\next-flight-client-module-l
oader.js!G:\Dev\Proyectos\nextinfaith\node_modules\next\dist\build\webpack\loaders\next-swc-loader.js??ruleSet[1].rules
[16].oneOf[6].use[1]!G:\dev\proyectos\nextinfaith\node_modules\next\dist\client\components\app-router-instance.js|app-p
ages-browser
    Used by 4 module(s), i. e.
    javascript/auto|G:\Dev\Proyectos\nextinfaith\node_modules\next\dist\build\webpack\loaders\next-flight-client-module
-loader.js!G:\Dev\Proyectos\nextinfaith\node_modules\next\dist\build\webpack\loaders\next-swc-loader.js??ruleSet[1].rul
es[16].oneOf[6].use[1]!G:\dev\proyectos\nextinfaith\node_modules\next\dist\client\app-index.js|app-pages-browser

Import trace for requested module:
./node_modules/next/dist/client/components/app-router-instance.js
./node_modules/next/dist/client/components/app-router.js

./node_modules/next/dist/client/components/app-router.js
There are multiple modules with names that only differ in casing.
This can lead to unexpected behavior when compiling on a filesystem with other case-semantic.
Use equal casing. Compare these module identifiers:
* javascript/auto|G:\Dev\Proyectos\nextinfaith\node_modules\next\dist\build\webpack\loaders\next-flight-client-module-l
oader.js!G:\Dev\Proyectos\nextinfaith\node_modules\next\dist\build\webpack\loaders\next-swc-loader.js??ruleSet[1].rules
[16].oneOf[6].use[1]!G:\Dev\Proyectos\nextinfaith\node_modules\next\dist\client\components\app-router.js|app-pages-brow
ser
    Used by 10 module(s), i. e.
    javascript/auto|G:\Dev\Proyectos\nextinfaith\node_modules\next\dist\build\webpack\loaders\next-flight-client-module
-loader.js!G:\Dev\Proyectos\nextinfaith\node_modules\next\dist\build\webpack\loaders\next-swc-loader.js??ruleSet[1].rul
es[16].oneOf[6].use[1]!G:\dev\proyectos\nextinfaith\node_modules\next\dist\client\app-next.js|app-pages-browser
* javascript/auto|G:\Dev\Proyectos\nextinfaith\node_modules\next\dist\build\webpack\loaders\next-flight-client-module-l
oader.js!G:\Dev\Proyectos\nextinfaith\node_modules\next\dist\build\webpack\loaders\next-swc-loader.js??ruleSet[1].rules
[16].oneOf[6].use[1]!G:\dev\proyectos\nextinfaith\node_modules\next\dist\client\components\app-router.js|app-pages-brow
ser
    Used by 10 module(s), i. e.
    javascript/auto|G:\Dev\Proyectos\nextinfaith\node_modules\next\dist\build\webpack\loaders\next-flight-client-module
-loader.js!G:\Dev\Proyectos\nextinfaith\node_modules\next\dist\build\webpack\loaders\next-swc-loader.js??ruleSet[1].rul
es[16].oneOf[6].use[1]!G:\dev\proyectos\nextinfaith\node_modules\next\dist\client\app-index.js|app-pages-browser

Import trace for requested module:
./node_modules/next/dist/client/components/app-router.js

./node_modules/next/dist/client/components/builtin/global-error.js
There are multiple modules with names that only differ in casing.
This can lead to unexpected behavior when compiling on a filesystem with other case-semantic.
Use equal casing. Compare these module identifiers:
* javascript/auto|G:\Dev\Proyectos\nextinfaith\node_modules\next\dist\build\webpack\loaders\next-flight-client-module-l
oader.js!G:\Dev\Proyectos\nextinfaith\node_modules\next\dist\build\webpack\loaders\next-swc-loader.js??ruleSet[1].rules
[16].oneOf[6].use[1]!G:\Dev\Proyectos\nextinfaith\node_modules\next\dist\client\components\builtin\global-error.js|app-
pages-browser
    Used by 2 module(s), i. e.
    javascript/auto|G:\Dev\Proyectos\nextinfaith\node_modules\next\dist\build\webpack\loaders\next-flight-client-module
-loader.js!G:\Dev\Proyectos\nextinfaith\node_modules\next\dist\build\webpack\loaders\next-swc-loader.js??ruleSet[1].rul
es[16].oneOf[6].use[1]!G:\Dev\Proyectos\nextinfaith\node_modules\next\dist\client\components\app-router.js|app-pages-br
owser
* javascript/auto|G:\Dev\Proyectos\nextinfaith\node_modules\next\dist\build\webpack\loaders\next-flight-client-module-l
oader.js!G:\Dev\Proyectos\nextinfaith\node_modules\next\dist\build\webpack\loaders\next-swc-loader.js??ruleSet[1].rules
[16].oneOf[6].use[1]!G:\dev\proyectos\nextinfaith\node_modules\next\dist\client\components\builtin\global-error.js|app-
pages-browser
    Used by 3 module(s), i. e.
    javascript/auto|G:\Dev\Proyectos\nextinfaith\node_modules\next\dist\build\webpack\loaders\next-flight-client-module
-loader.js!G:\Dev\Proyectos\nextinfaith\node_modules\next\dist\build\webpack\loaders\next-swc-loader.js??ruleSet[1].rul
es[16].oneOf[6].use[1]!G:\dev\proyectos\nextinfaith\node_modules\next\dist\client\react-client-callbacks\error-boundary
-callbacks.js|app-pages-browser

Import trace for requested module:
./node_modules/next/dist/client/components/builtin/global-error.js
./node_modules/next/dist/client/components/app-router.js

./node_modules/next/dist/client/components/error-boundary.js
There are multiple modules with names that only differ in casing.
This can lead to unexpected behavior when compiling on a filesystem with other case-semantic.
Use equal casing. Compare these module identifiers:
* javascript/auto|G:\Dev\Proyectos\nextinfaith\node_modules\next\dist\build\webpack\loaders\next-flight-client-module-l
oader.js!G:\Dev\Proyectos\nextinfaith\node_modules\next\dist\build\webpack\loaders\next-swc-loader.js??ruleSet[1].rules
[16].oneOf[6].use[1]!G:\Dev\Proyectos\nextinfaith\node_modules\next\dist\client\components\error-boundary.js|app-pages-
browser
    Used by 3 module(s), i. e.
    javascript/auto|G:\Dev\Proyectos\nextinfaith\node_modules\next\dist\build\webpack\loaders\next-flight-client-module
-loader.js!G:\Dev\Proyectos\nextinfaith\node_modules\next\dist\build\webpack\loaders\next-swc-loader.js??ruleSet[1].rul
es[16].oneOf[6].use[1]!G:\Dev\Proyectos\nextinfaith\node_modules\next\dist\client\components\layout-router.js|app-pages
-browser
* javascript/auto|G:\Dev\Proyectos\nextinfaith\node_modules\next\dist\build\webpack\loaders\next-flight-client-module-l
oader.js!G:\Dev\Proyectos\nextinfaith\node_modules\next\dist\build\webpack\loaders\next-swc-loader.js??ruleSet[1].rules
[16].oneOf[6].use[1]!G:\dev\proyectos\nextinfaith\node_modules\next\dist\client\components\error-boundary.js|app-pages-
browser
    Used by 3 module(s), i. e.
    javascript/auto|G:\Dev\Proyectos\nextinfaith\node_modules\next\dist\build\webpack\loaders\next-flight-client-module
-loader.js!G:\Dev\Proyectos\nextinfaith\node_modules\next\dist\build\webpack\loaders\next-swc-loader.js??ruleSet[1].rul
es[16].oneOf[6].use[1]!G:\dev\proyectos\nextinfaith\node_modules\next\dist\client\react-client-callbacks\error-boundary
-callbacks.js|app-pages-browser

Import trace for requested module:
./node_modules/next/dist/client/components/error-boundary.js
./node_modules/next/dist/client/components/layout-router.js

./node_modules/next/dist/client/components/errors/graceful-degrade-boundary.js
There are multiple modules with names that only differ in casing.
This can lead to unexpected behavior when compiling on a filesystem with other case-semantic.
Use equal casing. Compare these module identifiers:
* javascript/auto|G:\Dev\Proyectos\nextinfaith\node_modules\next\dist\build\webpack\loaders\next-flight-client-module-l
oader.js!G:\Dev\Proyectos\nextinfaith\node_modules\next\dist\build\webpack\loaders\next-swc-loader.js??ruleSet[1].rules
[16].oneOf[6].use[1]!G:\Dev\Proyectos\nextinfaith\node_modules\next\dist\client\components\errors\graceful-degrade-boun
dary.js|app-pages-browser
    Used by 2 module(s), i. e.
    javascript/auto|G:\Dev\Proyectos\nextinfaith\node_modules\next\dist\build\webpack\loaders\next-flight-client-module
-loader.js!G:\Dev\Proyectos\nextinfaith\node_modules\next\dist\build\webpack\loaders\next-swc-loader.js??ruleSet[1].rul
es[16].oneOf[6].use[1]!G:\Dev\Proyectos\nextinfaith\node_modules\next\dist\client\components\errors\root-error-boundary
.js|app-pages-browser
* javascript/auto|G:\Dev\Proyectos\nextinfaith\node_modules\next\dist\build\webpack\loaders\next-flight-client-module-l
oader.js!G:\Dev\Proyectos\nextinfaith\node_modules\next\dist\build\webpack\loaders\next-swc-loader.js??ruleSet[1].rules
[16].oneOf[6].use[1]!G:\dev\proyectos\nextinfaith\node_modules\next\dist\client\components\errors\graceful-degrade-boun
dary.js|app-pages-browser
    Used by 2 module(s), i. e.
    javascript/auto|G:\Dev\Proyectos\nextinfaith\node_modules\next\dist\build\webpack\loaders\next-flight-client-module
-loader.js!G:\Dev\Proyectos\nextinfaith\node_modules\next\dist\build\webpack\loaders\next-swc-loader.js??ruleSet[1].rul
es[16].oneOf[6].use[1]!G:\dev\proyectos\nextinfaith\node_modules\next\dist\client\components\errors\root-error-boundary
.js|app-pages-browser

Import trace for requested module:
./node_modules/next/dist/client/components/errors/graceful-degrade-boundary.js
./node_modules/next/dist/client/components/errors/root-error-boundary.js
./node_modules/next/dist/client/components/app-router.js

./node_modules/next/dist/client/components/errors/root-error-boundary.js
There are multiple modules with names that only differ in casing.
This can lead to unexpected behavior when compiling on a filesystem with other case-semantic.
Use equal casing. Compare these module identifiers:
* javascript/auto|G:\Dev\Proyectos\nextinfaith\node_modules\next\dist\build\webpack\loaders\next-flight-client-module-l
oader.js!G:\Dev\Proyectos\nextinfaith\node_modules\next\dist\build\webpack\loaders\next-swc-loader.js??ruleSet[1].rules
[16].oneOf[6].use[1]!G:\Dev\Proyectos\nextinfaith\node_modules\next\dist\client\components\errors\root-error-boundary.j
s|app-pages-browser
    Used by 2 module(s), i. e.
    javascript/auto|G:\Dev\Proyectos\nextinfaith\node_modules\next\dist\build\webpack\loaders\next-flight-client-module
-loader.js!G:\Dev\Proyectos\nextinfaith\node_modules\next\dist\build\webpack\loaders\next-swc-loader.js??ruleSet[1].rul
es[16].oneOf[6].use[1]!G:\Dev\Proyectos\nextinfaith\node_modules\next\dist\client\components\app-router.js|app-pages-br
owser
* javascript/auto|G:\Dev\Proyectos\nextinfaith\node_modules\next\dist\build\webpack\loaders\next-flight-client-module-l
oader.js!G:\Dev\Proyectos\nextinfaith\node_modules\next\dist\build\webpack\loaders\next-swc-loader.js??ruleSet[1].rules
[16].oneOf[6].use[1]!G:\dev\proyectos\nextinfaith\node_modules\next\dist\client\components\errors\root-error-boundary.j
s|app-pages-browser
    Used by 2 module(s), i. e.
    javascript/auto|G:\Dev\Proyectos\nextinfaith\node_modules\next\dist\build\webpack\loaders\next-flight-client-module
-loader.js!G:\Dev\Proyectos\nextinfaith\node_modules\next\dist\build\webpack\loaders\next-swc-loader.js??ruleSet[1].rul
es[16].oneOf[6].use[1]!G:\dev\proyectos\nextinfaith\node_modules\next\dist\client\components\app-router.js|app-pages-br
owser

Import trace for requested module:
./node_modules/next/dist/client/components/errors/root-error-boundary.js
./node_modules/next/dist/client/components/app-router.js

./node_modules/next/dist/client/components/forbidden.js
There are multiple modules with names that only differ in casing.
This can lead to unexpected behavior when compiling on a filesystem with other case-semantic.
Use equal casing. Compare these module identifiers:
* javascript/auto|G:\Dev\Proyectos\nextinfaith\node_modules\next\dist\build\webpack\loaders\next-flight-client-module-l
oader.js!G:\Dev\Proyectos\nextinfaith\node_modules\next\dist\build\webpack\loaders\next-swc-loader.js??ruleSet[1].rules
[16].oneOf[6].use[1]!G:\Dev\Proyectos\nextinfaith\node_modules\next\dist\client\components\forbidden.js|app-pages-brows
er
    Used by 2 module(s), i. e.
    javascript/auto|G:\Dev\Proyectos\nextinfaith\node_modules\next\dist\build\webpack\loaders\next-flight-client-module
-loader.js!G:\Dev\Proyectos\nextinfaith\node_modules\next\dist\build\webpack\loaders\next-swc-loader.js??ruleSet[1].rul
es[16].oneOf[6].use[1]!G:\Dev\Proyectos\nextinfaith\node_modules\next\dist\client\components\navigation.react-server.js
|app-pages-browser
* javascript/auto|G:\Dev\Proyectos\nextinfaith\node_modules\next\dist\build\webpack\loaders\next-flight-client-module-l
oader.js!G:\Dev\Proyectos\nextinfaith\node_modules\next\dist\build\webpack\loaders\next-swc-loader.js??ruleSet[1].rules
[16].oneOf[6].use[1]!G:\dev\proyectos\nextinfaith\node_modules\next\dist\client\components\forbidden.js|app-pages-brows
er
    Used by 2 module(s), i. e.
    javascript/auto|G:\Dev\Proyectos\nextinfaith\node_modules\next\dist\build\webpack\loaders\next-flight-client-module
-loader.js!G:\Dev\Proyectos\nextinfaith\node_modules\next\dist\build\webpack\loaders\next-swc-loader.js??ruleSet[1].rul
es[16].oneOf[6].use[1]!G:\dev\proyectos\nextinfaith\node_modules\next\dist\client\components\navigation.react-server.js
|app-pages-browser

Import trace for requested module:
./node_modules/next/dist/client/components/forbidden.js
./node_modules/next/dist/client/components/navigation.react-server.js
./node_modules/next/dist/client/components/navigation.js
./node_modules/next/dist/api/navigation.js
./app/components/NavBar.tsx

./node_modules/next/dist/client/components/handle-isr-error.js
There are multiple modules with names that only differ in casing.
This can lead to unexpected behavior when compiling on a filesystem with other case-semantic.
Use equal casing. Compare these module identifiers:
* javascript/auto|G:\Dev\Proyectos\nextinfaith\node_modules\next\dist\build\webpack\loaders\next-flight-client-module-l
oader.js!G:\Dev\Proyectos\nextinfaith\node_modules\next\dist\build\webpack\loaders\next-swc-loader.js??ruleSet[1].rules
[16].oneOf[6].use[1]!G:\Dev\Proyectos\nextinfaith\node_modules\next\dist\client\components\handle-isr-error.js|app-page
s-browser
    Used by 3 module(s), i. e.
    javascript/auto|G:\Dev\Proyectos\nextinfaith\node_modules\next\dist\build\webpack\loaders\next-flight-client-module
-loader.js!G:\Dev\Proyectos\nextinfaith\node_modules\next\dist\build\webpack\loaders\next-swc-loader.js??ruleSet[1].rul
es[16].oneOf[6].use[1]!G:\Dev\Proyectos\nextinfaith\node_modules\next\dist\client\components\builtin\global-error.js|ap
p-pages-browser
* javascript/auto|G:\Dev\Proyectos\nextinfaith\node_modules\next\dist\build\webpack\loaders\next-flight-client-module-l
oader.js!G:\Dev\Proyectos\nextinfaith\node_modules\next\dist\build\webpack\loaders\next-swc-loader.js??ruleSet[1].rules
[16].oneOf[6].use[1]!G:\dev\proyectos\nextinfaith\node_modules\next\dist\client\components\handle-isr-error.js|app-page
s-browser
    Used by 3 module(s), i. e.
    javascript/auto|G:\Dev\Proyectos\nextinfaith\node_modules\next\dist\build\webpack\loaders\next-flight-client-module
-loader.js!G:\Dev\Proyectos\nextinfaith\node_modules\next\dist\build\webpack\loaders\next-swc-loader.js??ruleSet[1].rul
es[16].oneOf[6].use[1]!G:\dev\proyectos\nextinfaith\node_modules\next\dist\client\components\error-boundary.js|app-page
s-browser

Import trace for requested module:
./node_modules/next/dist/client/components/handle-isr-error.js
./node_modules/next/dist/client/components/builtin/global-error.js
./node_modules/next/dist/client/components/app-router.js

./node_modules/next/dist/client/components/http-access-fallback/http-access-fallback.js
There are multiple modules with names that only differ in casing.
This can lead to unexpected behavior when compiling on a filesystem with other case-semantic.
Use equal casing. Compare these module identifiers:
* javascript/auto|G:\Dev\Proyectos\nextinfaith\node_modules\next\dist\build\webpack\loaders\next-flight-client-module-l
oader.js!G:\Dev\Proyectos\nextinfaith\node_modules\next\dist\build\webpack\loaders\next-swc-loader.js??ruleSet[1].rules
[16].oneOf[6].use[1]!G:\Dev\Proyectos\nextinfaith\node_modules\next\dist\client\components\http-access-fallback\http-ac
cess-fallback.js|app-pages-browser
    Used by 6 module(s), i. e.
    javascript/auto|G:\Dev\Proyectos\nextinfaith\node_modules\next\dist\build\webpack\loaders\next-flight-client-module
-loader.js!G:\Dev\Proyectos\nextinfaith\node_modules\next\dist\build\webpack\loaders\next-swc-loader.js??ruleSet[1].rul
es[16].oneOf[6].use[1]!G:\Dev\Proyectos\nextinfaith\node_modules\next\dist\client\components\http-access-fallback\error
-boundary.js|app-pages-browser
* javascript/auto|G:\Dev\Proyectos\nextinfaith\node_modules\next\dist\build\webpack\loaders\next-flight-client-module-l
oader.js!G:\Dev\Proyectos\nextinfaith\node_modules\next\dist\build\webpack\loaders\next-swc-loader.js??ruleSet[1].rules
[16].oneOf[6].use[1]!G:\dev\proyectos\nextinfaith\node_modules\next\dist\client\components\http-access-fallback\http-ac
cess-fallback.js|app-pages-browser
    Used by 5 module(s), i. e.
    javascript/auto|G:\Dev\Proyectos\nextinfaith\node_modules\next\dist\build\webpack\loaders\next-flight-client-module
-loader.js!G:\Dev\Proyectos\nextinfaith\node_modules\next\dist\build\webpack\loaders\next-swc-loader.js??ruleSet[1].rul
es[16].oneOf[6].use[1]!G:\dev\proyectos\nextinfaith\node_modules\next\dist\client\components\is-next-router-error.js|ap
p-pages-browser

Import trace for requested module:
./node_modules/next/dist/client/components/http-access-fallback/http-access-fallback.js
./node_modules/next/dist/client/components/http-access-fallback/error-boundary.js

./node_modules/next/dist/client/components/is-next-router-error.js
There are multiple modules with names that only differ in casing.
This can lead to unexpected behavior when compiling on a filesystem with other case-semantic.
Use equal casing. Compare these module identifiers:
* javascript/auto|G:\Dev\Proyectos\nextinfaith\node_modules\next\dist\build\webpack\loaders\next-flight-client-module-l
oader.js!G:\Dev\Proyectos\nextinfaith\node_modules\next\dist\build\webpack\loaders\next-swc-loader.js??ruleSet[1].rules
[16].oneOf[6].use[1]!G:\Dev\Proyectos\nextinfaith\node_modules\next\dist\client\components\is-next-router-error.js|app-
pages-browser
    Used by 3 module(s), i. e.
    javascript/auto|G:\Dev\Proyectos\nextinfaith\node_modules\next\dist\build\webpack\loaders\next-flight-client-module
-loader.js!G:\Dev\Proyectos\nextinfaith\node_modules\next\dist\build\webpack\loaders\next-swc-loader.js??ruleSet[1].rul
es[16].oneOf[6].use[1]!G:\Dev\Proyectos\nextinfaith\node_modules\next\dist\client\components\error-boundary.js|app-page
s-browser
* javascript/auto|G:\Dev\Proyectos\nextinfaith\node_modules\next\dist\build\webpack\loaders\next-flight-client-module-l
oader.js!G:\Dev\Proyectos\nextinfaith\node_modules\next\dist\build\webpack\loaders\next-swc-loader.js??ruleSet[1].rules
[16].oneOf[6].use[1]!G:\dev\proyectos\nextinfaith\node_modules\next\dist\client\components\is-next-router-error.js|app-
pages-browser
    Used by 5 module(s), i. e.
    javascript/auto|G:\Dev\Proyectos\nextinfaith\node_modules\next\dist\build\webpack\loaders\next-flight-client-module
-loader.js!G:\Dev\Proyectos\nextinfaith\node_modules\next\dist\build\webpack\loaders\next-swc-loader.js??ruleSet[1].rul
es[16].oneOf[6].use[1]!G:\dev\proyectos\nextinfaith\node_modules\next\dist\client\react-client-callbacks\error-boundary
-callbacks.js|app-pages-browser

Import trace for requested module:
./node_modules/next/dist/client/components/is-next-router-error.js
./node_modules/next/dist/client/components/error-boundary.js
./node_modules/next/dist/client/components/layout-router.js

./node_modules/next/dist/client/components/links.js
There are multiple modules with names that only differ in casing.
This can lead to unexpected behavior when compiling on a filesystem with other case-semantic.
Use equal casing. Compare these module identifiers:
* javascript/auto|G:\Dev\Proyectos\nextinfaith\node_modules\next\dist\build\webpack\loaders\next-flight-client-module-l
oader.js!G:\Dev\Proyectos\nextinfaith\node_modules\next\dist\build\webpack\loaders\next-swc-loader.js??ruleSet[1].rules
[16].oneOf[6].use[1]!G:\Dev\Proyectos\nextinfaith\node_modules\next\dist\client\components\links.js|app-pages-browser
    Used by 4 module(s), i. e.
    javascript/auto|G:\Dev\Proyectos\nextinfaith\node_modules\next\dist\build\webpack\loaders\next-flight-client-module
-loader.js!G:\Dev\Proyectos\nextinfaith\node_modules\next\dist\build\webpack\loaders\next-swc-loader.js??ruleSet[1].rul
es[16].oneOf[6].use[1]!G:\Dev\Proyectos\nextinfaith\node_modules\next\dist\client\components\app-router.js|app-pages-br
owser
* javascript/auto|G:\Dev\Proyectos\nextinfaith\node_modules\next\dist\build\webpack\loaders\next-flight-client-module-l
oader.js!G:\Dev\Proyectos\nextinfaith\node_modules\next\dist\build\webpack\loaders\next-swc-loader.js??ruleSet[1].rules
[16].oneOf[6].use[1]!G:\dev\proyectos\nextinfaith\node_modules\next\dist\client\components\links.js|app-pages-browser
    Used by 3 module(s), i. e.
    javascript/auto|G:\Dev\Proyectos\nextinfaith\node_modules\next\dist\build\webpack\loaders\next-flight-client-module
-loader.js!G:\Dev\Proyectos\nextinfaith\node_modules\next\dist\build\webpack\loaders\next-swc-loader.js??ruleSet[1].rul
es[16].oneOf[6].use[1]!G:\dev\proyectos\nextinfaith\node_modules\next\dist\client\components\app-router-instance.js|app
-pages-browser

Import trace for requested module:
./node_modules/next/dist/client/components/links.js
./node_modules/next/dist/client/components/app-router.js

./node_modules/next/dist/client/components/match-segments.js
There are multiple modules with names that only differ in casing.
This can lead to unexpected behavior when compiling on a filesystem with other case-semantic.
Use equal casing. Compare these module identifiers:
* javascript/auto|G:\Dev\Proyectos\nextinfaith\node_modules\next\dist\build\webpack\loaders\next-flight-client-module-l
oader.js!G:\Dev\Proyectos\nextinfaith\node_modules\next\dist\build\webpack\loaders\next-swc-loader.js??ruleSet[1].rules
[16].oneOf[6].use[1]!G:\Dev\Proyectos\nextinfaith\node_modules\next\dist\client\components\match-segments.js|app-pages-
browser
    Used by 6 module(s), i. e.
    javascript/auto|G:\Dev\Proyectos\nextinfaith\node_modules\next\dist\build\webpack\loaders\next-flight-client-module
-loader.js!G:\Dev\Proyectos\nextinfaith\node_modules\next\dist\build\webpack\loaders\next-swc-loader.js??ruleSet[1].rul
es[16].oneOf[6].use[1]!G:\Dev\Proyectos\nextinfaith\node_modules\next\dist\client\components\layout-router.js|app-pages
-browser
* javascript/auto|G:\Dev\Proyectos\nextinfaith\node_modules\next\dist\build\webpack\loaders\next-flight-client-module-l
oader.js!G:\Dev\Proyectos\nextinfaith\node_modules\next\dist\build\webpack\loaders\next-swc-loader.js??ruleSet[1].rules
[16].oneOf[6].use[1]!G:\dev\proyectos\nextinfaith\node_modules\next\dist\client\components\match-segments.js|app-pages-
browser
    Used by 5 module(s), i. e.
    javascript/auto|G:\Dev\Proyectos\nextinfaith\node_modules\next\dist\build\webpack\loaders\next-flight-client-module
-loader.js!G:\Dev\Proyectos\nextinfaith\node_modules\next\dist\build\webpack\loaders\next-swc-loader.js??ruleSet[1].rul
es[16].oneOf[6].use[1]!G:\dev\proyectos\nextinfaith\node_modules\next\dist\client\components\router-reducer\compute-cha
nged-path.js|app-pages-browser

Import trace for requested module:
./node_modules/next/dist/client/components/match-segments.js
./node_modules/next/dist/client/components/layout-router.js

./node_modules/next/dist/client/components/nav-failure-handler.js
There are multiple modules with names that only differ in casing.
This can lead to unexpected behavior when compiling on a filesystem with other case-semantic.
Use equal casing. Compare these module identifiers:
* javascript/auto|G:\Dev\Proyectos\nextinfaith\node_modules\next\dist\build\webpack\loaders\next-flight-client-module-l
oader.js!G:\Dev\Proyectos\nextinfaith\node_modules\next\dist\build\webpack\loaders\next-swc-loader.js??ruleSet[1].rules
[16].oneOf[6].use[1]!G:\Dev\Proyectos\nextinfaith\node_modules\next\dist\client\components\nav-failure-handler.js|app-p
ages-browser
    Used by 3 module(s), i. e.
    javascript/auto|G:\Dev\Proyectos\nextinfaith\node_modules\next\dist\build\webpack\loaders\next-flight-client-module
-loader.js!G:\Dev\Proyectos\nextinfaith\node_modules\next\dist\build\webpack\loaders\next-swc-loader.js??ruleSet[1].rul
es[16].oneOf[6].use[1]!G:\Dev\Proyectos\nextinfaith\node_modules\next\dist\client\components\app-router.js|app-pages-br
owser
* javascript/auto|G:\Dev\Proyectos\nextinfaith\node_modules\next\dist\build\webpack\loaders\next-flight-client-module-l
oader.js!G:\Dev\Proyectos\nextinfaith\node_modules\next\dist\build\webpack\loaders\next-swc-loader.js??ruleSet[1].rules
[16].oneOf[6].use[1]!G:\dev\proyectos\nextinfaith\node_modules\next\dist\client\components\nav-failure-handler.js|app-p
ages-browser
    Used by 3 module(s), i. e.
    javascript/auto|G:\Dev\Proyectos\nextinfaith\node_modules\next\dist\build\webpack\loaders\next-flight-client-module
-loader.js!G:\Dev\Proyectos\nextinfaith\node_modules\next\dist\build\webpack\loaders\next-swc-loader.js??ruleSet[1].rul
es[16].oneOf[6].use[1]!G:\dev\proyectos\nextinfaith\node_modules\next\dist\client\components\app-router.js|app-pages-br
owser

Import trace for requested module:
./node_modules/next/dist/client/components/nav-failure-handler.js
./node_modules/next/dist/client/components/app-router.js

./node_modules/next/dist/client/components/navigation-untracked.js
There are multiple modules with names that only differ in casing.
This can lead to unexpected behavior when compiling on a filesystem with other case-semantic.
Use equal casing. Compare these module identifiers:
* javascript/auto|G:\Dev\Proyectos\nextinfaith\node_modules\next\dist\build\webpack\loaders\next-flight-client-module-l
oader.js!G:\Dev\Proyectos\nextinfaith\node_modules\next\dist\build\webpack\loaders\next-swc-loader.js??ruleSet[1].rules
[16].oneOf[6].use[1]!G:\Dev\Proyectos\nextinfaith\node_modules\next\dist\client\components\navigation-untracked.js|app-
pages-browser
    Used by 3 module(s), i. e.
    javascript/auto|G:\Dev\Proyectos\nextinfaith\node_modules\next\dist\build\webpack\loaders\next-flight-client-module
-loader.js!G:\Dev\Proyectos\nextinfaith\node_modules\next\dist\build\webpack\loaders\next-swc-loader.js??ruleSet[1].rul
es[16].oneOf[6].use[1]!G:\Dev\Proyectos\nextinfaith\node_modules\next\dist\client\components\http-access-fallback\error
-boundary.js|app-pages-browser
* javascript/auto|G:\Dev\Proyectos\nextinfaith\node_modules\next\dist\build\webpack\loaders\next-flight-client-module-l
oader.js!G:\Dev\Proyectos\nextinfaith\node_modules\next\dist\build\webpack\loaders\next-swc-loader.js??ruleSet[1].rules
[16].oneOf[6].use[1]!G:\dev\proyectos\nextinfaith\node_modules\next\dist\client\components\navigation-untracked.js|app-
pages-browser
    Used by 2 module(s), i. e.
    javascript/auto|G:\Dev\Proyectos\nextinfaith\node_modules\next\dist\build\webpack\loaders\next-flight-client-module
-loader.js!G:\Dev\Proyectos\nextinfaith\node_modules\next\dist\build\webpack\loaders\next-swc-loader.js??ruleSet[1].rul
es[16].oneOf[6].use[1]!G:\dev\proyectos\nextinfaith\node_modules\next\dist\client\components\error-boundary.js|app-page
s-browser

Import trace for requested module:
./node_modules/next/dist/client/components/navigation-untracked.js
./node_modules/next/dist/client/components/http-access-fallback/error-boundary.js

./node_modules/next/dist/client/components/navigation.js
There are multiple modules with names that only differ in casing.
This can lead to unexpected behavior when compiling on a filesystem with other case-semantic.
Use equal casing. Compare these module identifiers:
* javascript/auto|G:\Dev\Proyectos\nextinfaith\node_modules\next\dist\build\webpack\loaders\next-flight-client-module-l
oader.js!G:\Dev\Proyectos\nextinfaith\node_modules\next\dist\build\webpack\loaders\next-swc-loader.js??ruleSet[1].rules
[16].oneOf[6].use[1]!G:\Dev\Proyectos\nextinfaith\node_modules\next\dist\client\components\navigation.js|app-pages-brow
ser
    Used by 3 module(s), i. e.
    javascript/auto|G:\Dev\Proyectos\nextinfaith\node_modules\next\dist\build\webpack\loaders\next-flight-client-module
-loader.js!G:\Dev\Proyectos\nextinfaith\node_modules\next\dist\build\webpack\loaders\next-swc-loader.js??ruleSet[1].rul
es[16].oneOf[6].use[1]!G:\Dev\Proyectos\nextinfaith\node_modules\next\dist\api\navigation.js|app-pages-browser
* javascript/auto|G:\Dev\Proyectos\nextinfaith\node_modules\next\dist\build\webpack\loaders\next-flight-client-module-l
oader.js!G:\Dev\Proyectos\nextinfaith\node_modules\next\dist\build\webpack\loaders\next-swc-loader.js??ruleSet[1].rules
[16].oneOf[6].use[1]!G:\dev\proyectos\nextinfaith\node_modules\next\dist\client\components\navigation.js|app-pages-brow
ser
    Used by 2 module(s), i. e.
    javascript/auto|G:\Dev\Proyectos\nextinfaith\node_modules\next\dist\build\webpack\loaders\next-flight-client-module
-loader.js!G:\Dev\Proyectos\nextinfaith\node_modules\next\dist\build\webpack\loaders\next-swc-loader.js??ruleSet[1].rul
es[16].oneOf[6].use[1]!G:\dev\proyectos\nextinfaith\node_modules\next\dist\client\components\redirect-boundary.js|app-p
ages-browser

Import trace for requested module:
./node_modules/next/dist/client/components/navigation.js
./node_modules/next/dist/api/navigation.js
./app/components/NavBar.tsx

./node_modules/next/dist/client/components/navigation.react-server.js
There are multiple modules with names that only differ in casing.
This can lead to unexpected behavior when compiling on a filesystem with other case-semantic.
Use equal casing. Compare these module identifiers:
* javascript/auto|G:\Dev\Proyectos\nextinfaith\node_modules\next\dist\build\webpack\loaders\next-flight-client-module-l
oader.js!G:\Dev\Proyectos\nextinfaith\node_modules\next\dist\build\webpack\loaders\next-swc-loader.js??ruleSet[1].rules
[16].oneOf[6].use[1]!G:\Dev\Proyectos\nextinfaith\node_modules\next\dist\client\components\navigation.react-server.js|a
pp-pages-browser
    Used by 2 module(s), i. e.
    javascript/auto|G:\Dev\Proyectos\nextinfaith\node_modules\next\dist\build\webpack\loaders\next-flight-client-module
-loader.js!G:\Dev\Proyectos\nextinfaith\node_modules\next\dist\build\webpack\loaders\next-swc-loader.js??ruleSet[1].rul
es[16].oneOf[6].use[1]!G:\Dev\Proyectos\nextinfaith\node_modules\next\dist\client\components\navigation.js|app-pages-br
owser
* javascript/auto|G:\Dev\Proyectos\nextinfaith\node_modules\next\dist\build\webpack\loaders\next-flight-client-module-l
oader.js!G:\Dev\Proyectos\nextinfaith\node_modules\next\dist\build\webpack\loaders\next-swc-loader.js??ruleSet[1].rules
[16].oneOf[6].use[1]!G:\dev\proyectos\nextinfaith\node_modules\next\dist\client\components\navigation.react-server.js|a
pp-pages-browser
    Used by 2 module(s), i. e.
    javascript/auto|G:\Dev\Proyectos\nextinfaith\node_modules\next\dist\build\webpack\loaders\next-flight-client-module
-loader.js!G:\Dev\Proyectos\nextinfaith\node_modules\next\dist\build\webpack\loaders\next-swc-loader.js??ruleSet[1].rul
es[16].oneOf[6].use[1]!G:\dev\proyectos\nextinfaith\node_modules\next\dist\client\components\navigation.js|app-pages-br
owser

Import trace for requested module:
./node_modules/next/dist/client/components/navigation.react-server.js
./node_modules/next/dist/client/components/navigation.js
./node_modules/next/dist/api/navigation.js
./app/components/NavBar.tsx

./node_modules/next/dist/client/components/not-found.js
There are multiple modules with names that only differ in casing.
This can lead to unexpected behavior when compiling on a filesystem with other case-semantic.
Use equal casing. Compare these module identifiers:
* javascript/auto|G:\Dev\Proyectos\nextinfaith\node_modules\next\dist\build\webpack\loaders\next-flight-client-module-l
oader.js!G:\Dev\Proyectos\nextinfaith\node_modules\next\dist\build\webpack\loaders\next-swc-loader.js??ruleSet[1].rules
[16].oneOf[6].use[1]!G:\Dev\Proyectos\nextinfaith\node_modules\next\dist\client\components\not-found.js|app-pages-brows
er
    Used by 2 module(s), i. e.
    javascript/auto|G:\Dev\Proyectos\nextinfaith\node_modules\next\dist\build\webpack\loaders\next-flight-client-module
-loader.js!G:\Dev\Proyectos\nextinfaith\node_modules\next\dist\build\webpack\loaders\next-swc-loader.js??ruleSet[1].rul
es[16].oneOf[6].use[1]!G:\Dev\Proyectos\nextinfaith\node_modules\next\dist\client\components\navigation.react-server.js
|app-pages-browser
* javascript/auto|G:\Dev\Proyectos\nextinfaith\node_modules\next\dist\build\webpack\loaders\next-flight-client-module-l
oader.js!G:\Dev\Proyectos\nextinfaith\node_modules\next\dist\build\webpack\loaders\next-swc-loader.js??ruleSet[1].rules
[16].oneOf[6].use[1]!G:\dev\proyectos\nextinfaith\node_modules\next\dist\client\components\not-found.js|app-pages-brows
er
    Used by 2 module(s), i. e.
    javascript/auto|G:\Dev\Proyectos\nextinfaith\node_modules\next\dist\build\webpack\loaders\next-flight-client-module
-loader.js!G:\Dev\Proyectos\nextinfaith\node_modules\next\dist\build\webpack\loaders\next-swc-loader.js??ruleSet[1].rul
es[16].oneOf[6].use[1]!G:\dev\proyectos\nextinfaith\node_modules\next\dist\client\components\navigation.react-server.js
|app-pages-browser

Import trace for requested module:
./node_modules/next/dist/client/components/not-found.js
./node_modules/next/dist/client/components/navigation.react-server.js
./node_modules/next/dist/client/components/navigation.js
./node_modules/next/dist/api/navigation.js
./app/components/NavBar.tsx

./node_modules/next/dist/client/components/promise-queue.js
There are multiple modules with names that only differ in casing.
This can lead to unexpected behavior when compiling on a filesystem with other case-semantic.
Use equal casing. Compare these module identifiers:
* javascript/auto|G:\Dev\Proyectos\nextinfaith\node_modules\next\dist\build\webpack\loaders\next-flight-client-module-l
oader.js!G:\Dev\Proyectos\nextinfaith\node_modules\next\dist\build\webpack\loaders\next-swc-loader.js??ruleSet[1].rules
[16].oneOf[6].use[1]!G:\Dev\Proyectos\nextinfaith\node_modules\next\dist\client\components\promise-queue.js|app-pages-b
rowser
    Used by 2 module(s), i. e.
    javascript/auto|G:\Dev\Proyectos\nextinfaith\node_modules\next\dist\build\webpack\loaders\next-flight-client-module
-loader.js!G:\Dev\Proyectos\nextinfaith\node_modules\next\dist\build\webpack\loaders\next-swc-loader.js??ruleSet[1].rul
es[16].oneOf[6].use[1]!G:\Dev\Proyectos\nextinfaith\node_modules\next\dist\client\components\router-reducer\reducers\pr
efetch-reducer.js|app-pages-browser
* javascript/auto|G:\Dev\Proyectos\nextinfaith\node_modules\next\dist\build\webpack\loaders\next-flight-client-module-l
oader.js!G:\Dev\Proyectos\nextinfaith\node_modules\next\dist\build\webpack\loaders\next-swc-loader.js??ruleSet[1].rules
[16].oneOf[6].use[1]!G:\dev\proyectos\nextinfaith\node_modules\next\dist\client\components\promise-queue.js|app-pages-b
rowser
    Used by 2 module(s), i. e.
    javascript/auto|G:\Dev\Proyectos\nextinfaith\node_modules\next\dist\build\webpack\loaders\next-flight-client-module
-loader.js!G:\Dev\Proyectos\nextinfaith\node_modules\next\dist\build\webpack\loaders\next-swc-loader.js??ruleSet[1].rul
es[16].oneOf[6].use[1]!G:\dev\proyectos\nextinfaith\node_modules\next\dist\client\components\router-reducer\reducers\pr
efetch-reducer.js|app-pages-browser

Import trace for requested module:
./node_modules/next/dist/client/components/promise-queue.js
./node_modules/next/dist/client/components/router-reducer/reducers/prefetch-reducer.js
./node_modules/next/dist/client/components/app-router-instance.js
./node_modules/next/dist/client/components/app-router.js

./node_modules/next/dist/client/components/redirect-boundary.js
There are multiple modules with names that only differ in casing.
This can lead to unexpected behavior when compiling on a filesystem with other case-semantic.
Use equal casing. Compare these module identifiers:
* javascript/auto|G:\Dev\Proyectos\nextinfaith\node_modules\next\dist\build\webpack\loaders\next-flight-client-module-l
oader.js!G:\Dev\Proyectos\nextinfaith\node_modules\next\dist\build\webpack\loaders\next-swc-loader.js??ruleSet[1].rules
[16].oneOf[6].use[1]!G:\Dev\Proyectos\nextinfaith\node_modules\next\dist\client\components\redirect-boundary.js|app-pag
es-browser
    Used by 3 module(s), i. e.
    javascript/auto|G:\Dev\Proyectos\nextinfaith\node_modules\next\dist\build\webpack\loaders\next-flight-client-module
-loader.js!G:\Dev\Proyectos\nextinfaith\node_modules\next\dist\build\webpack\loaders\next-swc-loader.js??ruleSet[1].rul
es[16].oneOf[6].use[1]!G:\Dev\Proyectos\nextinfaith\node_modules\next\dist\client\components\app-router.js|app-pages-br
owser
* javascript/auto|G:\Dev\Proyectos\nextinfaith\node_modules\next\dist\build\webpack\loaders\next-flight-client-module-l
oader.js!G:\Dev\Proyectos\nextinfaith\node_modules\next\dist\build\webpack\loaders\next-swc-loader.js??ruleSet[1].rules
[16].oneOf[6].use[1]!G:\dev\proyectos\nextinfaith\node_modules\next\dist\client\components\redirect-boundary.js|app-pag
es-browser
    Used by 2 module(s), i. e.
    javascript/auto|G:\Dev\Proyectos\nextinfaith\node_modules\next\dist\build\webpack\loaders\next-flight-client-module
-loader.js!G:\Dev\Proyectos\nextinfaith\node_modules\next\dist\build\webpack\loaders\next-swc-loader.js??ruleSet[1].rul
es[16].oneOf[6].use[1]!G:\dev\proyectos\nextinfaith\node_modules\next\dist\client\components\app-router.js|app-pages-br
owser

Import trace for requested module:
./node_modules/next/dist/client/components/redirect-boundary.js
./node_modules/next/dist/client/components/app-router.js

./node_modules/next/dist/client/components/redirect-error.js
There are multiple modules with names that only differ in casing.
This can lead to unexpected behavior when compiling on a filesystem with other case-semantic.
Use equal casing. Compare these module identifiers:
* javascript/auto|G:\Dev\Proyectos\nextinfaith\node_modules\next\dist\build\webpack\loaders\next-flight-client-module-l
oader.js!G:\Dev\Proyectos\nextinfaith\node_modules\next\dist\build\webpack\loaders\next-swc-loader.js??ruleSet[1].rules
[16].oneOf[6].use[1]!G:\Dev\Proyectos\nextinfaith\node_modules\next\dist\client\components\redirect-error.js|app-pages-
browser
    Used by 7 module(s), i. e.
    javascript/auto|G:\Dev\Proyectos\nextinfaith\node_modules\next\dist\build\webpack\loaders\next-flight-client-module
-loader.js!G:\Dev\Proyectos\nextinfaith\node_modules\next\dist\build\webpack\loaders\next-swc-loader.js??ruleSet[1].rul
es[16].oneOf[6].use[1]!G:\Dev\Proyectos\nextinfaith\node_modules\next\dist\client\components\app-router.js|app-pages-br
owser
* javascript/auto|G:\Dev\Proyectos\nextinfaith\node_modules\next\dist\build\webpack\loaders\next-flight-client-module-l
oader.js!G:\Dev\Proyectos\nextinfaith\node_modules\next\dist\build\webpack\loaders\next-swc-loader.js??ruleSet[1].rules
[16].oneOf[6].use[1]!G:\dev\proyectos\nextinfaith\node_modules\next\dist\client\components\redirect-error.js|app-pages-
browser
    Used by 7 module(s), i. e.
    javascript/auto|G:\Dev\Proyectos\nextinfaith\node_modules\next\dist\build\webpack\loaders\next-flight-client-module
-loader.js!G:\Dev\Proyectos\nextinfaith\node_modules\next\dist\build\webpack\loaders\next-swc-loader.js??ruleSet[1].rul
es[16].oneOf[6].use[1]!G:\dev\proyectos\nextinfaith\node_modules\next\dist\client\components\app-router.js|app-pages-br
owser

Import trace for requested module:
./node_modules/next/dist/client/components/redirect-error.js
./node_modules/next/dist/client/components/app-router.js

./node_modules/next/dist/client/components/redirect-status-code.js
There are multiple modules with names that only differ in casing.
This can lead to unexpected behavior when compiling on a filesystem with other case-semantic.
Use equal casing. Compare these module identifiers:
* javascript/auto|G:\Dev\Proyectos\nextinfaith\node_modules\next\dist\build\webpack\loaders\next-flight-client-module-l
oader.js!G:\Dev\Proyectos\nextinfaith\node_modules\next\dist\build\webpack\loaders\next-swc-loader.js??ruleSet[1].rules
[16].oneOf[6].use[1]!G:\Dev\Proyectos\nextinfaith\node_modules\next\dist\client\components\redirect-status-code.js|app-
pages-browser
    Used by 3 module(s), i. e.
    javascript/auto|G:\Dev\Proyectos\nextinfaith\node_modules\next\dist\build\webpack\loaders\next-flight-client-module
-loader.js!G:\Dev\Proyectos\nextinfaith\node_modules\next\dist\build\webpack\loaders\next-swc-loader.js??ruleSet[1].rul
es[16].oneOf[6].use[1]!G:\Dev\Proyectos\nextinfaith\node_modules\next\dist\client\components\redirect.js|app-pages-brow
ser
* javascript/auto|G:\Dev\Proyectos\nextinfaith\node_modules\next\dist\build\webpack\loaders\next-flight-client-module-l
oader.js!G:\Dev\Proyectos\nextinfaith\node_modules\next\dist\build\webpack\loaders\next-swc-loader.js??ruleSet[1].rules
[16].oneOf[6].use[1]!G:\dev\proyectos\nextinfaith\node_modules\next\dist\client\components\redirect-status-code.js|app-
pages-browser
    Used by 3 module(s), i. e.
    javascript/auto|G:\Dev\Proyectos\nextinfaith\node_modules\next\dist\build\webpack\loaders\next-flight-client-module
-loader.js!G:\Dev\Proyectos\nextinfaith\node_modules\next\dist\build\webpack\loaders\next-swc-loader.js??ruleSet[1].rul
es[16].oneOf[6].use[1]!G:\dev\proyectos\nextinfaith\node_modules\next\dist\client\components\redirect.js|app-pages-brow
ser

Import trace for requested module:
./node_modules/next/dist/client/components/redirect-status-code.js
./node_modules/next/dist/client/components/redirect.js
./node_modules/next/dist/client/components/app-router.js

./node_modules/next/dist/client/components/redirect.js
There are multiple modules with names that only differ in casing.
This can lead to unexpected behavior when compiling on a filesystem with other case-semantic.
Use equal casing. Compare these module identifiers:
* javascript/auto|G:\Dev\Proyectos\nextinfaith\node_modules\next\dist\build\webpack\loaders\next-flight-client-module-l
oader.js!G:\Dev\Proyectos\nextinfaith\node_modules\next\dist\build\webpack\loaders\next-swc-loader.js??ruleSet[1].rules
[16].oneOf[6].use[1]!G:\Dev\Proyectos\nextinfaith\node_modules\next\dist\client\components\redirect.js|app-pages-browse
r
    Used by 5 module(s), i. e.
    javascript/auto|G:\Dev\Proyectos\nextinfaith\node_modules\next\dist\build\webpack\loaders\next-flight-client-module
-loader.js!G:\Dev\Proyectos\nextinfaith\node_modules\next\dist\build\webpack\loaders\next-swc-loader.js??ruleSet[1].rul
es[16].oneOf[6].use[1]!G:\Dev\Proyectos\nextinfaith\node_modules\next\dist\client\components\app-router.js|app-pages-br
owser
* javascript/auto|G:\Dev\Proyectos\nextinfaith\node_modules\next\dist\build\webpack\loaders\next-flight-client-module-l
oader.js!G:\Dev\Proyectos\nextinfaith\node_modules\next\dist\build\webpack\loaders\next-swc-loader.js??ruleSet[1].rules
[16].oneOf[6].use[1]!G:\dev\proyectos\nextinfaith\node_modules\next\dist\client\components\redirect.js|app-pages-browse
r
    Used by 5 module(s), i. e.
    javascript/auto|G:\Dev\Proyectos\nextinfaith\node_modules\next\dist\build\webpack\loaders\next-flight-client-module
-loader.js!G:\Dev\Proyectos\nextinfaith\node_modules\next\dist\build\webpack\loaders\next-swc-loader.js??ruleSet[1].rul
es[16].oneOf[6].use[1]!G:\dev\proyectos\nextinfaith\node_modules\next\dist\client\components\app-router.js|app-pages-br
owser

Import trace for requested module:
./node_modules/next/dist/client/components/redirect.js
./node_modules/next/dist/client/components/app-router.js

./node_modules/next/dist/client/components/router-reducer/aliased-prefetch-navigations.js
There are multiple modules with names that only differ in casing.
This can lead to unexpected behavior when compiling on a filesystem with other case-semantic.
Use equal casing. Compare these module identifiers:
* javascript/auto|G:\Dev\Proyectos\nextinfaith\node_modules\next\dist\build\webpack\loaders\next-flight-client-module-l
oader.js!G:\Dev\Proyectos\nextinfaith\node_modules\next\dist\build\webpack\loaders\next-swc-loader.js??ruleSet[1].rules
[16].oneOf[6].use[1]!G:\Dev\Proyectos\nextinfaith\node_modules\next\dist\client\components\router-reducer\aliased-prefe
tch-navigations.js|app-pages-browser
    Used by 2 module(s), i. e.
    javascript/auto|G:\Dev\Proyectos\nextinfaith\node_modules\next\dist\build\webpack\loaders\next-flight-client-module
-loader.js!G:\Dev\Proyectos\nextinfaith\node_modules\next\dist\build\webpack\loaders\next-swc-loader.js??ruleSet[1].rul
es[16].oneOf[6].use[1]!G:\Dev\Proyectos\nextinfaith\node_modules\next\dist\client\components\router-reducer\reducers\na
vigate-reducer.js|app-pages-browser
* javascript/auto|G:\Dev\Proyectos\nextinfaith\node_modules\next\dist\build\webpack\loaders\next-flight-client-module-l
oader.js!G:\Dev\Proyectos\nextinfaith\node_modules\next\dist\build\webpack\loaders\next-swc-loader.js??ruleSet[1].rules
[16].oneOf[6].use[1]!G:\dev\proyectos\nextinfaith\node_modules\next\dist\client\components\router-reducer\aliased-prefe
tch-navigations.js|app-pages-browser
    Used by 2 module(s), i. e.
    javascript/auto|G:\Dev\Proyectos\nextinfaith\node_modules\next\dist\build\webpack\loaders\next-flight-client-module
-loader.js!G:\Dev\Proyectos\nextinfaith\node_modules\next\dist\build\webpack\loaders\next-swc-loader.js??ruleSet[1].rul
es[16].oneOf[6].use[1]!G:\dev\proyectos\nextinfaith\node_modules\next\dist\client\components\router-reducer\reducers\na
vigate-reducer.js|app-pages-browser

Import trace for requested module:
./node_modules/next/dist/client/components/router-reducer/aliased-prefetch-navigations.js
./node_modules/next/dist/client/components/router-reducer/reducers/navigate-reducer.js
./node_modules/next/dist/client/components/router-reducer/router-reducer.js
./node_modules/next/dist/client/components/app-router-instance.js
./node_modules/next/dist/client/components/app-router.js

./node_modules/next/dist/client/components/router-reducer/apply-flight-data.js
There are multiple modules with names that only differ in casing.
This can lead to unexpected behavior when compiling on a filesystem with other case-semantic.
Use equal casing. Compare these module identifiers:
* javascript/auto|G:\Dev\Proyectos\nextinfaith\node_modules\next\dist\build\webpack\loaders\next-flight-client-module-l
oader.js!G:\Dev\Proyectos\nextinfaith\node_modules\next\dist\build\webpack\loaders\next-swc-loader.js??ruleSet[1].rules
[16].oneOf[6].use[1]!G:\Dev\Proyectos\nextinfaith\node_modules\next\dist\client\components\router-reducer\apply-flight-
data.js|app-pages-browser
    Used by 5 module(s), i. e.
    javascript/auto|G:\Dev\Proyectos\nextinfaith\node_modules\next\dist\build\webpack\loaders\next-flight-client-module
-loader.js!G:\Dev\Proyectos\nextinfaith\node_modules\next\dist\build\webpack\loaders\next-swc-loader.js??ruleSet[1].rul
es[16].oneOf[6].use[1]!G:\Dev\Proyectos\nextinfaith\node_modules\next\dist\client\components\router-reducer\reducers\na
vigate-reducer.js|app-pages-browser
* javascript/auto|G:\Dev\Proyectos\nextinfaith\node_modules\next\dist\build\webpack\loaders\next-flight-client-module-l
oader.js!G:\Dev\Proyectos\nextinfaith\node_modules\next\dist\build\webpack\loaders\next-swc-loader.js??ruleSet[1].rules
[16].oneOf[6].use[1]!G:\dev\proyectos\nextinfaith\node_modules\next\dist\client\components\router-reducer\apply-flight-
data.js|app-pages-browser
    Used by 5 module(s), i. e.
    javascript/auto|G:\Dev\Proyectos\nextinfaith\node_modules\next\dist\build\webpack\loaders\next-flight-client-module
-loader.js!G:\Dev\Proyectos\nextinfaith\node_modules\next\dist\build\webpack\loaders\next-swc-loader.js??ruleSet[1].rul
es[16].oneOf[6].use[1]!G:\dev\proyectos\nextinfaith\node_modules\next\dist\client\components\router-reducer\refetch-ina
ctive-parallel-segments.js|app-pages-browser

Import trace for requested module:
./node_modules/next/dist/client/components/router-reducer/apply-flight-data.js
./node_modules/next/dist/client/components/router-reducer/reducers/navigate-reducer.js
./node_modules/next/dist/client/components/router-reducer/router-reducer.js
./node_modules/next/dist/client/components/app-router-instance.js
./node_modules/next/dist/client/components/app-router.js

./node_modules/next/dist/client/components/router-reducer/apply-router-state-patch-to-tree.js
There are multiple modules with names that only differ in casing.
This can lead to unexpected behavior when compiling on a filesystem with other case-semantic.
Use equal casing. Compare these module identifiers:
* javascript/auto|G:\Dev\Proyectos\nextinfaith\node_modules\next\dist\build\webpack\loaders\next-flight-client-module-l
oader.js!G:\Dev\Proyectos\nextinfaith\node_modules\next\dist\build\webpack\loaders\next-swc-loader.js??ruleSet[1].rules
[16].oneOf[6].use[1]!G:\Dev\Proyectos\nextinfaith\node_modules\next\dist\client\components\router-reducer\apply-router-
state-patch-to-tree.js|app-pages-browser
    Used by 7 module(s), i. e.
    javascript/auto|G:\Dev\Proyectos\nextinfaith\node_modules\next\dist\build\webpack\loaders\next-flight-client-module
-loader.js!G:\Dev\Proyectos\nextinfaith\node_modules\next\dist\build\webpack\loaders\next-swc-loader.js??ruleSet[1].rul
es[16].oneOf[6].use[1]!G:\Dev\Proyectos\nextinfaith\node_modules\next\dist\client\components\router-reducer\reducers\na
vigate-reducer.js|app-pages-browser
* javascript/auto|G:\Dev\Proyectos\nextinfaith\node_modules\next\dist\build\webpack\loaders\next-flight-client-module-l
oader.js!G:\Dev\Proyectos\nextinfaith\node_modules\next\dist\build\webpack\loaders\next-swc-loader.js??ruleSet[1].rules
[16].oneOf[6].use[1]!G:\dev\proyectos\nextinfaith\node_modules\next\dist\client\components\router-reducer\apply-router-
state-patch-to-tree.js|app-pages-browser
    Used by 7 module(s), i. e.
    javascript/auto|G:\Dev\Proyectos\nextinfaith\node_modules\next\dist\build\webpack\loaders\next-flight-client-module
-loader.js!G:\Dev\Proyectos\nextinfaith\node_modules\next\dist\build\webpack\loaders\next-swc-loader.js??ruleSet[1].rul
es[16].oneOf[6].use[1]!G:\dev\proyectos\nextinfaith\node_modules\next\dist\client\components\router-reducer\reducers\na
vigate-reducer.js|app-pages-browser

Import trace for requested module:
./node_modules/next/dist/client/components/router-reducer/apply-router-state-patch-to-tree.js
./node_modules/next/dist/client/components/router-reducer/reducers/navigate-reducer.js
./node_modules/next/dist/client/components/router-reducer/router-reducer.js
./node_modules/next/dist/client/components/app-router-instance.js
./node_modules/next/dist/client/components/app-router.js

./node_modules/next/dist/client/components/router-reducer/clear-cache-node-data-for-segment-path.js
There are multiple modules with names that only differ in casing.
This can lead to unexpected behavior when compiling on a filesystem with other case-semantic.
Use equal casing. Compare these module identifiers:
* javascript/auto|G:\Dev\Proyectos\nextinfaith\node_modules\next\dist\build\webpack\loaders\next-flight-client-module-l
oader.js!G:\Dev\Proyectos\nextinfaith\node_modules\next\dist\build\webpack\loaders\next-swc-loader.js??ruleSet[1].rules
[16].oneOf[6].use[1]!G:\Dev\Proyectos\nextinfaith\node_modules\next\dist\client\components\router-reducer\clear-cache-n
ode-data-for-segment-path.js|app-pages-browser
    Used by 2 module(s), i. e.
    javascript/auto|G:\Dev\Proyectos\nextinfaith\node_modules\next\dist\build\webpack\loaders\next-flight-client-module
-loader.js!G:\Dev\Proyectos\nextinfaith\node_modules\next\dist\build\webpack\loaders\next-swc-loader.js??ruleSet[1].rul
es[16].oneOf[6].use[1]!G:\Dev\Proyectos\nextinfaith\node_modules\next\dist\client\components\router-reducer\reducers\na
vigate-reducer.js|app-pages-browser
* javascript/auto|G:\Dev\Proyectos\nextinfaith\node_modules\next\dist\build\webpack\loaders\next-flight-client-module-l
oader.js!G:\Dev\Proyectos\nextinfaith\node_modules\next\dist\build\webpack\loaders\next-swc-loader.js??ruleSet[1].rules
[16].oneOf[6].use[1]!G:\dev\proyectos\nextinfaith\node_modules\next\dist\client\components\router-reducer\clear-cache-n
ode-data-for-segment-path.js|app-pages-browser
    Used by 2 module(s), i. e.
    javascript/auto|G:\Dev\Proyectos\nextinfaith\node_modules\next\dist\build\webpack\loaders\next-flight-client-module
-loader.js!G:\Dev\Proyectos\nextinfaith\node_modules\next\dist\build\webpack\loaders\next-swc-loader.js??ruleSet[1].rul
es[16].oneOf[6].use[1]!G:\dev\proyectos\nextinfaith\node_modules\next\dist\client\components\router-reducer\reducers\na
vigate-reducer.js|app-pages-browser

Import trace for requested module:
./node_modules/next/dist/client/components/router-reducer/clear-cache-node-data-for-segment-path.js
./node_modules/next/dist/client/components/router-reducer/reducers/navigate-reducer.js
./node_modules/next/dist/client/components/router-reducer/router-reducer.js
./node_modules/next/dist/client/components/app-router-instance.js
./node_modules/next/dist/client/components/app-router.js

./node_modules/next/dist/client/components/router-reducer/compute-changed-path.js
There are multiple modules with names that only differ in casing.
This can lead to unexpected behavior when compiling on a filesystem with other case-semantic.
Use equal casing. Compare these module identifiers:
* javascript/auto|G:\Dev\Proyectos\nextinfaith\node_modules\next\dist\build\webpack\loaders\next-flight-client-module-l
oader.js!G:\Dev\Proyectos\nextinfaith\node_modules\next\dist\build\webpack\loaders\next-swc-loader.js??ruleSet[1].rules
[16].oneOf[6].use[1]!G:\Dev\Proyectos\nextinfaith\node_modules\next\dist\client\components\router-reducer\compute-chang
ed-path.js|app-pages-browser
    Used by 4 module(s), i. e.
    javascript/auto|G:\Dev\Proyectos\nextinfaith\node_modules\next\dist\build\webpack\loaders\next-flight-client-module
-loader.js!G:\Dev\Proyectos\nextinfaith\node_modules\next\dist\build\webpack\loaders\next-swc-loader.js??ruleSet[1].rul
es[16].oneOf[6].use[1]!G:\Dev\Proyectos\nextinfaith\node_modules\next\dist\client\components\app-router.js|app-pages-br
owser
* javascript/auto|G:\Dev\Proyectos\nextinfaith\node_modules\next\dist\build\webpack\loaders\next-flight-client-module-l
oader.js!G:\Dev\Proyectos\nextinfaith\node_modules\next\dist\build\webpack\loaders\next-swc-loader.js??ruleSet[1].rules
[16].oneOf[6].use[1]!G:\dev\proyectos\nextinfaith\node_modules\next\dist\client\components\router-reducer\compute-chang
ed-path.js|app-pages-browser
    Used by 5 module(s), i. e.
    javascript/auto|G:\Dev\Proyectos\nextinfaith\node_modules\next\dist\build\webpack\loaders\next-flight-client-module
-loader.js!G:\Dev\Proyectos\nextinfaith\node_modules\next\dist\build\webpack\loaders\next-swc-loader.js??ruleSet[1].rul
es[16].oneOf[6].use[1]!G:\dev\proyectos\nextinfaith\node_modules\next\dist\client\components\app-router.js|app-pages-br
owser

Import trace for requested module:
./node_modules/next/dist/client/components/router-reducer/compute-changed-path.js
./node_modules/next/dist/client/components/app-router.js

./node_modules/next/dist/client/components/router-reducer/create-href-from-url.js
There are multiple modules with names that only differ in casing.
This can lead to unexpected behavior when compiling on a filesystem with other case-semantic.
Use equal casing. Compare these module identifiers:
* javascript/auto|G:\Dev\Proyectos\nextinfaith\node_modules\next\dist\build\webpack\loaders\next-flight-client-module-l
oader.js!G:\Dev\Proyectos\nextinfaith\node_modules\next\dist\build\webpack\loaders\next-swc-loader.js??ruleSet[1].rules
[16].oneOf[6].use[1]!G:\Dev\Proyectos\nextinfaith\node_modules\next\dist\client\components\router-reducer\create-href-f
rom-url.js|app-pages-browser
    Used by 10 module(s), i. e.
    javascript/auto|G:\Dev\Proyectos\nextinfaith\node_modules\next\dist\build\webpack\loaders\next-flight-client-module
-loader.js!G:\Dev\Proyectos\nextinfaith\node_modules\next\dist\build\webpack\loaders\next-swc-loader.js??ruleSet[1].rul
es[16].oneOf[6].use[1]!G:\Dev\Proyectos\nextinfaith\node_modules\next\dist\client\components\app-router.js|app-pages-br
owser
* javascript/auto|G:\Dev\Proyectos\nextinfaith\node_modules\next\dist\build\webpack\loaders\next-flight-client-module-l
oader.js!G:\Dev\Proyectos\nextinfaith\node_modules\next\dist\build\webpack\loaders\next-swc-loader.js??ruleSet[1].rules
[16].oneOf[6].use[1]!G:\dev\proyectos\nextinfaith\node_modules\next\dist\client\components\router-reducer\create-href-f
rom-url.js|app-pages-browser
    Used by 11 module(s), i. e.
    javascript/auto|G:\Dev\Proyectos\nextinfaith\node_modules\next\dist\build\webpack\loaders\next-flight-client-module
-loader.js!G:\Dev\Proyectos\nextinfaith\node_modules\next\dist\build\webpack\loaders\next-swc-loader.js??ruleSet[1].rul
es[16].oneOf[6].use[1]!G:\dev\proyectos\nextinfaith\node_modules\next\dist\client\components\app-router.js|app-pages-br
owser

Import trace for requested module:
./node_modules/next/dist/client/components/router-reducer/create-href-from-url.js
./node_modules/next/dist/client/components/app-router.js

./node_modules/next/dist/client/components/router-reducer/create-router-cache-key.js
There are multiple modules with names that only differ in casing.
This can lead to unexpected behavior when compiling on a filesystem with other case-semantic.
Use equal casing. Compare these module identifiers:
* javascript/auto|G:\Dev\Proyectos\nextinfaith\node_modules\next\dist\build\webpack\loaders\next-flight-client-module-l
oader.js!G:\Dev\Proyectos\nextinfaith\node_modules\next\dist\build\webpack\loaders\next-swc-loader.js??ruleSet[1].rules
[16].oneOf[6].use[1]!G:\Dev\Proyectos\nextinfaith\node_modules\next\dist\client\components\router-reducer\create-router
-cache-key.js|app-pages-browser
    Used by 10 module(s), i. e.
    javascript/auto|G:\Dev\Proyectos\nextinfaith\node_modules\next\dist\build\webpack\loaders\next-flight-client-module
-loader.js!G:\Dev\Proyectos\nextinfaith\node_modules\next\dist\build\webpack\loaders\next-swc-loader.js??ruleSet[1].rul
es[16].oneOf[6].use[1]!G:\Dev\Proyectos\nextinfaith\node_modules\next\dist\client\components\layout-router.js|app-pages
-browser
* javascript/auto|G:\Dev\Proyectos\nextinfaith\node_modules\next\dist\build\webpack\loaders\next-flight-client-module-l
oader.js!G:\Dev\Proyectos\nextinfaith\node_modules\next\dist\build\webpack\loaders\next-swc-loader.js??ruleSet[1].rules
[16].oneOf[6].use[1]!G:\dev\proyectos\nextinfaith\node_modules\next\dist\client\components\router-reducer\create-router
-cache-key.js|app-pages-browser
    Used by 9 module(s), i. e.
    javascript/auto|G:\Dev\Proyectos\nextinfaith\node_modules\next\dist\build\webpack\loaders\next-flight-client-module
-loader.js!G:\Dev\Proyectos\nextinfaith\node_modules\next\dist\build\webpack\loaders\next-swc-loader.js??ruleSet[1].rul
es[16].oneOf[6].use[1]!G:\dev\proyectos\nextinfaith\node_modules\next\dist\client\components\router-reducer\reducers\fi
nd-head-in-cache.js|app-pages-browser

Import trace for requested module:
./node_modules/next/dist/client/components/router-reducer/create-router-cache-key.js
./node_modules/next/dist/client/components/layout-router.js

./node_modules/next/dist/client/components/router-reducer/fetch-server-response.js
There are multiple modules with names that only differ in casing.
This can lead to unexpected behavior when compiling on a filesystem with other case-semantic.
Use equal casing. Compare these module identifiers:
* javascript/auto|G:\Dev\Proyectos\nextinfaith\node_modules\next\dist\build\webpack\loaders\next-flight-client-module-l
oader.js!G:\Dev\Proyectos\nextinfaith\node_modules\next\dist\build\webpack\loaders\next-swc-loader.js??ruleSet[1].rules
[16].oneOf[6].use[1]!G:\Dev\Proyectos\nextinfaith\node_modules\next\dist\client\components\router-reducer\fetch-server-
response.js|app-pages-browser
    Used by 7 module(s), i. e.
    javascript/auto|G:\Dev\Proyectos\nextinfaith\node_modules\next\dist\build\webpack\loaders\next-flight-client-module
-loader.js!G:\Dev\Proyectos\nextinfaith\node_modules\next\dist\build\webpack\loaders\next-swc-loader.js??ruleSet[1].rul
es[16].oneOf[6].use[1]!G:\Dev\Proyectos\nextinfaith\node_modules\next\dist\client\components\layout-router.js|app-pages
-browser
* javascript/auto|G:\Dev\Proyectos\nextinfaith\node_modules\next\dist\build\webpack\loaders\next-flight-client-module-l
oader.js!G:\Dev\Proyectos\nextinfaith\node_modules\next\dist\build\webpack\loaders\next-swc-loader.js??ruleSet[1].rules
[16].oneOf[6].use[1]!G:\dev\proyectos\nextinfaith\node_modules\next\dist\client\components\router-reducer\fetch-server-
response.js|app-pages-browser
    Used by 6 module(s), i. e.
    javascript/auto|G:\Dev\Proyectos\nextinfaith\node_modules\next\dist\build\webpack\loaders\next-flight-client-module
-loader.js!G:\Dev\Proyectos\nextinfaith\node_modules\next\dist\build\webpack\loaders\next-swc-loader.js??ruleSet[1].rul
es[16].oneOf[6].use[1]!G:\dev\proyectos\nextinfaith\node_modules\next\dist\client\components\router-reducer\prefetch-ca
che-utils.js|app-pages-browser

Import trace for requested module:
./node_modules/next/dist/client/components/router-reducer/fetch-server-response.js
./node_modules/next/dist/client/components/layout-router.js

./node_modules/next/dist/client/components/router-reducer/fill-cache-with-new-subtree-data.js
There are multiple modules with names that only differ in casing.
This can lead to unexpected behavior when compiling on a filesystem with other case-semantic.
Use equal casing. Compare these module identifiers:
* javascript/auto|G:\Dev\Proyectos\nextinfaith\node_modules\next\dist\build\webpack\loaders\next-flight-client-module-l
oader.js!G:\Dev\Proyectos\nextinfaith\node_modules\next\dist\build\webpack\loaders\next-swc-loader.js??ruleSet[1].rules
[16].oneOf[6].use[1]!G:\Dev\Proyectos\nextinfaith\node_modules\next\dist\client\components\router-reducer\fill-cache-wi
th-new-subtree-data.js|app-pages-browser
    Used by 3 module(s), i. e.
    javascript/auto|G:\Dev\Proyectos\nextinfaith\node_modules\next\dist\build\webpack\loaders\next-flight-client-module
-loader.js!G:\Dev\Proyectos\nextinfaith\node_modules\next\dist\build\webpack\loaders\next-swc-loader.js??ruleSet[1].rul
es[16].oneOf[6].use[1]!G:\Dev\Proyectos\nextinfaith\node_modules\next\dist\client\components\router-reducer\apply-fligh
t-data.js|app-pages-browser
* javascript/auto|G:\Dev\Proyectos\nextinfaith\node_modules\next\dist\build\webpack\loaders\next-flight-client-module-l
oader.js!G:\Dev\Proyectos\nextinfaith\node_modules\next\dist\build\webpack\loaders\next-swc-loader.js??ruleSet[1].rules
[16].oneOf[6].use[1]!G:\dev\proyectos\nextinfaith\node_modules\next\dist\client\components\router-reducer\fill-cache-wi
th-new-subtree-data.js|app-pages-browser
    Used by 3 module(s), i. e.
    javascript/auto|G:\Dev\Proyectos\nextinfaith\node_modules\next\dist\build\webpack\loaders\next-flight-client-module
-loader.js!G:\Dev\Proyectos\nextinfaith\node_modules\next\dist\build\webpack\loaders\next-swc-loader.js??ruleSet[1].rul
es[16].oneOf[6].use[1]!G:\dev\proyectos\nextinfaith\node_modules\next\dist\client\components\router-reducer\apply-fligh
t-data.js|app-pages-browser

Import trace for requested module:
./node_modules/next/dist/client/components/router-reducer/fill-cache-with-new-subtree-data.js
./node_modules/next/dist/client/components/router-reducer/apply-flight-data.js
./node_modules/next/dist/client/components/router-reducer/reducers/navigate-reducer.js
./node_modules/next/dist/client/components/router-reducer/router-reducer.js
./node_modules/next/dist/client/components/app-router-instance.js
./node_modules/next/dist/client/components/app-router.js

./node_modules/next/dist/client/components/router-reducer/fill-lazy-items-till-leaf-with-head.js
There are multiple modules with names that only differ in casing.
This can lead to unexpected behavior when compiling on a filesystem with other case-semantic.
Use equal casing. Compare these module identifiers:
* javascript/auto|G:\Dev\Proyectos\nextinfaith\node_modules\next\dist\build\webpack\loaders\next-flight-client-module-l
oader.js!G:\Dev\Proyectos\nextinfaith\node_modules\next\dist\build\webpack\loaders\next-swc-loader.js??ruleSet[1].rules
[16].oneOf[6].use[1]!G:\Dev\Proyectos\nextinfaith\node_modules\next\dist\client\components\router-reducer\fill-lazy-ite
ms-till-leaf-with-head.js|app-pages-browser
    Used by 5 module(s), i. e.
    javascript/auto|G:\Dev\Proyectos\nextinfaith\node_modules\next\dist\build\webpack\loaders\next-flight-client-module
-loader.js!G:\Dev\Proyectos\nextinfaith\node_modules\next\dist\build\webpack\loaders\next-swc-loader.js??ruleSet[1].rul
es[16].oneOf[6].use[1]!G:\Dev\Proyectos\nextinfaith\node_modules\next\dist\client\components\router-reducer\reducers\re
fresh-reducer.js|app-pages-browser
* javascript/auto|G:\Dev\Proyectos\nextinfaith\node_modules\next\dist\build\webpack\loaders\next-flight-client-module-l
oader.js!G:\Dev\Proyectos\nextinfaith\node_modules\next\dist\build\webpack\loaders\next-swc-loader.js??ruleSet[1].rules
[16].oneOf[6].use[1]!G:\dev\proyectos\nextinfaith\node_modules\next\dist\client\components\router-reducer\fill-lazy-ite
ms-till-leaf-with-head.js|app-pages-browser
    Used by 6 module(s), i. e.
    javascript/auto|G:\Dev\Proyectos\nextinfaith\node_modules\next\dist\build\webpack\loaders\next-flight-client-module
-loader.js!G:\Dev\Proyectos\nextinfaith\node_modules\next\dist\build\webpack\loaders\next-swc-loader.js??ruleSet[1].rul
es[16].oneOf[6].use[1]!G:\dev\proyectos\nextinfaith\node_modules\next\dist\client\components\router-reducer\create-init
ial-router-state.js|app-pages-browser

Import trace for requested module:
./node_modules/next/dist/client/components/router-reducer/fill-lazy-items-till-leaf-with-head.js
./node_modules/next/dist/client/components/router-reducer/reducers/refresh-reducer.js
./node_modules/next/dist/client/components/router-reducer/router-reducer.js
./node_modules/next/dist/client/components/app-router-instance.js
./node_modules/next/dist/client/components/app-router.js

./node_modules/next/dist/client/components/router-reducer/handle-mutable.js
There are multiple modules with names that only differ in casing.
This can lead to unexpected behavior when compiling on a filesystem with other case-semantic.
Use equal casing. Compare these module identifiers:
* javascript/auto|G:\Dev\Proyectos\nextinfaith\node_modules\next\dist\build\webpack\loaders\next-flight-client-module-l
oader.js!G:\Dev\Proyectos\nextinfaith\node_modules\next\dist\build\webpack\loaders\next-swc-loader.js??ruleSet[1].rules
[16].oneOf[6].use[1]!G:\Dev\Proyectos\nextinfaith\node_modules\next\dist\client\components\router-reducer\handle-mutabl
e.js|app-pages-browser
    Used by 7 module(s), i. e.
    javascript/auto|G:\Dev\Proyectos\nextinfaith\node_modules\next\dist\build\webpack\loaders\next-flight-client-module
-loader.js!G:\Dev\Proyectos\nextinfaith\node_modules\next\dist\build\webpack\loaders\next-swc-loader.js??ruleSet[1].rul
es[16].oneOf[6].use[1]!G:\Dev\Proyectos\nextinfaith\node_modules\next\dist\client\components\router-reducer\reducers\na
vigate-reducer.js|app-pages-browser
* javascript/auto|G:\Dev\Proyectos\nextinfaith\node_modules\next\dist\build\webpack\loaders\next-flight-client-module-l
oader.js!G:\Dev\Proyectos\nextinfaith\node_modules\next\dist\build\webpack\loaders\next-swc-loader.js??ruleSet[1].rules
[16].oneOf[6].use[1]!G:\dev\proyectos\nextinfaith\node_modules\next\dist\client\components\router-reducer\handle-mutabl
e.js|app-pages-browser
    Used by 7 module(s), i. e.
    javascript/auto|G:\Dev\Proyectos\nextinfaith\node_modules\next\dist\build\webpack\loaders\next-flight-client-module
-loader.js!G:\Dev\Proyectos\nextinfaith\node_modules\next\dist\build\webpack\loaders\next-swc-loader.js??ruleSet[1].rul
es[16].oneOf[6].use[1]!G:\dev\proyectos\nextinfaith\node_modules\next\dist\client\components\router-reducer\reducers\na
vigate-reducer.js|app-pages-browser

Import trace for requested module:
./node_modules/next/dist/client/components/router-reducer/handle-mutable.js
./node_modules/next/dist/client/components/router-reducer/reducers/navigate-reducer.js
./node_modules/next/dist/client/components/router-reducer/router-reducer.js
./node_modules/next/dist/client/components/app-router-instance.js
./node_modules/next/dist/client/components/app-router.js

./node_modules/next/dist/client/components/router-reducer/handle-segment-mismatch.js
There are multiple modules with names that only differ in casing.
This can lead to unexpected behavior when compiling on a filesystem with other case-semantic.
Use equal casing. Compare these module identifiers:
* javascript/auto|G:\Dev\Proyectos\nextinfaith\node_modules\next\dist\build\webpack\loaders\next-flight-client-module-l
oader.js!G:\Dev\Proyectos\nextinfaith\node_modules\next\dist\build\webpack\loaders\next-swc-loader.js??ruleSet[1].rules
[16].oneOf[6].use[1]!G:\Dev\Proyectos\nextinfaith\node_modules\next\dist\client\components\router-reducer\handle-segmen
t-mismatch.js|app-pages-browser
    Used by 4 module(s), i. e.
    javascript/auto|G:\Dev\Proyectos\nextinfaith\node_modules\next\dist\build\webpack\loaders\next-flight-client-module
-loader.js!G:\Dev\Proyectos\nextinfaith\node_modules\next\dist\build\webpack\loaders\next-swc-loader.js??ruleSet[1].rul
es[16].oneOf[6].use[1]!G:\Dev\Proyectos\nextinfaith\node_modules\next\dist\client\components\router-reducer\reducers\re
fresh-reducer.js|app-pages-browser
* javascript/auto|G:\Dev\Proyectos\nextinfaith\node_modules\next\dist\build\webpack\loaders\next-flight-client-module-l
oader.js!G:\Dev\Proyectos\nextinfaith\node_modules\next\dist\build\webpack\loaders\next-swc-loader.js??ruleSet[1].rules
[16].oneOf[6].use[1]!G:\dev\proyectos\nextinfaith\node_modules\next\dist\client\components\router-reducer\handle-segmen
t-mismatch.js|app-pages-browser
    Used by 4 module(s), i. e.
    javascript/auto|G:\Dev\Proyectos\nextinfaith\node_modules\next\dist\build\webpack\loaders\next-flight-client-module
-loader.js!G:\Dev\Proyectos\nextinfaith\node_modules\next\dist\build\webpack\loaders\next-swc-loader.js??ruleSet[1].rul
es[16].oneOf[6].use[1]!G:\dev\proyectos\nextinfaith\node_modules\next\dist\client\components\router-reducer\reducers\re
fresh-reducer.js|app-pages-browser

Import trace for requested module:
./node_modules/next/dist/client/components/router-reducer/handle-segment-mismatch.js
./node_modules/next/dist/client/components/router-reducer/reducers/refresh-reducer.js
./node_modules/next/dist/client/components/router-reducer/router-reducer.js
./node_modules/next/dist/client/components/app-router-instance.js
./node_modules/next/dist/client/components/app-router.js

./node_modules/next/dist/client/components/router-reducer/invalidate-cache-below-flight-segmentpath.js
There are multiple modules with names that only differ in casing.
This can lead to unexpected behavior when compiling on a filesystem with other case-semantic.
Use equal casing. Compare these module identifiers:
* javascript/auto|G:\Dev\Proyectos\nextinfaith\node_modules\next\dist\build\webpack\loaders\next-flight-client-module-l
oader.js!G:\Dev\Proyectos\nextinfaith\node_modules\next\dist\build\webpack\loaders\next-swc-loader.js??ruleSet[1].rules
[16].oneOf[6].use[1]!G:\Dev\Proyectos\nextinfaith\node_modules\next\dist\client\components\router-reducer\invalidate-ca
che-below-flight-segmentpath.js|app-pages-browser
    Used by 2 module(s), i. e.
    javascript/auto|G:\Dev\Proyectos\nextinfaith\node_modules\next\dist\build\webpack\loaders\next-flight-client-module
-loader.js!G:\Dev\Proyectos\nextinfaith\node_modules\next\dist\build\webpack\loaders\next-swc-loader.js??ruleSet[1].rul
es[16].oneOf[6].use[1]!G:\Dev\Proyectos\nextinfaith\node_modules\next\dist\client\components\router-reducer\reducers\na
vigate-reducer.js|app-pages-browser
* javascript/auto|G:\Dev\Proyectos\nextinfaith\node_modules\next\dist\build\webpack\loaders\next-flight-client-module-l
oader.js!G:\Dev\Proyectos\nextinfaith\node_modules\next\dist\build\webpack\loaders\next-swc-loader.js??ruleSet[1].rules
[16].oneOf[6].use[1]!G:\dev\proyectos\nextinfaith\node_modules\next\dist\client\components\router-reducer\invalidate-ca
che-below-flight-segmentpath.js|app-pages-browser
    Used by 2 module(s), i. e.
    javascript/auto|G:\Dev\Proyectos\nextinfaith\node_modules\next\dist\build\webpack\loaders\next-flight-client-module
-loader.js!G:\Dev\Proyectos\nextinfaith\node_modules\next\dist\build\webpack\loaders\next-swc-loader.js??ruleSet[1].rul
es[16].oneOf[6].use[1]!G:\dev\proyectos\nextinfaith\node_modules\next\dist\client\components\router-reducer\reducers\na
vigate-reducer.js|app-pages-browser

Import trace for requested module:
./node_modules/next/dist/client/components/router-reducer/invalidate-cache-below-flight-segmentpath.js
./node_modules/next/dist/client/components/router-reducer/reducers/navigate-reducer.js
./node_modules/next/dist/client/components/router-reducer/router-reducer.js
./node_modules/next/dist/client/components/app-router-instance.js
./node_modules/next/dist/client/components/app-router.js

./node_modules/next/dist/client/components/router-reducer/invalidate-cache-by-router-state.js
There are multiple modules with names that only differ in casing.
This can lead to unexpected behavior when compiling on a filesystem with other case-semantic.
Use equal casing. Compare these module identifiers:
* javascript/auto|G:\Dev\Proyectos\nextinfaith\node_modules\next\dist\build\webpack\loaders\next-flight-client-module-l
oader.js!G:\Dev\Proyectos\nextinfaith\node_modules\next\dist\build\webpack\loaders\next-swc-loader.js??ruleSet[1].rules
[16].oneOf[6].use[1]!G:\Dev\Proyectos\nextinfaith\node_modules\next\dist\client\components\router-reducer\invalidate-ca
che-by-router-state.js|app-pages-browser
    Used by 2 module(s), i. e.
    javascript/auto|G:\Dev\Proyectos\nextinfaith\node_modules\next\dist\build\webpack\loaders\next-flight-client-module
-loader.js!G:\Dev\Proyectos\nextinfaith\node_modules\next\dist\build\webpack\loaders\next-swc-loader.js??ruleSet[1].rul
es[16].oneOf[6].use[1]!G:\Dev\Proyectos\nextinfaith\node_modules\next\dist\client\components\router-reducer\fill-cache-
with-new-subtree-data.js|app-pages-browser
* javascript/auto|G:\Dev\Proyectos\nextinfaith\node_modules\next\dist\build\webpack\loaders\next-flight-client-module-l
oader.js!G:\Dev\Proyectos\nextinfaith\node_modules\next\dist\build\webpack\loaders\next-swc-loader.js??ruleSet[1].rules
[16].oneOf[6].use[1]!G:\dev\proyectos\nextinfaith\node_modules\next\dist\client\components\router-reducer\invalidate-ca
che-by-router-state.js|app-pages-browser
    Used by 2 module(s), i. e.
    javascript/auto|G:\Dev\Proyectos\nextinfaith\node_modules\next\dist\build\webpack\loaders\next-flight-client-module
-loader.js!G:\Dev\Proyectos\nextinfaith\node_modules\next\dist\build\webpack\loaders\next-swc-loader.js??ruleSet[1].rul
es[16].oneOf[6].use[1]!G:\dev\proyectos\nextinfaith\node_modules\next\dist\client\components\router-reducer\fill-cache-
with-new-subtree-data.js|app-pages-browser

Import trace for requested module:
./node_modules/next/dist/client/components/router-reducer/invalidate-cache-by-router-state.js
./node_modules/next/dist/client/components/router-reducer/fill-cache-with-new-subtree-data.js
./node_modules/next/dist/client/components/router-reducer/apply-flight-data.js
./node_modules/next/dist/client/components/router-reducer/reducers/navigate-reducer.js
./node_modules/next/dist/client/components/router-reducer/router-reducer.js
./node_modules/next/dist/client/components/app-router-instance.js
./node_modules/next/dist/client/components/app-router.js

./node_modules/next/dist/client/components/router-reducer/is-navigating-to-new-root-layout.js
There are multiple modules with names that only differ in casing.
This can lead to unexpected behavior when compiling on a filesystem with other case-semantic.
Use equal casing. Compare these module identifiers:
* javascript/auto|G:\Dev\Proyectos\nextinfaith\node_modules\next\dist\build\webpack\loaders\next-flight-client-module-l
oader.js!G:\Dev\Proyectos\nextinfaith\node_modules\next\dist\build\webpack\loaders\next-swc-loader.js??ruleSet[1].rules
[16].oneOf[6].use[1]!G:\Dev\Proyectos\nextinfaith\node_modules\next\dist\client\components\router-reducer\is-navigating
-to-new-root-layout.js|app-pages-browser
    Used by 7 module(s), i. e.
    javascript/auto|G:\Dev\Proyectos\nextinfaith\node_modules\next\dist\build\webpack\loaders\next-flight-client-module
-loader.js!G:\Dev\Proyectos\nextinfaith\node_modules\next\dist\build\webpack\loaders\next-swc-loader.js??ruleSet[1].rul
es[16].oneOf[6].use[1]!G:\Dev\Proyectos\nextinfaith\node_modules\next\dist\client\components\router-reducer\reducers\na
vigate-reducer.js|app-pages-browser
* javascript/auto|G:\Dev\Proyectos\nextinfaith\node_modules\next\dist\build\webpack\loaders\next-flight-client-module-l
oader.js!G:\Dev\Proyectos\nextinfaith\node_modules\next\dist\build\webpack\loaders\next-swc-loader.js??ruleSet[1].rules
[16].oneOf[6].use[1]!G:\dev\proyectos\nextinfaith\node_modules\next\dist\client\components\router-reducer\is-navigating
-to-new-root-layout.js|app-pages-browser
    Used by 7 module(s), i. e.
    javascript/auto|G:\Dev\Proyectos\nextinfaith\node_modules\next\dist\build\webpack\loaders\next-flight-client-module
-loader.js!G:\Dev\Proyectos\nextinfaith\node_modules\next\dist\build\webpack\loaders\next-swc-loader.js??ruleSet[1].rul
es[16].oneOf[6].use[1]!G:\dev\proyectos\nextinfaith\node_modules\next\dist\client\components\router-reducer\reducers\na
vigate-reducer.js|app-pages-browser

Import trace for requested module:
./node_modules/next/dist/client/components/router-reducer/is-navigating-to-new-root-layout.js
./node_modules/next/dist/client/components/router-reducer/reducers/navigate-reducer.js
./node_modules/next/dist/client/components/router-reducer/router-reducer.js
./node_modules/next/dist/client/components/app-router-instance.js
./node_modules/next/dist/client/components/app-router.js

./node_modules/next/dist/client/components/router-reducer/ppr-navigations.js
There are multiple modules with names that only differ in casing.
This can lead to unexpected behavior when compiling on a filesystem with other case-semantic.
Use equal casing. Compare these module identifiers:
* javascript/auto|G:\Dev\Proyectos\nextinfaith\node_modules\next\dist\build\webpack\loaders\next-flight-client-module-l
oader.js!G:\Dev\Proyectos\nextinfaith\node_modules\next\dist\build\webpack\loaders\next-swc-loader.js??ruleSet[1].rules
[16].oneOf[6].use[1]!G:\Dev\Proyectos\nextinfaith\node_modules\next\dist\client\components\router-reducer\ppr-navigatio
ns.js|app-pages-browser
    Used by 3 module(s), i. e.
    javascript/auto|G:\Dev\Proyectos\nextinfaith\node_modules\next\dist\build\webpack\loaders\next-flight-client-module
-loader.js!G:\Dev\Proyectos\nextinfaith\node_modules\next\dist\build\webpack\loaders\next-swc-loader.js??ruleSet[1].rul
es[16].oneOf[6].use[1]!G:\Dev\Proyectos\nextinfaith\node_modules\next\dist\client\components\router-reducer\reducers\na
vigate-reducer.js|app-pages-browser
* javascript/auto|G:\Dev\Proyectos\nextinfaith\node_modules\next\dist\build\webpack\loaders\next-flight-client-module-l
oader.js!G:\Dev\Proyectos\nextinfaith\node_modules\next\dist\build\webpack\loaders\next-swc-loader.js??ruleSet[1].rules
[16].oneOf[6].use[1]!G:\dev\proyectos\nextinfaith\node_modules\next\dist\client\components\router-reducer\ppr-navigatio
ns.js|app-pages-browser
    Used by 3 module(s), i. e.
    javascript/auto|G:\Dev\Proyectos\nextinfaith\node_modules\next\dist\build\webpack\loaders\next-flight-client-module
-loader.js!G:\Dev\Proyectos\nextinfaith\node_modules\next\dist\build\webpack\loaders\next-swc-loader.js??ruleSet[1].rul
es[16].oneOf[6].use[1]!G:\dev\proyectos\nextinfaith\node_modules\next\dist\client\components\router-reducer\reducers\na
vigate-reducer.js|app-pages-browser

Import trace for requested module:
./node_modules/next/dist/client/components/router-reducer/ppr-navigations.js
./node_modules/next/dist/client/components/router-reducer/reducers/navigate-reducer.js
./node_modules/next/dist/client/components/router-reducer/router-reducer.js
./node_modules/next/dist/client/components/app-router-instance.js
./node_modules/next/dist/client/components/app-router.js

./node_modules/next/dist/client/components/router-reducer/prefetch-cache-utils.js
There are multiple modules with names that only differ in casing.
This can lead to unexpected behavior when compiling on a filesystem with other case-semantic.
Use equal casing. Compare these module identifiers:
* javascript/auto|G:\Dev\Proyectos\nextinfaith\node_modules\next\dist\build\webpack\loaders\next-flight-client-module-l
oader.js!G:\Dev\Proyectos\nextinfaith\node_modules\next\dist\build\webpack\loaders\next-swc-loader.js??ruleSet[1].rules
[16].oneOf[6].use[1]!G:\Dev\Proyectos\nextinfaith\node_modules\next\dist\client\components\router-reducer\prefetch-cach
e-utils.js|app-pages-browser
    Used by 5 module(s), i. e.
    javascript/auto|G:\Dev\Proyectos\nextinfaith\node_modules\next\dist\build\webpack\loaders\next-flight-client-module
-loader.js!G:\Dev\Proyectos\nextinfaith\node_modules\next\dist\build\webpack\loaders\next-swc-loader.js??ruleSet[1].rul
es[16].oneOf[6].use[1]!G:\Dev\Proyectos\nextinfaith\node_modules\next\dist\client\components\router-reducer\reducers\pr
efetch-reducer.js|app-pages-browser
* javascript/auto|G:\Dev\Proyectos\nextinfaith\node_modules\next\dist\build\webpack\loaders\next-flight-client-module-l
oader.js!G:\Dev\Proyectos\nextinfaith\node_modules\next\dist\build\webpack\loaders\next-swc-loader.js??ruleSet[1].rules
[16].oneOf[6].use[1]!G:\dev\proyectos\nextinfaith\node_modules\next\dist\client\components\router-reducer\prefetch-cach
e-utils.js|app-pages-browser
    Used by 6 module(s), i. e.
    javascript/auto|G:\Dev\Proyectos\nextinfaith\node_modules\next\dist\build\webpack\loaders\next-flight-client-module
-loader.js!G:\Dev\Proyectos\nextinfaith\node_modules\next\dist\build\webpack\loaders\next-swc-loader.js??ruleSet[1].rul
es[16].oneOf[6].use[1]!G:\dev\proyectos\nextinfaith\node_modules\next\dist\client\components\router-reducer\create-init
ial-router-state.js|app-pages-browser

Import trace for requested module:
./node_modules/next/dist/client/components/router-reducer/prefetch-cache-utils.js
./node_modules/next/dist/client/components/router-reducer/reducers/prefetch-reducer.js
./node_modules/next/dist/client/components/app-router-instance.js
./node_modules/next/dist/client/components/app-router.js

./node_modules/next/dist/client/components/router-reducer/reducers/find-head-in-cache.js
There are multiple modules with names that only differ in casing.
This can lead to unexpected behavior when compiling on a filesystem with other case-semantic.
Use equal casing. Compare these module identifiers:
* javascript/auto|G:\Dev\Proyectos\nextinfaith\node_modules\next\dist\build\webpack\loaders\next-flight-client-module-l
oader.js!G:\Dev\Proyectos\nextinfaith\node_modules\next\dist\build\webpack\loaders\next-swc-loader.js??ruleSet[1].rules
[16].oneOf[6].use[1]!G:\Dev\Proyectos\nextinfaith\node_modules\next\dist\client\components\router-reducer\reducers\find
-head-in-cache.js|app-pages-browser
    Used by 2 module(s), i. e.
    javascript/auto|G:\Dev\Proyectos\nextinfaith\node_modules\next\dist\build\webpack\loaders\next-flight-client-module
-loader.js!G:\Dev\Proyectos\nextinfaith\node_modules\next\dist\build\webpack\loaders\next-swc-loader.js??ruleSet[1].rul
es[16].oneOf[6].use[1]!G:\Dev\Proyectos\nextinfaith\node_modules\next\dist\client\components\app-router.js|app-pages-br
owser
* javascript/auto|G:\Dev\Proyectos\nextinfaith\node_modules\next\dist\build\webpack\loaders\next-flight-client-module-l
oader.js!G:\Dev\Proyectos\nextinfaith\node_modules\next\dist\build\webpack\loaders\next-swc-loader.js??ruleSet[1].rules
[16].oneOf[6].use[1]!G:\dev\proyectos\nextinfaith\node_modules\next\dist\client\components\router-reducer\reducers\find
-head-in-cache.js|app-pages-browser
    Used by 2 module(s), i. e.
    javascript/auto|G:\Dev\Proyectos\nextinfaith\node_modules\next\dist\build\webpack\loaders\next-flight-client-module
-loader.js!G:\Dev\Proyectos\nextinfaith\node_modules\next\dist\build\webpack\loaders\next-swc-loader.js??ruleSet[1].rul
es[16].oneOf[6].use[1]!G:\dev\proyectos\nextinfaith\node_modules\next\dist\client\components\app-router.js|app-pages-br
owser

Import trace for requested module:
./node_modules/next/dist/client/components/router-reducer/reducers/find-head-in-cache.js
./node_modules/next/dist/client/components/app-router.js

./node_modules/next/dist/client/components/router-reducer/reducers/get-segment-value.js
There are multiple modules with names that only differ in casing.
This can lead to unexpected behavior when compiling on a filesystem with other case-semantic.
Use equal casing. Compare these module identifiers:
* javascript/auto|G:\Dev\Proyectos\nextinfaith\node_modules\next\dist\build\webpack\loaders\next-flight-client-module-l
oader.js!G:\Dev\Proyectos\nextinfaith\node_modules\next\dist\build\webpack\loaders\next-swc-loader.js??ruleSet[1].rules
[16].oneOf[6].use[1]!G:\Dev\Proyectos\nextinfaith\node_modules\next\dist\client\components\router-reducer\reducers\get-
segment-value.js|app-pages-browser
    Used by 2 module(s), i. e.
    javascript/auto|G:\Dev\Proyectos\nextinfaith\node_modules\next\dist\build\webpack\loaders\next-flight-client-module
-loader.js!G:\Dev\Proyectos\nextinfaith\node_modules\next\dist\build\webpack\loaders\next-swc-loader.js??ruleSet[1].rul
es[16].oneOf[6].use[1]!G:\Dev\Proyectos\nextinfaith\node_modules\next\dist\client\components\navigation.js|app-pages-br
owser
* javascript/auto|G:\Dev\Proyectos\nextinfaith\node_modules\next\dist\build\webpack\loaders\next-flight-client-module-l
oader.js!G:\Dev\Proyectos\nextinfaith\node_modules\next\dist\build\webpack\loaders\next-swc-loader.js??ruleSet[1].rules
[16].oneOf[6].use[1]!G:\dev\proyectos\nextinfaith\node_modules\next\dist\client\components\router-reducer\reducers\get-
segment-value.js|app-pages-browser
    Used by 2 module(s), i. e.
    javascript/auto|G:\Dev\Proyectos\nextinfaith\node_modules\next\dist\build\webpack\loaders\next-flight-client-module
-loader.js!G:\Dev\Proyectos\nextinfaith\node_modules\next\dist\build\webpack\loaders\next-swc-loader.js??ruleSet[1].rul
es[16].oneOf[6].use[1]!G:\dev\proyectos\nextinfaith\node_modules\next\dist\client\components\navigation.js|app-pages-br
owser

Import trace for requested module:
./node_modules/next/dist/client/components/router-reducer/reducers/get-segment-value.js
./node_modules/next/dist/client/components/navigation.js
./node_modules/next/dist/api/navigation.js
./app/components/NavBar.tsx

./node_modules/next/dist/client/components/router-reducer/reducers/has-interception-route-in-current-tree.js
There are multiple modules with names that only differ in casing.
This can lead to unexpected behavior when compiling on a filesystem with other case-semantic.
Use equal casing. Compare these module identifiers:
* javascript/auto|G:\Dev\Proyectos\nextinfaith\node_modules\next\dist\build\webpack\loaders\next-flight-client-module-l
oader.js!G:\Dev\Proyectos\nextinfaith\node_modules\next\dist\build\webpack\loaders\next-swc-loader.js??ruleSet[1].rules
[16].oneOf[6].use[1]!G:\Dev\Proyectos\nextinfaith\node_modules\next\dist\client\components\router-reducer\reducers\has-
interception-route-in-current-tree.js|app-pages-browser
    Used by 5 module(s), i. e.
    javascript/auto|G:\Dev\Proyectos\nextinfaith\node_modules\next\dist\build\webpack\loaders\next-flight-client-module
-loader.js!G:\Dev\Proyectos\nextinfaith\node_modules\next\dist\build\webpack\loaders\next-swc-loader.js??ruleSet[1].rul
es[16].oneOf[6].use[1]!G:\Dev\Proyectos\nextinfaith\node_modules\next\dist\client\components\layout-router.js|app-pages
-browser
* javascript/auto|G:\Dev\Proyectos\nextinfaith\node_modules\next\dist\build\webpack\loaders\next-flight-client-module-l
oader.js!G:\Dev\Proyectos\nextinfaith\node_modules\next\dist\build\webpack\loaders\next-swc-loader.js??ruleSet[1].rules
[16].oneOf[6].use[1]!G:\dev\proyectos\nextinfaith\node_modules\next\dist\client\components\router-reducer\reducers\has-
interception-route-in-current-tree.js|app-pages-browser
    Used by 4 module(s), i. e.
    javascript/auto|G:\Dev\Proyectos\nextinfaith\node_modules\next\dist\build\webpack\loaders\next-flight-client-module
-loader.js!G:\Dev\Proyectos\nextinfaith\node_modules\next\dist\build\webpack\loaders\next-swc-loader.js??ruleSet[1].rul
es[16].oneOf[6].use[1]!G:\dev\proyectos\nextinfaith\node_modules\next\dist\client\components\router-reducer\reducers\re
fresh-reducer.js|app-pages-browser

Import trace for requested module:
./node_modules/next/dist/client/components/router-reducer/reducers/has-interception-route-in-current-tree.js
./node_modules/next/dist/client/components/layout-router.js

./node_modules/next/dist/client/components/router-reducer/reducers/hmr-refresh-reducer.js
There are multiple modules with names that only differ in casing.
This can lead to unexpected behavior when compiling on a filesystem with other case-semantic.
Use equal casing. Compare these module identifiers:
* javascript/auto|G:\Dev\Proyectos\nextinfaith\node_modules\next\dist\build\webpack\loaders\next-flight-client-module-l
oader.js!G:\Dev\Proyectos\nextinfaith\node_modules\next\dist\build\webpack\loaders\next-swc-loader.js??ruleSet[1].rules
[16].oneOf[6].use[1]!G:\Dev\Proyectos\nextinfaith\node_modules\next\dist\client\components\router-reducer\reducers\hmr-
refresh-reducer.js|app-pages-browser
    Used by 2 module(s), i. e.
    javascript/auto|G:\Dev\Proyectos\nextinfaith\node_modules\next\dist\build\webpack\loaders\next-flight-client-module
-loader.js!G:\Dev\Proyectos\nextinfaith\node_modules\next\dist\build\webpack\loaders\next-swc-loader.js??ruleSet[1].rul
es[16].oneOf[6].use[1]!G:\Dev\Proyectos\nextinfaith\node_modules\next\dist\client\components\router-reducer\router-redu
cer.js|app-pages-browser
* javascript/auto|G:\Dev\Proyectos\nextinfaith\node_modules\next\dist\build\webpack\loaders\next-flight-client-module-l
oader.js!G:\Dev\Proyectos\nextinfaith\node_modules\next\dist\build\webpack\loaders\next-swc-loader.js??ruleSet[1].rules
[16].oneOf[6].use[1]!G:\dev\proyectos\nextinfaith\node_modules\next\dist\client\components\router-reducer\reducers\hmr-
refresh-reducer.js|app-pages-browser
    Used by 2 module(s), i. e.
    javascript/auto|G:\Dev\Proyectos\nextinfaith\node_modules\next\dist\build\webpack\loaders\next-flight-client-module
-loader.js!G:\Dev\Proyectos\nextinfaith\node_modules\next\dist\build\webpack\loaders\next-swc-loader.js??ruleSet[1].rul
es[16].oneOf[6].use[1]!G:\dev\proyectos\nextinfaith\node_modules\next\dist\client\components\router-reducer\router-redu
cer.js|app-pages-browser

Import trace for requested module:
./node_modules/next/dist/client/components/router-reducer/reducers/hmr-refresh-reducer.js
./node_modules/next/dist/client/components/router-reducer/router-reducer.js
./node_modules/next/dist/client/components/app-router-instance.js
./node_modules/next/dist/client/components/app-router.js

./node_modules/next/dist/client/components/router-reducer/reducers/navigate-reducer.js
There are multiple modules with names that only differ in casing.
This can lead to unexpected behavior when compiling on a filesystem with other case-semantic.
Use equal casing. Compare these module identifiers:
* javascript/auto|G:\Dev\Proyectos\nextinfaith\node_modules\next\dist\build\webpack\loaders\next-flight-client-module-l
oader.js!G:\Dev\Proyectos\nextinfaith\node_modules\next\dist\build\webpack\loaders\next-swc-loader.js??ruleSet[1].rules
[16].oneOf[6].use[1]!G:\Dev\Proyectos\nextinfaith\node_modules\next\dist\client\components\router-reducer\reducers\navi
gate-reducer.js|app-pages-browser
    Used by 8 module(s), i. e.
    javascript/auto|G:\Dev\Proyectos\nextinfaith\node_modules\next\dist\build\webpack\loaders\next-flight-client-module
-loader.js!G:\Dev\Proyectos\nextinfaith\node_modules\next\dist\build\webpack\loaders\next-swc-loader.js??ruleSet[1].rul
es[16].oneOf[6].use[1]!G:\Dev\Proyectos\nextinfaith\node_modules\next\dist\client\components\router-reducer\router-redu
cer.js|app-pages-browser
* javascript/auto|G:\Dev\Proyectos\nextinfaith\node_modules\next\dist\build\webpack\loaders\next-flight-client-module-l
oader.js!G:\Dev\Proyectos\nextinfaith\node_modules\next\dist\build\webpack\loaders\next-swc-loader.js??ruleSet[1].rules
[16].oneOf[6].use[1]!G:\dev\proyectos\nextinfaith\node_modules\next\dist\client\components\router-reducer\reducers\navi
gate-reducer.js|app-pages-browser
    Used by 8 module(s), i. e.
    javascript/auto|G:\Dev\Proyectos\nextinfaith\node_modules\next\dist\build\webpack\loaders\next-flight-client-module
-loader.js!G:\Dev\Proyectos\nextinfaith\node_modules\next\dist\build\webpack\loaders\next-swc-loader.js??ruleSet[1].rul
es[16].oneOf[6].use[1]!G:\dev\proyectos\nextinfaith\node_modules\next\dist\client\components\router-reducer\router-redu
cer.js|app-pages-browser

Import trace for requested module:
./node_modules/next/dist/client/components/router-reducer/reducers/navigate-reducer.js
./node_modules/next/dist/client/components/router-reducer/router-reducer.js
./node_modules/next/dist/client/components/app-router-instance.js
./node_modules/next/dist/client/components/app-router.js

./node_modules/next/dist/client/components/router-reducer/reducers/prefetch-reducer.js
There are multiple modules with names that only differ in casing.
This can lead to unexpected behavior when compiling on a filesystem with other case-semantic.
Use equal casing. Compare these module identifiers:
* javascript/auto|G:\Dev\Proyectos\nextinfaith\node_modules\next\dist\build\webpack\loaders\next-flight-client-module-l
oader.js!G:\Dev\Proyectos\nextinfaith\node_modules\next\dist\build\webpack\loaders\next-swc-loader.js??ruleSet[1].rules
[16].oneOf[6].use[1]!G:\Dev\Proyectos\nextinfaith\node_modules\next\dist\client\components\router-reducer\reducers\pref
etch-reducer.js|app-pages-browser
    Used by 5 module(s), i. e.
    javascript/auto|G:\Dev\Proyectos\nextinfaith\node_modules\next\dist\build\webpack\loaders\next-flight-client-module
-loader.js!G:\Dev\Proyectos\nextinfaith\node_modules\next\dist\build\webpack\loaders\next-swc-loader.js??ruleSet[1].rul
es[16].oneOf[6].use[1]!G:\Dev\Proyectos\nextinfaith\node_modules\next\dist\client\components\app-router-instance.js|app
-pages-browser
* javascript/auto|G:\Dev\Proyectos\nextinfaith\node_modules\next\dist\build\webpack\loaders\next-flight-client-module-l
oader.js!G:\Dev\Proyectos\nextinfaith\node_modules\next\dist\build\webpack\loaders\next-swc-loader.js??ruleSet[1].rules
[16].oneOf[6].use[1]!G:\dev\proyectos\nextinfaith\node_modules\next\dist\client\components\router-reducer\reducers\pref
etch-reducer.js|app-pages-browser
    Used by 5 module(s), i. e.
    javascript/auto|G:\Dev\Proyectos\nextinfaith\node_modules\next\dist\build\webpack\loaders\next-flight-client-module
-loader.js!G:\Dev\Proyectos\nextinfaith\node_modules\next\dist\build\webpack\loaders\next-swc-loader.js??ruleSet[1].rul
es[16].oneOf[6].use[1]!G:\dev\proyectos\nextinfaith\node_modules\next\dist\client\components\app-router-instance.js|app
-pages-browser

Import trace for requested module:
./node_modules/next/dist/client/components/router-reducer/reducers/prefetch-reducer.js
./node_modules/next/dist/client/components/app-router-instance.js
./node_modules/next/dist/client/components/app-router.js

./node_modules/next/dist/client/components/router-reducer/reducers/refresh-reducer.js
There are multiple modules with names that only differ in casing.
This can lead to unexpected behavior when compiling on a filesystem with other case-semantic.
Use equal casing. Compare these module identifiers:
* javascript/auto|G:\Dev\Proyectos\nextinfaith\node_modules\next\dist\build\webpack\loaders\next-flight-client-module-l
oader.js!G:\Dev\Proyectos\nextinfaith\node_modules\next\dist\build\webpack\loaders\next-swc-loader.js??ruleSet[1].rules
[16].oneOf[6].use[1]!G:\Dev\Proyectos\nextinfaith\node_modules\next\dist\client\components\router-reducer\reducers\refr
esh-reducer.js|app-pages-browser
    Used by 2 module(s), i. e.
    javascript/auto|G:\Dev\Proyectos\nextinfaith\node_modules\next\dist\build\webpack\loaders\next-flight-client-module
-loader.js!G:\Dev\Proyectos\nextinfaith\node_modules\next\dist\build\webpack\loaders\next-swc-loader.js??ruleSet[1].rul
es[16].oneOf[6].use[1]!G:\Dev\Proyectos\nextinfaith\node_modules\next\dist\client\components\router-reducer\router-redu
cer.js|app-pages-browser
* javascript/auto|G:\Dev\Proyectos\nextinfaith\node_modules\next\dist\build\webpack\loaders\next-flight-client-module-l
oader.js!G:\Dev\Proyectos\nextinfaith\node_modules\next\dist\build\webpack\loaders\next-swc-loader.js??ruleSet[1].rules
[16].oneOf[6].use[1]!G:\dev\proyectos\nextinfaith\node_modules\next\dist\client\components\router-reducer\reducers\refr
esh-reducer.js|app-pages-browser
    Used by 2 module(s), i. e.
    javascript/auto|G:\Dev\Proyectos\nextinfaith\node_modules\next\dist\build\webpack\loaders\next-flight-client-module
-loader.js!G:\Dev\Proyectos\nextinfaith\node_modules\next\dist\build\webpack\loaders\next-swc-loader.js??ruleSet[1].rul
es[16].oneOf[6].use[1]!G:\dev\proyectos\nextinfaith\node_modules\next\dist\client\components\router-reducer\router-redu
cer.js|app-pages-browser

Import trace for requested module:
./node_modules/next/dist/client/components/router-reducer/reducers/refresh-reducer.js
./node_modules/next/dist/client/components/router-reducer/router-reducer.js
./node_modules/next/dist/client/components/app-router-instance.js
./node_modules/next/dist/client/components/app-router.js

./node_modules/next/dist/client/components/router-reducer/reducers/restore-reducer.js
There are multiple modules with names that only differ in casing.
This can lead to unexpected behavior when compiling on a filesystem with other case-semantic.
Use equal casing. Compare these module identifiers:
* javascript/auto|G:\Dev\Proyectos\nextinfaith\node_modules\next\dist\build\webpack\loaders\next-flight-client-module-l
oader.js!G:\Dev\Proyectos\nextinfaith\node_modules\next\dist\build\webpack\loaders\next-swc-loader.js??ruleSet[1].rules
[16].oneOf[6].use[1]!G:\Dev\Proyectos\nextinfaith\node_modules\next\dist\client\components\router-reducer\reducers\rest
ore-reducer.js|app-pages-browser
    Used by 2 module(s), i. e.
    javascript/auto|G:\Dev\Proyectos\nextinfaith\node_modules\next\dist\build\webpack\loaders\next-flight-client-module
-loader.js!G:\Dev\Proyectos\nextinfaith\node_modules\next\dist\build\webpack\loaders\next-swc-loader.js??ruleSet[1].rul
es[16].oneOf[6].use[1]!G:\Dev\Proyectos\nextinfaith\node_modules\next\dist\client\components\router-reducer\router-redu
cer.js|app-pages-browser
* javascript/auto|G:\Dev\Proyectos\nextinfaith\node_modules\next\dist\build\webpack\loaders\next-flight-client-module-l
oader.js!G:\Dev\Proyectos\nextinfaith\node_modules\next\dist\build\webpack\loaders\next-swc-loader.js??ruleSet[1].rules
[16].oneOf[6].use[1]!G:\dev\proyectos\nextinfaith\node_modules\next\dist\client\components\router-reducer\reducers\rest
ore-reducer.js|app-pages-browser
    Used by 2 module(s), i. e.
    javascript/auto|G:\Dev\Proyectos\nextinfaith\node_modules\next\dist\build\webpack\loaders\next-flight-client-module
-loader.js!G:\Dev\Proyectos\nextinfaith\node_modules\next\dist\build\webpack\loaders\next-swc-loader.js??ruleSet[1].rul
es[16].oneOf[6].use[1]!G:\dev\proyectos\nextinfaith\node_modules\next\dist\client\components\router-reducer\router-redu
cer.js|app-pages-browser

Import trace for requested module:
./node_modules/next/dist/client/components/router-reducer/reducers/restore-reducer.js
./node_modules/next/dist/client/components/router-reducer/router-reducer.js
./node_modules/next/dist/client/components/app-router-instance.js
./node_modules/next/dist/client/components/app-router.js

./node_modules/next/dist/client/components/router-reducer/reducers/server-action-reducer.js
There are multiple modules with names that only differ in casing.
This can lead to unexpected behavior when compiling on a filesystem with other case-semantic.
Use equal casing. Compare these module identifiers:
* javascript/auto|G:\Dev\Proyectos\nextinfaith\node_modules\next\dist\build\webpack\loaders\next-flight-client-module-l
oader.js!G:\Dev\Proyectos\nextinfaith\node_modules\next\dist\build\webpack\loaders\next-swc-loader.js??ruleSet[1].rules
[16].oneOf[6].use[1]!G:\Dev\Proyectos\nextinfaith\node_modules\next\dist\client\components\router-reducer\reducers\serv
er-action-reducer.js|app-pages-browser
    Used by 2 module(s), i. e.
    javascript/auto|G:\Dev\Proyectos\nextinfaith\node_modules\next\dist\build\webpack\loaders\next-flight-client-module
-loader.js!G:\Dev\Proyectos\nextinfaith\node_modules\next\dist\build\webpack\loaders\next-swc-loader.js??ruleSet[1].rul
es[16].oneOf[6].use[1]!G:\Dev\Proyectos\nextinfaith\node_modules\next\dist\client\components\router-reducer\router-redu
cer.js|app-pages-browser
* javascript/auto|G:\Dev\Proyectos\nextinfaith\node_modules\next\dist\build\webpack\loaders\next-flight-client-module-l
oader.js!G:\Dev\Proyectos\nextinfaith\node_modules\next\dist\build\webpack\loaders\next-swc-loader.js??ruleSet[1].rules
[16].oneOf[6].use[1]!G:\dev\proyectos\nextinfaith\node_modules\next\dist\client\components\router-reducer\reducers\serv
er-action-reducer.js|app-pages-browser
    Used by 2 module(s), i. e.
    javascript/auto|G:\Dev\Proyectos\nextinfaith\node_modules\next\dist\build\webpack\loaders\next-flight-client-module
-loader.js!G:\Dev\Proyectos\nextinfaith\node_modules\next\dist\build\webpack\loaders\next-swc-loader.js??ruleSet[1].rul
es[16].oneOf[6].use[1]!G:\dev\proyectos\nextinfaith\node_modules\next\dist\client\components\router-reducer\router-redu
cer.js|app-pages-browser

Import trace for requested module:
./node_modules/next/dist/client/components/router-reducer/reducers/server-action-reducer.js
./node_modules/next/dist/client/components/router-reducer/router-reducer.js
./node_modules/next/dist/client/components/app-router-instance.js
./node_modules/next/dist/client/components/app-router.js

./node_modules/next/dist/client/components/router-reducer/reducers/server-patch-reducer.js
There are multiple modules with names that only differ in casing.
This can lead to unexpected behavior when compiling on a filesystem with other case-semantic.
Use equal casing. Compare these module identifiers:
* javascript/auto|G:\Dev\Proyectos\nextinfaith\node_modules\next\dist\build\webpack\loaders\next-flight-client-module-l
oader.js!G:\Dev\Proyectos\nextinfaith\node_modules\next\dist\build\webpack\loaders\next-swc-loader.js??ruleSet[1].rules
[16].oneOf[6].use[1]!G:\Dev\Proyectos\nextinfaith\node_modules\next\dist\client\components\router-reducer\reducers\serv
er-patch-reducer.js|app-pages-browser
    Used by 2 module(s), i. e.
    javascript/auto|G:\Dev\Proyectos\nextinfaith\node_modules\next\dist\build\webpack\loaders\next-flight-client-module
-loader.js!G:\Dev\Proyectos\nextinfaith\node_modules\next\dist\build\webpack\loaders\next-swc-loader.js??ruleSet[1].rul
es[16].oneOf[6].use[1]!G:\Dev\Proyectos\nextinfaith\node_modules\next\dist\client\components\router-reducer\router-redu
cer.js|app-pages-browser
* javascript/auto|G:\Dev\Proyectos\nextinfaith\node_modules\next\dist\build\webpack\loaders\next-flight-client-module-l
oader.js!G:\Dev\Proyectos\nextinfaith\node_modules\next\dist\build\webpack\loaders\next-swc-loader.js??ruleSet[1].rules
[16].oneOf[6].use[1]!G:\dev\proyectos\nextinfaith\node_modules\next\dist\client\components\router-reducer\reducers\serv
er-patch-reducer.js|app-pages-browser
    Used by 2 module(s), i. e.
    javascript/auto|G:\Dev\Proyectos\nextinfaith\node_modules\next\dist\build\webpack\loaders\next-flight-client-module
-loader.js!G:\Dev\Proyectos\nextinfaith\node_modules\next\dist\build\webpack\loaders\next-swc-loader.js??ruleSet[1].rul
es[16].oneOf[6].use[1]!G:\dev\proyectos\nextinfaith\node_modules\next\dist\client\components\router-reducer\router-redu
cer.js|app-pages-browser

Import trace for requested module:
./node_modules/next/dist/client/components/router-reducer/reducers/server-patch-reducer.js
./node_modules/next/dist/client/components/router-reducer/router-reducer.js
./node_modules/next/dist/client/components/app-router-instance.js
./node_modules/next/dist/client/components/app-router.js

./node_modules/next/dist/client/components/router-reducer/refetch-inactive-parallel-segments.js
There are multiple modules with names that only differ in casing.
This can lead to unexpected behavior when compiling on a filesystem with other case-semantic.
Use equal casing. Compare these module identifiers:
* javascript/auto|G:\Dev\Proyectos\nextinfaith\node_modules\next\dist\build\webpack\loaders\next-flight-client-module-l
oader.js!G:\Dev\Proyectos\nextinfaith\node_modules\next\dist\build\webpack\loaders\next-swc-loader.js??ruleSet[1].rules
[16].oneOf[6].use[1]!G:\Dev\Proyectos\nextinfaith\node_modules\next\dist\client\components\router-reducer\refetch-inact
ive-parallel-segments.js|app-pages-browser
    Used by 4 module(s), i. e.
    javascript/auto|G:\Dev\Proyectos\nextinfaith\node_modules\next\dist\build\webpack\loaders\next-flight-client-module
-loader.js!G:\Dev\Proyectos\nextinfaith\node_modules\next\dist\build\webpack\loaders\next-swc-loader.js??ruleSet[1].rul
es[16].oneOf[6].use[1]!G:\Dev\Proyectos\nextinfaith\node_modules\next\dist\client\components\router-reducer\reducers\re
fresh-reducer.js|app-pages-browser
* javascript/auto|G:\Dev\Proyectos\nextinfaith\node_modules\next\dist\build\webpack\loaders\next-flight-client-module-l
oader.js!G:\Dev\Proyectos\nextinfaith\node_modules\next\dist\build\webpack\loaders\next-swc-loader.js??ruleSet[1].rules
[16].oneOf[6].use[1]!G:\dev\proyectos\nextinfaith\node_modules\next\dist\client\components\router-reducer\refetch-inact
ive-parallel-segments.js|app-pages-browser
    Used by 5 module(s), i. e.
    javascript/auto|G:\Dev\Proyectos\nextinfaith\node_modules\next\dist\build\webpack\loaders\next-flight-client-module
-loader.js!G:\Dev\Proyectos\nextinfaith\node_modules\next\dist\build\webpack\loaders\next-swc-loader.js??ruleSet[1].rul
es[16].oneOf[6].use[1]!G:\dev\proyectos\nextinfaith\node_modules\next\dist\client\components\router-reducer\create-init
ial-router-state.js|app-pages-browser

Import trace for requested module:
./node_modules/next/dist/client/components/router-reducer/refetch-inactive-parallel-segments.js
./node_modules/next/dist/client/components/router-reducer/reducers/refresh-reducer.js
./node_modules/next/dist/client/components/router-reducer/router-reducer.js
./node_modules/next/dist/client/components/app-router-instance.js
./node_modules/next/dist/client/components/app-router.js

./node_modules/next/dist/client/components/router-reducer/router-reducer-types.js
There are multiple modules with names that only differ in casing.
This can lead to unexpected behavior when compiling on a filesystem with other case-semantic.
Use equal casing. Compare these module identifiers:
* javascript/auto|G:\Dev\Proyectos\nextinfaith\node_modules\next\dist\build\webpack\loaders\next-flight-client-module-l
oader.js!G:\Dev\Proyectos\nextinfaith\node_modules\next\dist\build\webpack\loaders\next-swc-loader.js??ruleSet[1].rules
[16].oneOf[6].use[1]!G:\Dev\Proyectos\nextinfaith\node_modules\next\dist\client\components\router-reducer\router-reduce
r-types.js|app-pages-browser
    Used by 12 module(s), i. e.
    javascript/auto|G:\Dev\Proyectos\nextinfaith\node_modules\next\dist\build\webpack\loaders\next-flight-client-module
-loader.js!G:\Dev\Proyectos\nextinfaith\node_modules\next\dist\build\webpack\loaders\next-swc-loader.js??ruleSet[1].rul
es[16].oneOf[6].use[1]!G:\Dev\Proyectos\nextinfaith\node_modules\next\dist\client\components\app-router.js|app-pages-br
owser
* javascript/auto|G:\Dev\Proyectos\nextinfaith\node_modules\next\dist\build\webpack\loaders\next-flight-client-module-l
oader.js!G:\Dev\Proyectos\nextinfaith\node_modules\next\dist\build\webpack\loaders\next-swc-loader.js??ruleSet[1].rules
[16].oneOf[6].use[1]!G:\dev\proyectos\nextinfaith\node_modules\next\dist\client\components\router-reducer\router-reduce
r-types.js|app-pages-browser
    Used by 12 module(s), i. e.
    javascript/auto|G:\Dev\Proyectos\nextinfaith\node_modules\next\dist\build\webpack\loaders\next-flight-client-module
-loader.js!G:\Dev\Proyectos\nextinfaith\node_modules\next\dist\build\webpack\loaders\next-swc-loader.js??ruleSet[1].rul
es[16].oneOf[6].use[1]!G:\dev\proyectos\nextinfaith\node_modules\next\dist\client\app-call-server.js|app-pages-browser

Import trace for requested module:
./node_modules/next/dist/client/components/router-reducer/router-reducer-types.js
./node_modules/next/dist/client/components/app-router.js

./node_modules/next/dist/client/components/router-reducer/router-reducer.js
There are multiple modules with names that only differ in casing.
This can lead to unexpected behavior when compiling on a filesystem with other case-semantic.
Use equal casing. Compare these module identifiers:
* javascript/auto|G:\Dev\Proyectos\nextinfaith\node_modules\next\dist\build\webpack\loaders\next-flight-client-module-l
oader.js!G:\Dev\Proyectos\nextinfaith\node_modules\next\dist\build\webpack\loaders\next-swc-loader.js??ruleSet[1].rules
[16].oneOf[6].use[1]!G:\Dev\Proyectos\nextinfaith\node_modules\next\dist\client\components\router-reducer\router-reduce
r.js|app-pages-browser
    Used by 2 module(s), i. e.
    javascript/auto|G:\Dev\Proyectos\nextinfaith\node_modules\next\dist\build\webpack\loaders\next-flight-client-module
-loader.js!G:\Dev\Proyectos\nextinfaith\node_modules\next\dist\build\webpack\loaders\next-swc-loader.js??ruleSet[1].rul
es[16].oneOf[6].use[1]!G:\Dev\Proyectos\nextinfaith\node_modules\next\dist\client\components\app-router-instance.js|app
-pages-browser
* javascript/auto|G:\Dev\Proyectos\nextinfaith\node_modules\next\dist\build\webpack\loaders\next-flight-client-module-l
oader.js!G:\Dev\Proyectos\nextinfaith\node_modules\next\dist\build\webpack\loaders\next-swc-loader.js??ruleSet[1].rules
[16].oneOf[6].use[1]!G:\dev\proyectos\nextinfaith\node_modules\next\dist\client\components\router-reducer\router-reduce
r.js|app-pages-browser
    Used by 2 module(s), i. e.
    javascript/auto|G:\Dev\Proyectos\nextinfaith\node_modules\next\dist\build\webpack\loaders\next-flight-client-module
-loader.js!G:\Dev\Proyectos\nextinfaith\node_modules\next\dist\build\webpack\loaders\next-swc-loader.js??ruleSet[1].rul
es[16].oneOf[6].use[1]!G:\dev\proyectos\nextinfaith\node_modules\next\dist\client\components\app-router-instance.js|app
-pages-browser

Import trace for requested module:
./node_modules/next/dist/client/components/router-reducer/router-reducer.js
./node_modules/next/dist/client/components/app-router-instance.js
./node_modules/next/dist/client/components/app-router.js

./node_modules/next/dist/client/components/router-reducer/set-cache-busting-search-param.js
There are multiple modules with names that only differ in casing.
This can lead to unexpected behavior when compiling on a filesystem with other case-semantic.
Use equal casing. Compare these module identifiers:
* javascript/auto|G:\Dev\Proyectos\nextinfaith\node_modules\next\dist\build\webpack\loaders\next-flight-client-module-l
oader.js!G:\Dev\Proyectos\nextinfaith\node_modules\next\dist\build\webpack\loaders\next-swc-loader.js??ruleSet[1].rules
[16].oneOf[6].use[1]!G:\Dev\Proyectos\nextinfaith\node_modules\next\dist\client\components\router-reducer\set-cache-bus
ting-search-param.js|app-pages-browser
    Used by 2 module(s), i. e.
    javascript/auto|G:\Dev\Proyectos\nextinfaith\node_modules\next\dist\build\webpack\loaders\next-flight-client-module
-loader.js!G:\Dev\Proyectos\nextinfaith\node_modules\next\dist\build\webpack\loaders\next-swc-loader.js??ruleSet[1].rul
es[16].oneOf[6].use[1]!G:\Dev\Proyectos\nextinfaith\node_modules\next\dist\client\components\router-reducer\fetch-serve
r-response.js|app-pages-browser
* javascript/auto|G:\Dev\Proyectos\nextinfaith\node_modules\next\dist\build\webpack\loaders\next-flight-client-module-l
oader.js!G:\Dev\Proyectos\nextinfaith\node_modules\next\dist\build\webpack\loaders\next-swc-loader.js??ruleSet[1].rules
[16].oneOf[6].use[1]!G:\dev\proyectos\nextinfaith\node_modules\next\dist\client\components\router-reducer\set-cache-bus
ting-search-param.js|app-pages-browser
    Used by 2 module(s), i. e.
    javascript/auto|G:\Dev\Proyectos\nextinfaith\node_modules\next\dist\build\webpack\loaders\next-flight-client-module
-loader.js!G:\Dev\Proyectos\nextinfaith\node_modules\next\dist\build\webpack\loaders\next-swc-loader.js??ruleSet[1].rul
es[16].oneOf[6].use[1]!G:\dev\proyectos\nextinfaith\node_modules\next\dist\client\components\router-reducer\fetch-serve
r-response.js|app-pages-browser

Import trace for requested module:
./node_modules/next/dist/client/components/router-reducer/set-cache-busting-search-param.js
./node_modules/next/dist/client/components/router-reducer/fetch-server-response.js
./node_modules/next/dist/client/components/layout-router.js

./node_modules/next/dist/client/components/router-reducer/should-hard-navigate.js
There are multiple modules with names that only differ in casing.
This can lead to unexpected behavior when compiling on a filesystem with other case-semantic.
Use equal casing. Compare these module identifiers:
* javascript/auto|G:\Dev\Proyectos\nextinfaith\node_modules\next\dist\build\webpack\loaders\next-flight-client-module-l
oader.js!G:\Dev\Proyectos\nextinfaith\node_modules\next\dist\build\webpack\loaders\next-swc-loader.js??ruleSet[1].rules
[16].oneOf[6].use[1]!G:\Dev\Proyectos\nextinfaith\node_modules\next\dist\client\components\router-reducer\should-hard-n
avigate.js|app-pages-browser
    Used by 2 module(s), i. e.
    javascript/auto|G:\Dev\Proyectos\nextinfaith\node_modules\next\dist\build\webpack\loaders\next-flight-client-module
-loader.js!G:\Dev\Proyectos\nextinfaith\node_modules\next\dist\build\webpack\loaders\next-swc-loader.js??ruleSet[1].rul
es[16].oneOf[6].use[1]!G:\Dev\Proyectos\nextinfaith\node_modules\next\dist\client\components\router-reducer\reducers\na
vigate-reducer.js|app-pages-browser
* javascript/auto|G:\Dev\Proyectos\nextinfaith\node_modules\next\dist\build\webpack\loaders\next-flight-client-module-l
oader.js!G:\Dev\Proyectos\nextinfaith\node_modules\next\dist\build\webpack\loaders\next-swc-loader.js??ruleSet[1].rules
[16].oneOf[6].use[1]!G:\dev\proyectos\nextinfaith\node_modules\next\dist\client\components\router-reducer\should-hard-n
avigate.js|app-pages-browser
    Used by 2 module(s), i. e.
    javascript/auto|G:\Dev\Proyectos\nextinfaith\node_modules\next\dist\build\webpack\loaders\next-flight-client-module
-loader.js!G:\Dev\Proyectos\nextinfaith\node_modules\next\dist\build\webpack\loaders\next-swc-loader.js??ruleSet[1].rul
es[16].oneOf[6].use[1]!G:\dev\proyectos\nextinfaith\node_modules\next\dist\client\components\router-reducer\reducers\na
vigate-reducer.js|app-pages-browser

Import trace for requested module:
./node_modules/next/dist/client/components/router-reducer/should-hard-navigate.js
./node_modules/next/dist/client/components/router-reducer/reducers/navigate-reducer.js
./node_modules/next/dist/client/components/router-reducer/router-reducer.js
./node_modules/next/dist/client/components/app-router-instance.js
./node_modules/next/dist/client/components/app-router.js

./node_modules/next/dist/client/components/segment-cache.js
There are multiple modules with names that only differ in casing.
This can lead to unexpected behavior when compiling on a filesystem with other case-semantic.
Use equal casing. Compare these module identifiers:
* javascript/auto|G:\Dev\Proyectos\nextinfaith\node_modules\next\dist\build\webpack\loaders\next-flight-client-module-l
oader.js!G:\Dev\Proyectos\nextinfaith\node_modules\next\dist\build\webpack\loaders\next-swc-loader.js??ruleSet[1].rules
[16].oneOf[6].use[1]!G:\Dev\Proyectos\nextinfaith\node_modules\next\dist\client\components\segment-cache.js|app-pages-b
rowser
    Used by 7 module(s), i. e.
    javascript/auto|G:\Dev\Proyectos\nextinfaith\node_modules\next\dist\build\webpack\loaders\next-flight-client-module
-loader.js!G:\Dev\Proyectos\nextinfaith\node_modules\next\dist\build\webpack\loaders\next-swc-loader.js??ruleSet[1].rul
es[16].oneOf[6].use[1]!G:\Dev\Proyectos\nextinfaith\node_modules\next\dist\client\components\app-router-instance.js|app
-pages-browser
* javascript/auto|G:\Dev\Proyectos\nextinfaith\node_modules\next\dist\build\webpack\loaders\next-flight-client-module-l
oader.js!G:\Dev\Proyectos\nextinfaith\node_modules\next\dist\build\webpack\loaders\next-swc-loader.js??ruleSet[1].rules
[16].oneOf[6].use[1]!G:\dev\proyectos\nextinfaith\node_modules\next\dist\client\components\segment-cache.js|app-pages-b
rowser
    Used by 6 module(s), i. e.
    javascript/auto|G:\Dev\Proyectos\nextinfaith\node_modules\next\dist\build\webpack\loaders\next-flight-client-module
-loader.js!G:\Dev\Proyectos\nextinfaith\node_modules\next\dist\build\webpack\loaders\next-swc-loader.js??ruleSet[1].rul
es[16].oneOf[6].use[1]!G:\dev\proyectos\nextinfaith\node_modules\next\dist\client\components\app-router-instance.js|app
-pages-browser

Import trace for requested module:
./node_modules/next/dist/client/components/segment-cache.js
./node_modules/next/dist/client/components/app-router-instance.js
./node_modules/next/dist/client/components/app-router.js

./node_modules/next/dist/client/components/unauthorized.js
There are multiple modules with names that only differ in casing.
This can lead to unexpected behavior when compiling on a filesystem with other case-semantic.
Use equal casing. Compare these module identifiers:
* javascript/auto|G:\Dev\Proyectos\nextinfaith\node_modules\next\dist\build\webpack\loaders\next-flight-client-module-l
oader.js!G:\Dev\Proyectos\nextinfaith\node_modules\next\dist\build\webpack\loaders\next-swc-loader.js??ruleSet[1].rules
[16].oneOf[6].use[1]!G:\Dev\Proyectos\nextinfaith\node_modules\next\dist\client\components\unauthorized.js|app-pages-br
owser
    Used by 2 module(s), i. e.
    javascript/auto|G:\Dev\Proyectos\nextinfaith\node_modules\next\dist\build\webpack\loaders\next-flight-client-module
-loader.js!G:\Dev\Proyectos\nextinfaith\node_modules\next\dist\build\webpack\loaders\next-swc-loader.js??ruleSet[1].rul
es[16].oneOf[6].use[1]!G:\Dev\Proyectos\nextinfaith\node_modules\next\dist\client\components\navigation.react-server.js
|app-pages-browser
* javascript/auto|G:\Dev\Proyectos\nextinfaith\node_modules\next\dist\build\webpack\loaders\next-flight-client-module-l
oader.js!G:\Dev\Proyectos\nextinfaith\node_modules\next\dist\build\webpack\loaders\next-swc-loader.js??ruleSet[1].rules
[16].oneOf[6].use[1]!G:\dev\proyectos\nextinfaith\node_modules\next\dist\client\components\unauthorized.js|app-pages-br
owser
    Used by 2 module(s), i. e.
    javascript/auto|G:\Dev\Proyectos\nextinfaith\node_modules\next\dist\build\webpack\loaders\next-flight-client-module
-loader.js!G:\Dev\Proyectos\nextinfaith\node_modules\next\dist\build\webpack\loaders\next-swc-loader.js??ruleSet[1].rul
es[16].oneOf[6].use[1]!G:\dev\proyectos\nextinfaith\node_modules\next\dist\client\components\navigation.react-server.js
|app-pages-browser

Import trace for requested module:
./node_modules/next/dist/client/components/unauthorized.js
./node_modules/next/dist/client/components/navigation.react-server.js
./node_modules/next/dist/client/components/navigation.js
./node_modules/next/dist/api/navigation.js
./app/components/NavBar.tsx

./node_modules/next/dist/client/components/unrecognized-action-error.js
There are multiple modules with names that only differ in casing.
This can lead to unexpected behavior when compiling on a filesystem with other case-semantic.
Use equal casing. Compare these module identifiers:
* javascript/auto|G:\Dev\Proyectos\nextinfaith\node_modules\next\dist\build\webpack\loaders\next-flight-client-module-l
oader.js!G:\Dev\Proyectos\nextinfaith\node_modules\next\dist\build\webpack\loaders\next-swc-loader.js??ruleSet[1].rules
[16].oneOf[6].use[1]!G:\Dev\Proyectos\nextinfaith\node_modules\next\dist\client\components\unrecognized-action-error.js
|app-pages-browser
    Used by 3 module(s), i. e.
    javascript/auto|G:\Dev\Proyectos\nextinfaith\node_modules\next\dist\build\webpack\loaders\next-flight-client-module
-loader.js!G:\Dev\Proyectos\nextinfaith\node_modules\next\dist\build\webpack\loaders\next-swc-loader.js??ruleSet[1].rul
es[16].oneOf[6].use[1]!G:\Dev\Proyectos\nextinfaith\node_modules\next\dist\client\components\navigation.js|app-pages-br
owser
* javascript/auto|G:\Dev\Proyectos\nextinfaith\node_modules\next\dist\build\webpack\loaders\next-flight-client-module-l
oader.js!G:\Dev\Proyectos\nextinfaith\node_modules\next\dist\build\webpack\loaders\next-swc-loader.js??ruleSet[1].rules
[16].oneOf[6].use[1]!G:\dev\proyectos\nextinfaith\node_modules\next\dist\client\components\unrecognized-action-error.js
|app-pages-browser
    Used by 3 module(s), i. e.
    javascript/auto|G:\Dev\Proyectos\nextinfaith\node_modules\next\dist\build\webpack\loaders\next-flight-client-module
-loader.js!G:\Dev\Proyectos\nextinfaith\node_modules\next\dist\build\webpack\loaders\next-swc-loader.js??ruleSet[1].rul
es[16].oneOf[6].use[1]!G:\dev\proyectos\nextinfaith\node_modules\next\dist\client\components\router-reducer\reducers\se
rver-action-reducer.js|app-pages-browser

Import trace for requested module:
./node_modules/next/dist/client/components/unrecognized-action-error.js
./node_modules/next/dist/client/components/navigation.js
./node_modules/next/dist/api/navigation.js
./app/components/NavBar.tsx

./node_modules/next/dist/client/components/unresolved-thenable.js
There are multiple modules with names that only differ in casing.
This can lead to unexpected behavior when compiling on a filesystem with other case-semantic.
Use equal casing. Compare these module identifiers:
* javascript/auto|G:\Dev\Proyectos\nextinfaith\node_modules\next\dist\build\webpack\loaders\next-flight-client-module-l
oader.js!G:\Dev\Proyectos\nextinfaith\node_modules\next\dist\build\webpack\loaders\next-swc-loader.js??ruleSet[1].rules
[16].oneOf[6].use[1]!G:\Dev\Proyectos\nextinfaith\node_modules\next\dist\client\components\unresolved-thenable.js|app-p
ages-browser
    Used by 3 module(s), i. e.
    javascript/auto|G:\Dev\Proyectos\nextinfaith\node_modules\next\dist\build\webpack\loaders\next-flight-client-module
-loader.js!G:\Dev\Proyectos\nextinfaith\node_modules\next\dist\build\webpack\loaders\next-swc-loader.js??ruleSet[1].rul
es[16].oneOf[6].use[1]!G:\Dev\Proyectos\nextinfaith\node_modules\next\dist\client\components\app-router.js|app-pages-br
owser
* javascript/auto|G:\Dev\Proyectos\nextinfaith\node_modules\next\dist\build\webpack\loaders\next-flight-client-module-l
oader.js!G:\Dev\Proyectos\nextinfaith\node_modules\next\dist\build\webpack\loaders\next-swc-loader.js??ruleSet[1].rules
[16].oneOf[6].use[1]!G:\dev\proyectos\nextinfaith\node_modules\next\dist\client\components\unresolved-thenable.js|app-p
ages-browser
    Used by 2 module(s), i. e.
    javascript/auto|G:\Dev\Proyectos\nextinfaith\node_modules\next\dist\build\webpack\loaders\next-flight-client-module
-loader.js!G:\Dev\Proyectos\nextinfaith\node_modules\next\dist\build\webpack\loaders\next-swc-loader.js??ruleSet[1].rul
es[16].oneOf[6].use[1]!G:\dev\proyectos\nextinfaith\node_modules\next\dist\client\components\app-router.js|app-pages-br
owser

Import trace for requested module:
./node_modules/next/dist/client/components/unresolved-thenable.js
./node_modules/next/dist/client/components/app-router.js

./node_modules/next/dist/client/components/unstable-rethrow.browser.js
There are multiple modules with names that only differ in casing.
This can lead to unexpected behavior when compiling on a filesystem with other case-semantic.
Use equal casing. Compare these module identifiers:
* javascript/auto|G:\Dev\Proyectos\nextinfaith\node_modules\next\dist\build\webpack\loaders\next-flight-client-module-l
oader.js!G:\Dev\Proyectos\nextinfaith\node_modules\next\dist\build\webpack\loaders\next-swc-loader.js??ruleSet[1].rules
[16].oneOf[6].use[1]!G:\Dev\Proyectos\nextinfaith\node_modules\next\dist\client\components\unstable-rethrow.browser.js|
app-pages-browser
    Used by 2 module(s), i. e.
    javascript/auto|G:\Dev\Proyectos\nextinfaith\node_modules\next\dist\build\webpack\loaders\next-flight-client-module
-loader.js!G:\Dev\Proyectos\nextinfaith\node_modules\next\dist\build\webpack\loaders\next-swc-loader.js??ruleSet[1].rul
es[16].oneOf[6].use[1]!G:\Dev\Proyectos\nextinfaith\node_modules\next\dist\client\components\unstable-rethrow.js|app-pa
ges-browser
* javascript/auto|G:\Dev\Proyectos\nextinfaith\node_modules\next\dist\build\webpack\loaders\next-flight-client-module-l
oader.js!G:\Dev\Proyectos\nextinfaith\node_modules\next\dist\build\webpack\loaders\next-swc-loader.js??ruleSet[1].rules
[16].oneOf[6].use[1]!G:\dev\proyectos\nextinfaith\node_modules\next\dist\client\components\unstable-rethrow.browser.js|
app-pages-browser
    Used by 2 module(s), i. e.
    javascript/auto|G:\Dev\Proyectos\nextinfaith\node_modules\next\dist\build\webpack\loaders\next-flight-client-module
-loader.js!G:\Dev\Proyectos\nextinfaith\node_modules\next\dist\build\webpack\loaders\next-swc-loader.js??ruleSet[1].rul
es[16].oneOf[6].use[1]!G:\dev\proyectos\nextinfaith\node_modules\next\dist\client\components\unstable-rethrow.js|app-pa
ges-browser

Import trace for requested module:
./node_modules/next/dist/client/components/unstable-rethrow.browser.js
./node_modules/next/dist/client/components/unstable-rethrow.js
./node_modules/next/dist/client/components/navigation.react-server.js
./node_modules/next/dist/client/components/navigation.js
./node_modules/next/dist/api/navigation.js
./app/components/NavBar.tsx

./node_modules/next/dist/client/components/unstable-rethrow.js
There are multiple modules with names that only differ in casing.
This can lead to unexpected behavior when compiling on a filesystem with other case-semantic.
Use equal casing. Compare these module identifiers:
* javascript/auto|G:\Dev\Proyectos\nextinfaith\node_modules\next\dist\build\webpack\loaders\next-flight-client-module-l
oader.js!G:\Dev\Proyectos\nextinfaith\node_modules\next\dist\build\webpack\loaders\next-swc-loader.js??ruleSet[1].rules
[16].oneOf[6].use[1]!G:\Dev\Proyectos\nextinfaith\node_modules\next\dist\client\components\unstable-rethrow.js|app-page
s-browser
    Used by 2 module(s), i. e.
    javascript/auto|G:\Dev\Proyectos\nextinfaith\node_modules\next\dist\build\webpack\loaders\next-flight-client-module
-loader.js!G:\Dev\Proyectos\nextinfaith\node_modules\next\dist\build\webpack\loaders\next-swc-loader.js??ruleSet[1].rul
es[16].oneOf[6].use[1]!G:\Dev\Proyectos\nextinfaith\node_modules\next\dist\client\components\navigation.react-server.js
|app-pages-browser
* javascript/auto|G:\Dev\Proyectos\nextinfaith\node_modules\next\dist\build\webpack\loaders\next-flight-client-module-l
oader.js!G:\Dev\Proyectos\nextinfaith\node_modules\next\dist\build\webpack\loaders\next-swc-loader.js??ruleSet[1].rules
[16].oneOf[6].use[1]!G:\dev\proyectos\nextinfaith\node_modules\next\dist\client\components\unstable-rethrow.js|app-page
s-browser
    Used by 2 module(s), i. e.
    javascript/auto|G:\Dev\Proyectos\nextinfaith\node_modules\next\dist\build\webpack\loaders\next-flight-client-module
-loader.js!G:\Dev\Proyectos\nextinfaith\node_modules\next\dist\build\webpack\loaders\next-swc-loader.js??ruleSet[1].rul
es[16].oneOf[6].use[1]!G:\dev\proyectos\nextinfaith\node_modules\next\dist\client\components\navigation.react-server.js
|app-pages-browser

Import trace for requested module:
./node_modules/next/dist/client/components/unstable-rethrow.js
./node_modules/next/dist/client/components/navigation.react-server.js
./node_modules/next/dist/client/components/navigation.js
./node_modules/next/dist/api/navigation.js
./app/components/NavBar.tsx

./node_modules/next/dist/client/components/use-action-queue.js
There are multiple modules with names that only differ in casing.
This can lead to unexpected behavior when compiling on a filesystem with other case-semantic.
Use equal casing. Compare these module identifiers:
* javascript/auto|G:\Dev\Proyectos\nextinfaith\node_modules\next\dist\build\webpack\loaders\next-flight-client-module-l
oader.js!G:\Dev\Proyectos\nextinfaith\node_modules\next\dist\build\webpack\loaders\next-swc-loader.js??ruleSet[1].rules
[16].oneOf[6].use[1]!G:\Dev\Proyectos\nextinfaith\node_modules\next\dist\client\components\use-action-queue.js|app-page
s-browser
    Used by 5 module(s), i. e.
    javascript/auto|G:\Dev\Proyectos\nextinfaith\node_modules\next\dist\build\webpack\loaders\next-flight-client-module
-loader.js!G:\Dev\Proyectos\nextinfaith\node_modules\next\dist\build\webpack\loaders\next-swc-loader.js??ruleSet[1].rul
es[16].oneOf[6].use[1]!G:\Dev\Proyectos\nextinfaith\node_modules\next\dist\client\components\app-router.js|app-pages-br
owser
* javascript/auto|G:\Dev\Proyectos\nextinfaith\node_modules\next\dist\build\webpack\loaders\next-flight-client-module-l
oader.js!G:\Dev\Proyectos\nextinfaith\node_modules\next\dist\build\webpack\loaders\next-swc-loader.js??ruleSet[1].rules
[16].oneOf[6].use[1]!G:\dev\proyectos\nextinfaith\node_modules\next\dist\client\components\use-action-queue.js|app-page
s-browser
    Used by 4 module(s), i. e.
    javascript/auto|G:\Dev\Proyectos\nextinfaith\node_modules\next\dist\build\webpack\loaders\next-flight-client-module
-loader.js!G:\Dev\Proyectos\nextinfaith\node_modules\next\dist\build\webpack\loaders\next-swc-loader.js??ruleSet[1].rul
es[16].oneOf[6].use[1]!G:\dev\proyectos\nextinfaith\node_modules\next\dist\client\app-call-server.js|app-pages-browser

Import trace for requested module:
./node_modules/next/dist/client/components/use-action-queue.js
./node_modules/next/dist/client/components/app-router.js

./node_modules/next/dist/client/flight-data-helpers.js
There are multiple modules with names that only differ in casing.
This can lead to unexpected behavior when compiling on a filesystem with other case-semantic.
Use equal casing. Compare these module identifiers:
* javascript/auto|G:\Dev\Proyectos\nextinfaith\node_modules\next\dist\build\webpack\loaders\next-flight-client-module-l
oader.js!G:\Dev\Proyectos\nextinfaith\node_modules\next\dist\build\webpack\loaders\next-swc-loader.js??ruleSet[1].rules
[16].oneOf[6].use[1]!G:\Dev\Proyectos\nextinfaith\node_modules\next\dist\client\flight-data-helpers.js|app-pages-browse
r
    Used by 7 module(s), i. e.
    javascript/auto|G:\Dev\Proyectos\nextinfaith\node_modules\next\dist\build\webpack\loaders\next-flight-client-module
-loader.js!G:\Dev\Proyectos\nextinfaith\node_modules\next\dist\build\webpack\loaders\next-swc-loader.js??ruleSet[1].rul
es[16].oneOf[6].use[1]!G:\Dev\Proyectos\nextinfaith\node_modules\next\dist\client\components\router-reducer\fetch-serve
r-response.js|app-pages-browser
* javascript/auto|G:\Dev\Proyectos\nextinfaith\node_modules\next\dist\build\webpack\loaders\next-flight-client-module-l
oader.js!G:\Dev\Proyectos\nextinfaith\node_modules\next\dist\build\webpack\loaders\next-swc-loader.js??ruleSet[1].rules
[16].oneOf[6].use[1]!G:\dev\proyectos\nextinfaith\node_modules\next\dist\client\flight-data-helpers.js|app-pages-browse
r
    Used by 8 module(s), i. e.
    javascript/auto|G:\Dev\Proyectos\nextinfaith\node_modules\next\dist\build\webpack\loaders\next-flight-client-module
-loader.js!G:\Dev\Proyectos\nextinfaith\node_modules\next\dist\build\webpack\loaders\next-swc-loader.js??ruleSet[1].rul
es[16].oneOf[6].use[1]!G:\dev\proyectos\nextinfaith\node_modules\next\dist\client\components\router-reducer\create-init
ial-router-state.js|app-pages-browser

Import trace for requested module:
./node_modules/next/dist/client/flight-data-helpers.js
./node_modules/next/dist/client/components/router-reducer/fetch-server-response.js
./node_modules/next/dist/client/components/layout-router.js

./node_modules/next/dist/client/has-base-path.js
There are multiple modules with names that only differ in casing.
This can lead to unexpected behavior when compiling on a filesystem with other case-semantic.
Use equal casing. Compare these module identifiers:
* javascript/auto|G:\Dev\Proyectos\nextinfaith\node_modules\next\dist\build\webpack\loaders\next-flight-client-module-l
oader.js!G:\Dev\Proyectos\nextinfaith\node_modules\next\dist\build\webpack\loaders\next-swc-loader.js??ruleSet[1].rules
[16].oneOf[6].use[1]!G:\Dev\Proyectos\nextinfaith\node_modules\next\dist\client\has-base-path.js|app-pages-browser
    Used by 5 module(s), i. e.
    javascript/auto|G:\Dev\Proyectos\nextinfaith\node_modules\next\dist\build\webpack\loaders\next-flight-client-module
-loader.js!G:\Dev\Proyectos\nextinfaith\node_modules\next\dist\build\webpack\loaders\next-swc-loader.js??ruleSet[1].rul
es[16].oneOf[6].use[1]!G:\Dev\Proyectos\nextinfaith\node_modules\next\dist\client\components\app-router.js|app-pages-br
owser
* javascript/auto|G:\Dev\Proyectos\nextinfaith\node_modules\next\dist\build\webpack\loaders\next-flight-client-module-l
oader.js!G:\Dev\Proyectos\nextinfaith\node_modules\next\dist\build\webpack\loaders\next-swc-loader.js??ruleSet[1].rules
[16].oneOf[6].use[1]!G:\dev\proyectos\nextinfaith\node_modules\next\dist\client\has-base-path.js|app-pages-browser
    Used by 4 module(s), i. e.
    javascript/auto|G:\Dev\Proyectos\nextinfaith\node_modules\next\dist\build\webpack\loaders\next-flight-client-module
-loader.js!G:\Dev\Proyectos\nextinfaith\node_modules\next\dist\build\webpack\loaders\next-swc-loader.js??ruleSet[1].rul
es[16].oneOf[6].use[1]!G:\dev\proyectos\nextinfaith\node_modules\next\dist\client\components\app-router.js|app-pages-br
owser

Import trace for requested module:
./node_modules/next/dist/client/has-base-path.js
./node_modules/next/dist/client/components/app-router.js

./node_modules/next/dist/client/normalize-trailing-slash.js
There are multiple modules with names that only differ in casing.
This can lead to unexpected behavior when compiling on a filesystem with other case-semantic.
Use equal casing. Compare these module identifiers:
* javascript/auto|G:\Dev\Proyectos\nextinfaith\node_modules\next\dist\build\webpack\loaders\next-flight-client-module-l
oader.js!G:\Dev\Proyectos\nextinfaith\node_modules\next\dist\build\webpack\loaders\next-swc-loader.js??ruleSet[1].rules
[16].oneOf[6].use[1]!G:\Dev\Proyectos\nextinfaith\node_modules\next\dist\client\normalize-trailing-slash.js|app-pages-b
rowser
    Used by 2 module(s), i. e.
    javascript/auto|G:\Dev\Proyectos\nextinfaith\node_modules\next\dist\build\webpack\loaders\next-flight-client-module
-loader.js!G:\Dev\Proyectos\nextinfaith\node_modules\next\dist\build\webpack\loaders\next-swc-loader.js??ruleSet[1].rul
es[16].oneOf[6].use[1]!G:\Dev\Proyectos\nextinfaith\node_modules\next\dist\client\add-base-path.js|app-pages-browser
* javascript/auto|G:\Dev\Proyectos\nextinfaith\node_modules\next\dist\build\webpack\loaders\next-flight-client-module-l
oader.js!G:\Dev\Proyectos\nextinfaith\node_modules\next\dist\build\webpack\loaders\next-swc-loader.js??ruleSet[1].rules
[16].oneOf[6].use[1]!G:\dev\proyectos\nextinfaith\node_modules\next\dist\client\normalize-trailing-slash.js|app-pages-b
rowser
    Used by 2 module(s), i. e.
    javascript/auto|G:\Dev\Proyectos\nextinfaith\node_modules\next\dist\build\webpack\loaders\next-flight-client-module
-loader.js!G:\Dev\Proyectos\nextinfaith\node_modules\next\dist\build\webpack\loaders\next-swc-loader.js??ruleSet[1].rul
es[16].oneOf[6].use[1]!G:\dev\proyectos\nextinfaith\node_modules\next\dist\client\add-base-path.js|app-pages-browser

Import trace for requested module:
./node_modules/next/dist/client/normalize-trailing-slash.js
./node_modules/next/dist/client/add-base-path.js
./node_modules/next/dist/client/components/app-router.js

./node_modules/next/dist/client/remove-base-path.js
There are multiple modules with names that only differ in casing.
This can lead to unexpected behavior when compiling on a filesystem with other case-semantic.
Use equal casing. Compare these module identifiers:
* javascript/auto|G:\Dev\Proyectos\nextinfaith\node_modules\next\dist\build\webpack\loaders\next-flight-client-module-l
oader.js!G:\Dev\Proyectos\nextinfaith\node_modules\next\dist\build\webpack\loaders\next-swc-loader.js??ruleSet[1].rules
[16].oneOf[6].use[1]!G:\Dev\Proyectos\nextinfaith\node_modules\next\dist\client\remove-base-path.js|app-pages-browser
    Used by 3 module(s), i. e.
    javascript/auto|G:\Dev\Proyectos\nextinfaith\node_modules\next\dist\build\webpack\loaders\next-flight-client-module
-loader.js!G:\Dev\Proyectos\nextinfaith\node_modules\next\dist\build\webpack\loaders\next-swc-loader.js??ruleSet[1].rul
es[16].oneOf[6].use[1]!G:\Dev\Proyectos\nextinfaith\node_modules\next\dist\client\components\app-router.js|app-pages-br
owser
* javascript/auto|G:\Dev\Proyectos\nextinfaith\node_modules\next\dist\build\webpack\loaders\next-flight-client-module-l
oader.js!G:\Dev\Proyectos\nextinfaith\node_modules\next\dist\build\webpack\loaders\next-swc-loader.js??ruleSet[1].rules
[16].oneOf[6].use[1]!G:\dev\proyectos\nextinfaith\node_modules\next\dist\client\remove-base-path.js|app-pages-browser
    Used by 3 module(s), i. e.
    javascript/auto|G:\Dev\Proyectos\nextinfaith\node_modules\next\dist\build\webpack\loaders\next-flight-client-module
-loader.js!G:\Dev\Proyectos\nextinfaith\node_modules\next\dist\build\webpack\loaders\next-swc-loader.js??ruleSet[1].rul
es[16].oneOf[6].use[1]!G:\dev\proyectos\nextinfaith\node_modules\next\dist\client\components\app-router.js|app-pages-br
owser

Import trace for requested module:
./node_modules/next/dist/client/remove-base-path.js
./node_modules/next/dist/client/components/app-router.js

./node_modules/next/dist/client/route-params.js
There are multiple modules with names that only differ in casing.
This can lead to unexpected behavior when compiling on a filesystem with other case-semantic.
Use equal casing. Compare these module identifiers:
* javascript/auto|G:\Dev\Proyectos\nextinfaith\node_modules\next\dist\build\webpack\loaders\next-flight-client-module-l
oader.js!G:\Dev\Proyectos\nextinfaith\node_modules\next\dist\build\webpack\loaders\next-swc-loader.js??ruleSet[1].rules
[16].oneOf[6].use[1]!G:\Dev\Proyectos\nextinfaith\node_modules\next\dist\client\route-params.js|app-pages-browser
    Used by 2 module(s), i. e.
    javascript/auto|G:\Dev\Proyectos\nextinfaith\node_modules\next\dist\build\webpack\loaders\next-flight-client-module
-loader.js!G:\Dev\Proyectos\nextinfaith\node_modules\next\dist\build\webpack\loaders\next-swc-loader.js??ruleSet[1].rul
es[16].oneOf[6].use[1]!G:\Dev\Proyectos\nextinfaith\node_modules\next\dist\client\components\router-reducer\fetch-serve
r-response.js|app-pages-browser
* javascript/auto|G:\Dev\Proyectos\nextinfaith\node_modules\next\dist\build\webpack\loaders\next-flight-client-module-l
oader.js!G:\Dev\Proyectos\nextinfaith\node_modules\next\dist\build\webpack\loaders\next-swc-loader.js??ruleSet[1].rules
[16].oneOf[6].use[1]!G:\dev\proyectos\nextinfaith\node_modules\next\dist\client\route-params.js|app-pages-browser
    Used by 2 module(s), i. e.
    javascript/auto|G:\Dev\Proyectos\nextinfaith\node_modules\next\dist\build\webpack\loaders\next-flight-client-module
-loader.js!G:\Dev\Proyectos\nextinfaith\node_modules\next\dist\build\webpack\loaders\next-swc-loader.js??ruleSet[1].rul
es[16].oneOf[6].use[1]!G:\dev\proyectos\nextinfaith\node_modules\next\dist\client\components\router-reducer\fetch-serve
r-response.js|app-pages-browser

Import trace for requested module:
./node_modules/next/dist/client/route-params.js
./node_modules/next/dist/client/components/router-reducer/fetch-server-response.js
./node_modules/next/dist/client/components/layout-router.js

./node_modules/next/dist/lib/framework/boundary-components.js
There are multiple modules with names that only differ in casing.
This can lead to unexpected behavior when compiling on a filesystem with other case-semantic.
Use equal casing. Compare these module identifiers:
* javascript/auto|G:\Dev\Proyectos\nextinfaith\node_modules\next\dist\build\webpack\loaders\next-flight-client-module-l
oader.js!G:\Dev\Proyectos\nextinfaith\node_modules\next\dist\build\webpack\loaders\next-swc-loader.js??ruleSet[1].rules
[16].oneOf[6].use[1]!G:\Dev\Proyectos\nextinfaith\node_modules\next\dist\lib\framework\boundary-components.js|app-pages
-browser
    Used by 3 module(s), i. e.
    javascript/auto|G:\Dev\Proyectos\nextinfaith\node_modules\next\dist\build\webpack\loaders\next-flight-client-entry-
loader.js?modules=%7B%22request%22%3A%22G%3A%5C%5CDev%5C%5CProyectos%5C%5Cnextinfaith%5C%5Cnode_modules%5C%5Cnext%5C%5C
dist%5C%5Cclient%5C%5Ccomponents%5C%5Cclient-page.js%22%2C%22ids%22%3A%5B%5D%7D&modules=%7B%22request%22%3A%22G%3A%5C%5
CDev%5C%5CProyectos%5C%5Cnextinfaith%5C%5Cnode_modules%5C%5Cnext%5C%5Cdist%5C%5Cclient%5C%5Ccomponents%5C%5Cclient-segm
ent.js%22%2C%22ids%22%3A%5B%5D%7D&modules=%7B%22request%22%3A%22G%3A%5C%5CDev%5C%5CProyectos%5C%5Cnextinfaith%5C%5Cnode
_modules%5C%5Cnext%5C%5Cdist%5C%5Cclient%5C%5Ccomponents%5C%5Chttp-access-fallback%5C%5Cerror-boundary.js%22%2C%22ids%2
2%3A%5B%5D%7D&modules=%7B%22request%22%3A%22G%3A%5C%5CDev%5C%5CProyectos%5C%5Cnextinfaith%5C%5Cnode_modules%5C%5Cnext%5
C%5Cdist%5C%5Cclient%5C%5Ccomponents%5C%5Clayout-router.js%22%2C%22ids%22%3A%5B%5D%7D&modules=%7B%22request%22%3A%22G%3
A%5C%5CDev%5C%5CProyectos%5C%5Cnextinfaith%5C%5Cnode_modules%5C%5Cnext%5C%5Cdist%5C%5Cclient%5C%5Ccomponents%5C%5Cmetad
ata%5C%5Casync-metadata.js%22%2C%22ids%22%3A%5B%5D%7D&modules=%7B%22request%22%3A%22G%3A%5C%5CDev%5C%5CProyectos%5C%5Cn
extinfaith%5C%5Cnode_modules%5C%5Cnext%5C%5Cdist%5C%5Cclient%5C%5Ccomponents%5C%5Crender-from-template-context.js%22%2C
%22ids%22%3A%5B%5D%7D&modules=%7B%22request%22%3A%22G%3A%5C%5CDev%5C%5CProyectos%5C%5Cnextinfaith%5C%5Cnode_modules%5C%
5Cnext%5C%5Cdist%5C%5Clib%5C%5Cframework%5C%5Cboundary-components.js%22%2C%22ids%22%3A%5B%5D%7D&modules=%7B%22request%2
2%3A%22G%3A%5C%5CDev%5C%5CProyectos%5C%5Cnextinfaith%5C%5Cnode_modules%5C%5Cnext%5C%5Cdist%5C%5Clib%5C%5Cmetadata%5C%5C
generate%5C%5Cicon-mark.js%22%2C%22ids%22%3A%5B%5D%7D&server=false!|app-pages-browser
* javascript/auto|G:\Dev\Proyectos\nextinfaith\node_modules\next\dist\build\webpack\loaders\next-flight-client-module-l
oader.js!G:\Dev\Proyectos\nextinfaith\node_modules\next\dist\build\webpack\loaders\next-swc-loader.js??ruleSet[1].rules
[16].oneOf[6].use[1]!G:\dev\proyectos\nextinfaith\node_modules\next\dist\lib\framework\boundary-components.js|app-pages
-browser
    Used by 2 module(s), i. e.
    javascript/auto|G:\Dev\Proyectos\nextinfaith\node_modules\next\dist\build\webpack\loaders\next-flight-client-module
-loader.js!G:\Dev\Proyectos\nextinfaith\node_modules\next\dist\build\webpack\loaders\next-swc-loader.js??ruleSet[1].rul
es[16].oneOf[6].use[1]!G:\dev\proyectos\nextinfaith\node_modules\next\dist\client\components\app-router.js|app-pages-br
owser

Import trace for requested module:
./node_modules/next/dist/lib/framework/boundary-components.js

./node_modules/next/dist/lib/framework/boundary-constants.js
There are multiple modules with names that only differ in casing.
This can lead to unexpected behavior when compiling on a filesystem with other case-semantic.
Use equal casing. Compare these module identifiers:
* javascript/auto|G:\Dev\Proyectos\nextinfaith\node_modules\next\dist\build\webpack\loaders\next-flight-client-module-l
oader.js!G:\Dev\Proyectos\nextinfaith\node_modules\next\dist\build\webpack\loaders\next-swc-loader.js??ruleSet[1].rules
[16].oneOf[6].use[1]!G:\Dev\Proyectos\nextinfaith\node_modules\next\dist\lib\framework\boundary-constants.js|app-pages-
browser
    Used by 2 module(s), i. e.
    javascript/auto|G:\Dev\Proyectos\nextinfaith\node_modules\next\dist\build\webpack\loaders\next-flight-client-module
-loader.js!G:\Dev\Proyectos\nextinfaith\node_modules\next\dist\build\webpack\loaders\next-swc-loader.js??ruleSet[1].rul
es[16].oneOf[6].use[1]!G:\Dev\Proyectos\nextinfaith\node_modules\next\dist\lib\framework\boundary-components.js|app-pag
es-browser
* javascript/auto|G:\Dev\Proyectos\nextinfaith\node_modules\next\dist\build\webpack\loaders\next-flight-client-module-l
oader.js!G:\Dev\Proyectos\nextinfaith\node_modules\next\dist\build\webpack\loaders\next-swc-loader.js??ruleSet[1].rules
[16].oneOf[6].use[1]!G:\dev\proyectos\nextinfaith\node_modules\next\dist\lib\framework\boundary-constants.js|app-pages-
browser
    Used by 3 module(s), i. e.
    javascript/auto|G:\Dev\Proyectos\nextinfaith\node_modules\next\dist\build\webpack\loaders\next-flight-client-module
-loader.js!G:\Dev\Proyectos\nextinfaith\node_modules\next\dist\build\webpack\loaders\next-swc-loader.js??ruleSet[1].rul
es[16].oneOf[6].use[1]!G:\dev\proyectos\nextinfaith\node_modules\next\dist\lib\framework\boundary-components.js|app-pag
es-browser

Import trace for requested module:
./node_modules/next/dist/lib/framework/boundary-constants.js
./node_modules/next/dist/lib/framework/boundary-components.js

./node_modules/next/dist/shared/lib/app-router-context.shared-runtime.js
There are multiple modules with names that only differ in casing.
This can lead to unexpected behavior when compiling on a filesystem with other case-semantic.
Use equal casing. Compare these module identifiers:
* javascript/auto|G:\Dev\Proyectos\nextinfaith\node_modules\next\dist\build\webpack\loaders\next-flight-client-module-l
oader.js!G:\Dev\Proyectos\nextinfaith\node_modules\next\dist\build\webpack\loaders\next-swc-loader.js??ruleSet[1].rules
[16].oneOf[6].use[1]!G:\Dev\Proyectos\nextinfaith\node_modules\next\dist\shared\lib\app-router-context.shared-runtime.j
s|app-pages-browser
    Used by 7 module(s), i. e.
    javascript/auto|G:\Dev\Proyectos\nextinfaith\node_modules\next\dist\build\webpack\loaders\next-flight-client-module
-loader.js!G:\Dev\Proyectos\nextinfaith\node_modules\next\dist\build\webpack\loaders\next-swc-loader.js??ruleSet[1].rul
es[16].oneOf[6].use[1]!G:\Dev\Proyectos\nextinfaith\node_modules\next\dist\client\components\app-router.js|app-pages-br
owser
* javascript/auto|G:\Dev\Proyectos\nextinfaith\node_modules\next\dist\build\webpack\loaders\next-flight-client-module-l
oader.js!G:\Dev\Proyectos\nextinfaith\node_modules\next\dist\build\webpack\loaders\next-swc-loader.js??ruleSet[1].rules
[16].oneOf[6].use[1]!G:\dev\proyectos\nextinfaith\node_modules\next\dist\shared\lib\app-router-context.shared-runtime.j
s|app-pages-browser
    Used by 4 module(s), i. e.
    javascript/auto|G:\Dev\Proyectos\nextinfaith\node_modules\next\dist\build\webpack\loaders\next-flight-client-module
-loader.js!G:\Dev\Proyectos\nextinfaith\node_modules\next\dist\build\webpack\loaders\next-swc-loader.js??ruleSet[1].rul
es[16].oneOf[6].use[1]!G:\dev\proyectos\nextinfaith\node_modules\next\dist\client\app-index.js|app-pages-browser

Import trace for requested module:
./node_modules/next/dist/shared/lib/app-router-context.shared-runtime.js
./node_modules/next/dist/client/components/app-router.js

./node_modules/next/dist/shared/lib/hash.js
There are multiple modules with names that only differ in casing.
This can lead to unexpected behavior when compiling on a filesystem with other case-semantic.
Use equal casing. Compare these module identifiers:
* javascript/auto|G:\Dev\Proyectos\nextinfaith\node_modules\next\dist\build\webpack\loaders\next-flight-client-module-l
oader.js!G:\Dev\Proyectos\nextinfaith\node_modules\next\dist\build\webpack\loaders\next-swc-loader.js??ruleSet[1].rules
[16].oneOf[6].use[1]!G:\Dev\Proyectos\nextinfaith\node_modules\next\dist\shared\lib\hash.js|app-pages-browser
    Used by 2 module(s), i. e.
    javascript/auto|G:\Dev\Proyectos\nextinfaith\node_modules\next\dist\build\webpack\loaders\next-flight-client-module
-loader.js!G:\Dev\Proyectos\nextinfaith\node_modules\next\dist\build\webpack\loaders\next-swc-loader.js??ruleSet[1].rul
es[16].oneOf[6].use[1]!G:\Dev\Proyectos\nextinfaith\node_modules\next\dist\shared\lib\router\utils\cache-busting-search
-param.js|app-pages-browser
* javascript/auto|G:\Dev\Proyectos\nextinfaith\node_modules\next\dist\build\webpack\loaders\next-flight-client-module-l
oader.js!G:\Dev\Proyectos\nextinfaith\node_modules\next\dist\build\webpack\loaders\next-swc-loader.js??ruleSet[1].rules
[16].oneOf[6].use[1]!G:\dev\proyectos\nextinfaith\node_modules\next\dist\shared\lib\hash.js|app-pages-browser
    Used by 2 module(s), i. e.
    javascript/auto|G:\Dev\Proyectos\nextinfaith\node_modules\next\dist\build\webpack\loaders\next-flight-client-module
-loader.js!G:\Dev\Proyectos\nextinfaith\node_modules\next\dist\build\webpack\loaders\next-swc-loader.js??ruleSet[1].rul
es[16].oneOf[6].use[1]!G:\dev\proyectos\nextinfaith\node_modules\next\dist\shared\lib\router\utils\cache-busting-search
-param.js|app-pages-browser

Import trace for requested module:
./node_modules/next/dist/shared/lib/hash.js
./node_modules/next/dist/shared/lib/router/utils/cache-busting-search-param.js
./node_modules/next/dist/client/components/router-reducer/set-cache-busting-search-param.js
./node_modules/next/dist/client/components/router-reducer/fetch-server-response.js
./node_modules/next/dist/client/components/layout-router.js

./node_modules/next/dist/shared/lib/head-manager-context.shared-runtime.js
There are multiple modules with names that only differ in casing.
This can lead to unexpected behavior when compiling on a filesystem with other case-semantic.
Use equal casing. Compare these module identifiers:
* javascript/auto|G:\Dev\Proyectos\nextinfaith\node_modules\next\dist\build\webpack\loaders\next-flight-client-module-l
oader.js!G:\Dev\Proyectos\nextinfaith\node_modules\next\dist\build\webpack\loaders\next-swc-loader.js??ruleSet[1].rules
[16].oneOf[6].use[1]!G:\Dev\Proyectos\nextinfaith\node_modules\next\dist\shared\lib\head-manager-context.shared-runtime
.js|app-pages-browser
    Used by 1 module(s), i. e.
    javascript/auto|G:\Dev\Proyectos\nextinfaith\node_modules\next\dist\build\webpack\loaders\next-flight-client-module
-loader.js!G:\Dev\Proyectos\nextinfaith\node_modules\next\dist\build\webpack\loaders\next-swc-loader.js??ruleSet[1].rul
es[16].oneOf[6].use[1]!G:\Dev\Proyectos\nextinfaith\node_modules\next\dist\shared\lib\head.js|app-pages-browser
* javascript/auto|G:\Dev\Proyectos\nextinfaith\node_modules\next\dist\build\webpack\loaders\next-flight-client-module-l
oader.js!G:\Dev\Proyectos\nextinfaith\node_modules\next\dist\build\webpack\loaders\next-swc-loader.js??ruleSet[1].rules
[16].oneOf[6].use[1]!G:\dev\proyectos\nextinfaith\node_modules\next\dist\shared\lib\head-manager-context.shared-runtime
.js|app-pages-browser
    Used by 1 module(s), i. e.
    javascript/auto|G:\Dev\Proyectos\nextinfaith\node_modules\next\dist\build\webpack\loaders\next-flight-client-module
-loader.js!G:\Dev\Proyectos\nextinfaith\node_modules\next\dist\build\webpack\loaders\next-swc-loader.js??ruleSet[1].rul
es[16].oneOf[6].use[1]!G:\dev\proyectos\nextinfaith\node_modules\next\dist\client\app-index.js|app-pages-browser

Import trace for requested module:
./node_modules/next/dist/shared/lib/head-manager-context.shared-runtime.js
./node_modules/next/dist/shared/lib/head.js
./node_modules/next/dist/client/image-component.js
./node_modules/next/dist/shared/lib/image-external.js
./node_modules/next/dist/api/image.js
./app/components/NavBar.tsx

./node_modules/next/dist/shared/lib/hooks-client-context.shared-runtime.js
There are multiple modules with names that only differ in casing.
This can lead to unexpected behavior when compiling on a filesystem with other case-semantic.
Use equal casing. Compare these module identifiers:
* javascript/auto|G:\Dev\Proyectos\nextinfaith\node_modules\next\dist\build\webpack\loaders\next-flight-client-module-l
oader.js!G:\Dev\Proyectos\nextinfaith\node_modules\next\dist\build\webpack\loaders\next-swc-loader.js??ruleSet[1].rules
[16].oneOf[6].use[1]!G:\Dev\Proyectos\nextinfaith\node_modules\next\dist\shared\lib\hooks-client-context.shared-runtime
.js|app-pages-browser
    Used by 4 module(s), i. e.
    javascript/auto|G:\Dev\Proyectos\nextinfaith\node_modules\next\dist\build\webpack\loaders\next-flight-client-module
-loader.js!G:\Dev\Proyectos\nextinfaith\node_modules\next\dist\build\webpack\loaders\next-swc-loader.js??ruleSet[1].rul
es[16].oneOf[6].use[1]!G:\Dev\Proyectos\nextinfaith\node_modules\next\dist\client\components\app-router.js|app-pages-br
owser
* javascript/auto|G:\Dev\Proyectos\nextinfaith\node_modules\next\dist\build\webpack\loaders\next-flight-client-module-l
oader.js!G:\Dev\Proyectos\nextinfaith\node_modules\next\dist\build\webpack\loaders\next-swc-loader.js??ruleSet[1].rules
[16].oneOf[6].use[1]!G:\dev\proyectos\nextinfaith\node_modules\next\dist\shared\lib\hooks-client-context.shared-runtime
.js|app-pages-browser
    Used by 4 module(s), i. e.
    javascript/auto|G:\Dev\Proyectos\nextinfaith\node_modules\next\dist\build\webpack\loaders\next-flight-client-module
-loader.js!G:\Dev\Proyectos\nextinfaith\node_modules\next\dist\build\webpack\loaders\next-swc-loader.js??ruleSet[1].rul
es[16].oneOf[6].use[1]!G:\dev\proyectos\nextinfaith\node_modules\next\dist\client\components\app-router.js|app-pages-br
owser

Import trace for requested module:
./node_modules/next/dist/shared/lib/hooks-client-context.shared-runtime.js
./node_modules/next/dist/client/components/app-router.js

./node_modules/next/dist/shared/lib/invariant-error.js
There are multiple modules with names that only differ in casing.
This can lead to unexpected behavior when compiling on a filesystem with other case-semantic.
Use equal casing. Compare these module identifiers:
* javascript/auto|G:\Dev\Proyectos\nextinfaith\node_modules\next\dist\build\webpack\loaders\next-flight-client-module-l
oader.js!G:\Dev\Proyectos\nextinfaith\node_modules\next\dist\build\webpack\loaders\next-swc-loader.js??ruleSet[1].rules
[16].oneOf[6].use[1]!G:\Dev\Proyectos\nextinfaith\node_modules\next\dist\shared\lib\invariant-error.js|app-pages-browse
r
    Used by 3 module(s), i. e.
    javascript/auto|G:\Dev\Proyectos\nextinfaith\node_modules\next\dist\build\webpack\loaders\next-flight-client-module
-loader.js!G:\Dev\Proyectos\nextinfaith\node_modules\next\dist\build\webpack\loaders\next-swc-loader.js??ruleSet[1].rul
es[16].oneOf[6].use[1]!G:\Dev\Proyectos\nextinfaith\node_modules\next\dist\client\components\client-page.js|app-pages-b
rowser
* javascript/auto|G:\Dev\Proyectos\nextinfaith\node_modules\next\dist\build\webpack\loaders\next-flight-client-module-l
oader.js!G:\Dev\Proyectos\nextinfaith\node_modules\next\dist\build\webpack\loaders\next-swc-loader.js??ruleSet[1].rules
[16].oneOf[6].use[1]!G:\dev\proyectos\nextinfaith\node_modules\next\dist\shared\lib\invariant-error.js|app-pages-browse
r
    Used by 2 module(s), i. e.
    javascript/auto|G:\Dev\Proyectos\nextinfaith\node_modules\next\dist\build\webpack\loaders\next-flight-client-module
-loader.js!G:\Dev\Proyectos\nextinfaith\node_modules\next\dist\build\webpack\loaders\next-swc-loader.js??ruleSet[1].rul
es[16].oneOf[6].use[1]!G:\dev\proyectos\nextinfaith\node_modules\next\dist\client\components\links.js|app-pages-browser

Import trace for requested module:
./node_modules/next/dist/shared/lib/invariant-error.js
./node_modules/next/dist/client/components/client-page.js

./node_modules/next/dist/shared/lib/is-thenable.js
There are multiple modules with names that only differ in casing.
This can lead to unexpected behavior when compiling on a filesystem with other case-semantic.
Use equal casing. Compare these module identifiers:
* javascript/auto|G:\Dev\Proyectos\nextinfaith\node_modules\next\dist\build\webpack\loaders\next-flight-client-module-l
oader.js!G:\Dev\Proyectos\nextinfaith\node_modules\next\dist\build\webpack\loaders\next-swc-loader.js??ruleSet[1].rules
[16].oneOf[6].use[1]!G:\Dev\Proyectos\nextinfaith\node_modules\next\dist\shared\lib\is-thenable.js|app-pages-browser
    Used by 2 module(s), i. e.
    javascript/auto|G:\Dev\Proyectos\nextinfaith\node_modules\next\dist\build\webpack\loaders\next-flight-client-module
-loader.js!G:\Dev\Proyectos\nextinfaith\node_modules\next\dist\build\webpack\loaders\next-swc-loader.js??ruleSet[1].rul
es[16].oneOf[6].use[1]!G:\Dev\Proyectos\nextinfaith\node_modules\next\dist\client\components\use-action-queue.js|app-pa
ges-browser
* javascript/auto|G:\Dev\Proyectos\nextinfaith\node_modules\next\dist\build\webpack\loaders\next-flight-client-module-l
oader.js!G:\Dev\Proyectos\nextinfaith\node_modules\next\dist\build\webpack\loaders\next-swc-loader.js??ruleSet[1].rules
[16].oneOf[6].use[1]!G:\dev\proyectos\nextinfaith\node_modules\next\dist\shared\lib\is-thenable.js|app-pages-browser
    Used by 2 module(s), i. e.
    javascript/auto|G:\Dev\Proyectos\nextinfaith\node_modules\next\dist\build\webpack\loaders\next-flight-client-module
-loader.js!G:\Dev\Proyectos\nextinfaith\node_modules\next\dist\build\webpack\loaders\next-swc-loader.js??ruleSet[1].rul
es[16].oneOf[6].use[1]!G:\dev\proyectos\nextinfaith\node_modules\next\dist\client\components\app-router-instance.js|app
-pages-browser

Import trace for requested module:
./node_modules/next/dist/shared/lib/is-thenable.js
./node_modules/next/dist/client/components/use-action-queue.js
./node_modules/next/dist/client/components/app-router.js

./node_modules/next/dist/shared/lib/lazy-dynamic/bailout-to-csr.js
There are multiple modules with names that only differ in casing.
This can lead to unexpected behavior when compiling on a filesystem with other case-semantic.
Use equal casing. Compare these module identifiers:
* javascript/auto|G:\Dev\Proyectos\nextinfaith\node_modules\next\dist\build\webpack\loaders\next-flight-client-module-l
oader.js!G:\Dev\Proyectos\nextinfaith\node_modules\next\dist\build\webpack\loaders\next-swc-loader.js??ruleSet[1].rules
[16].oneOf[6].use[1]!G:\Dev\Proyectos\nextinfaith\node_modules\next\dist\shared\lib\lazy-dynamic\bailout-to-csr.js|app-
pages-browser
    Used by 2 module(s), i. e.
    javascript/auto|G:\Dev\Proyectos\nextinfaith\node_modules\next\dist\build\webpack\loaders\next-flight-client-module
-loader.js!G:\Dev\Proyectos\nextinfaith\node_modules\next\dist\build\webpack\loaders\next-swc-loader.js??ruleSet[1].rul
es[16].oneOf[6].use[1]!G:\Dev\Proyectos\nextinfaith\node_modules\next\dist\client\components\unstable-rethrow.browser.j
s|app-pages-browser
* javascript/auto|G:\Dev\Proyectos\nextinfaith\node_modules\next\dist\build\webpack\loaders\next-flight-client-module-l
oader.js!G:\Dev\Proyectos\nextinfaith\node_modules\next\dist\build\webpack\loaders\next-swc-loader.js??ruleSet[1].rules
[16].oneOf[6].use[1]!G:\dev\proyectos\nextinfaith\node_modules\next\dist\shared\lib\lazy-dynamic\bailout-to-csr.js|app-
pages-browser
    Used by 7 module(s), i. e.
    javascript/auto|G:\Dev\Proyectos\nextinfaith\node_modules\next\dist\build\webpack\loaders\next-flight-client-module
-loader.js!G:\Dev\Proyectos\nextinfaith\node_modules\next\dist\build\webpack\loaders\next-swc-loader.js??ruleSet[1].rul
es[16].oneOf[6].use[1]!G:\dev\proyectos\nextinfaith\node_modules\next\dist\client\react-client-callbacks\on-recoverable
-error.js|app-pages-browser

Import trace for requested module:
./node_modules/next/dist/shared/lib/lazy-dynamic/bailout-to-csr.js
./node_modules/next/dist/client/components/unstable-rethrow.browser.js
./node_modules/next/dist/client/components/unstable-rethrow.js
./node_modules/next/dist/client/components/navigation.react-server.js
./node_modules/next/dist/client/components/navigation.js
./node_modules/next/dist/api/navigation.js
./app/components/NavBar.tsx

./node_modules/next/dist/shared/lib/page-path/ensure-leading-slash.js
There are multiple modules with names that only differ in casing.
This can lead to unexpected behavior when compiling on a filesystem with other case-semantic.
Use equal casing. Compare these module identifiers:
* javascript/auto|G:\Dev\Proyectos\nextinfaith\node_modules\next\dist\build\webpack\loaders\next-flight-client-module-l
oader.js!G:\Dev\Proyectos\nextinfaith\node_modules\next\dist\build\webpack\loaders\next-swc-loader.js??ruleSet[1].rules
[16].oneOf[6].use[1]!G:\Dev\Proyectos\nextinfaith\node_modules\next\dist\shared\lib\page-path\ensure-leading-slash.js|a
pp-pages-browser
    Used by 1 module(s), i. e.
    javascript/auto|G:\Dev\Proyectos\nextinfaith\node_modules\next\dist\build\webpack\loaders\next-flight-client-module
-loader.js!G:\Dev\Proyectos\nextinfaith\node_modules\next\dist\build\webpack\loaders\next-swc-loader.js??ruleSet[1].rul
es[16].oneOf[6].use[1]!G:\Dev\Proyectos\nextinfaith\node_modules\next\dist\shared\lib\router\utils\app-paths.js|app-pag
es-browser
* javascript/auto|G:\Dev\Proyectos\nextinfaith\node_modules\next\dist\build\webpack\loaders\next-flight-client-module-l
oader.js!G:\Dev\Proyectos\nextinfaith\node_modules\next\dist\build\webpack\loaders\next-swc-loader.js??ruleSet[1].rules
[16].oneOf[6].use[1]!G:\dev\proyectos\nextinfaith\node_modules\next\dist\shared\lib\page-path\ensure-leading-slash.js|a
pp-pages-browser
    Used by 1 module(s), i. e.
    javascript/auto|G:\Dev\Proyectos\nextinfaith\node_modules\next\dist\build\webpack\loaders\next-flight-client-module
-loader.js!G:\Dev\Proyectos\nextinfaith\node_modules\next\dist\build\webpack\loaders\next-swc-loader.js??ruleSet[1].rul
es[16].oneOf[6].use[1]!G:\dev\proyectos\nextinfaith\node_modules\next\dist\shared\lib\router\utils\app-paths.js|app-pag
es-browser

Import trace for requested module:
./node_modules/next/dist/shared/lib/page-path/ensure-leading-slash.js
./node_modules/next/dist/shared/lib/router/utils/app-paths.js
./node_modules/next/dist/client/components/layout-router.js

./node_modules/next/dist/shared/lib/router/utils/add-path-prefix.js
There are multiple modules with names that only differ in casing.
This can lead to unexpected behavior when compiling on a filesystem with other case-semantic.
Use equal casing. Compare these module identifiers:
* javascript/auto|G:\Dev\Proyectos\nextinfaith\node_modules\next\dist\build\webpack\loaders\next-flight-client-module-l
oader.js!G:\Dev\Proyectos\nextinfaith\node_modules\next\dist\build\webpack\loaders\next-swc-loader.js??ruleSet[1].rules
[16].oneOf[6].use[1]!G:\Dev\Proyectos\nextinfaith\node_modules\next\dist\shared\lib\router\utils\add-path-prefix.js|app
-pages-browser
    Used by 1 module(s), i. e.
    javascript/auto|G:\Dev\Proyectos\nextinfaith\node_modules\next\dist\build\webpack\loaders\next-flight-client-module
-loader.js!G:\Dev\Proyectos\nextinfaith\node_modules\next\dist\build\webpack\loaders\next-swc-loader.js??ruleSet[1].rul
es[16].oneOf[6].use[1]!G:\Dev\Proyectos\nextinfaith\node_modules\next\dist\client\add-base-path.js|app-pages-browser
* javascript/auto|G:\Dev\Proyectos\nextinfaith\node_modules\next\dist\build\webpack\loaders\next-flight-client-module-l
oader.js!G:\Dev\Proyectos\nextinfaith\node_modules\next\dist\build\webpack\loaders\next-swc-loader.js??ruleSet[1].rules
[16].oneOf[6].use[1]!G:\dev\proyectos\nextinfaith\node_modules\next\dist\shared\lib\router\utils\add-path-prefix.js|app
-pages-browser
    Used by 1 module(s), i. e.
    javascript/auto|G:\Dev\Proyectos\nextinfaith\node_modules\next\dist\build\webpack\loaders\next-flight-client-module
-loader.js!G:\Dev\Proyectos\nextinfaith\node_modules\next\dist\build\webpack\loaders\next-swc-loader.js??ruleSet[1].rul
es[16].oneOf[6].use[1]!G:\dev\proyectos\nextinfaith\node_modules\next\dist\client\add-base-path.js|app-pages-browser

Import trace for requested module:
./node_modules/next/dist/shared/lib/router/utils/add-path-prefix.js
./node_modules/next/dist/client/add-base-path.js
./node_modules/next/dist/client/components/app-router.js

./node_modules/next/dist/shared/lib/router/utils/app-paths.js
There are multiple modules with names that only differ in casing.
This can lead to unexpected behavior when compiling on a filesystem with other case-semantic.
Use equal casing. Compare these module identifiers:
* javascript/auto|G:\Dev\Proyectos\nextinfaith\node_modules\next\dist\build\webpack\loaders\next-flight-client-module-l
oader.js!G:\Dev\Proyectos\nextinfaith\node_modules\next\dist\build\webpack\loaders\next-swc-loader.js??ruleSet[1].rules
[16].oneOf[6].use[1]!G:\Dev\Proyectos\nextinfaith\node_modules\next\dist\shared\lib\router\utils\app-paths.js|app-pages
-browser
    Used by 3 module(s), i. e.
    javascript/auto|G:\Dev\Proyectos\nextinfaith\node_modules\next\dist\build\webpack\loaders\next-flight-client-module
-loader.js!G:\Dev\Proyectos\nextinfaith\node_modules\next\dist\build\webpack\loaders\next-swc-loader.js??ruleSet[1].rul
es[16].oneOf[6].use[1]!G:\Dev\Proyectos\nextinfaith\node_modules\next\dist\client\components\layout-router.js|app-pages
-browser
* javascript/auto|G:\Dev\Proyectos\nextinfaith\node_modules\next\dist\build\webpack\loaders\next-flight-client-module-l
oader.js!G:\Dev\Proyectos\nextinfaith\node_modules\next\dist\build\webpack\loaders\next-swc-loader.js??ruleSet[1].rules
[16].oneOf[6].use[1]!G:\dev\proyectos\nextinfaith\node_modules\next\dist\shared\lib\router\utils\app-paths.js|app-pages
-browser
    Used by 2 module(s), i. e.
    javascript/auto|G:\Dev\Proyectos\nextinfaith\node_modules\next\dist\build\webpack\loaders\next-flight-client-module
-loader.js!G:\Dev\Proyectos\nextinfaith\node_modules\next\dist\build\webpack\loaders\next-swc-loader.js??ruleSet[1].rul
es[16].oneOf[6].use[1]!G:\dev\proyectos\nextinfaith\node_modules\next\dist\shared\lib\router\utils\interception-routes.
js|app-pages-browser

Import trace for requested module:
./node_modules/next/dist/shared/lib/router/utils/app-paths.js
./node_modules/next/dist/client/components/layout-router.js

./node_modules/next/dist/shared/lib/router/utils/cache-busting-search-param.js
There are multiple modules with names that only differ in casing.
This can lead to unexpected behavior when compiling on a filesystem with other case-semantic.
Use equal casing. Compare these module identifiers:
* javascript/auto|G:\Dev\Proyectos\nextinfaith\node_modules\next\dist\build\webpack\loaders\next-flight-client-module-l
oader.js!G:\Dev\Proyectos\nextinfaith\node_modules\next\dist\build\webpack\loaders\next-swc-loader.js??ruleSet[1].rules
[16].oneOf[6].use[1]!G:\Dev\Proyectos\nextinfaith\node_modules\next\dist\shared\lib\router\utils\cache-busting-search-p
aram.js|app-pages-browser
    Used by 1 module(s), i. e.
    javascript/auto|G:\Dev\Proyectos\nextinfaith\node_modules\next\dist\build\webpack\loaders\next-flight-client-module
-loader.js!G:\Dev\Proyectos\nextinfaith\node_modules\next\dist\build\webpack\loaders\next-swc-loader.js??ruleSet[1].rul
es[16].oneOf[6].use[1]!G:\Dev\Proyectos\nextinfaith\node_modules\next\dist\client\components\router-reducer\set-cache-b
usting-search-param.js|app-pages-browser
* javascript/auto|G:\Dev\Proyectos\nextinfaith\node_modules\next\dist\build\webpack\loaders\next-flight-client-module-l
oader.js!G:\Dev\Proyectos\nextinfaith\node_modules\next\dist\build\webpack\loaders\next-swc-loader.js??ruleSet[1].rules
[16].oneOf[6].use[1]!G:\dev\proyectos\nextinfaith\node_modules\next\dist\shared\lib\router\utils\cache-busting-search-p
aram.js|app-pages-browser
    Used by 1 module(s), i. e.
    javascript/auto|G:\Dev\Proyectos\nextinfaith\node_modules\next\dist\build\webpack\loaders\next-flight-client-module
-loader.js!G:\Dev\Proyectos\nextinfaith\node_modules\next\dist\build\webpack\loaders\next-swc-loader.js??ruleSet[1].rul
es[16].oneOf[6].use[1]!G:\dev\proyectos\nextinfaith\node_modules\next\dist\client\components\router-reducer\set-cache-b
usting-search-param.js|app-pages-browser

Import trace for requested module:
./node_modules/next/dist/shared/lib/router/utils/cache-busting-search-param.js
./node_modules/next/dist/client/components/router-reducer/set-cache-busting-search-param.js
./node_modules/next/dist/client/components/router-reducer/fetch-server-response.js
./node_modules/next/dist/client/components/layout-router.js

./node_modules/next/dist/shared/lib/router/utils/html-bots.js
There are multiple modules with names that only differ in casing.
This can lead to unexpected behavior when compiling on a filesystem with other case-semantic.
Use equal casing. Compare these module identifiers:
* javascript/auto|G:\Dev\Proyectos\nextinfaith\node_modules\next\dist\build\webpack\loaders\next-flight-client-module-l
oader.js!G:\Dev\Proyectos\nextinfaith\node_modules\next\dist\build\webpack\loaders\next-swc-loader.js??ruleSet[1].rules
[16].oneOf[6].use[1]!G:\Dev\Proyectos\nextinfaith\node_modules\next\dist\shared\lib\router\utils\html-bots.js|app-pages
-browser
    Used by 1 module(s), i. e.
    javascript/auto|G:\Dev\Proyectos\nextinfaith\node_modules\next\dist\build\webpack\loaders\next-flight-client-module
-loader.js!G:\Dev\Proyectos\nextinfaith\node_modules\next\dist\build\webpack\loaders\next-swc-loader.js??ruleSet[1].rul
es[16].oneOf[6].use[1]!G:\Dev\Proyectos\nextinfaith\node_modules\next\dist\shared\lib\router\utils\is-bot.js|app-pages-
browser
* javascript/auto|G:\Dev\Proyectos\nextinfaith\node_modules\next\dist\build\webpack\loaders\next-flight-client-module-l
oader.js!G:\Dev\Proyectos\nextinfaith\node_modules\next\dist\build\webpack\loaders\next-swc-loader.js??ruleSet[1].rules
[16].oneOf[6].use[1]!G:\dev\proyectos\nextinfaith\node_modules\next\dist\shared\lib\router\utils\html-bots.js|app-pages
-browser
    Used by 1 module(s), i. e.
    javascript/auto|G:\Dev\Proyectos\nextinfaith\node_modules\next\dist\build\webpack\loaders\next-flight-client-module
-loader.js!G:\Dev\Proyectos\nextinfaith\node_modules\next\dist\build\webpack\loaders\next-swc-loader.js??ruleSet[1].rul
es[16].oneOf[6].use[1]!G:\dev\proyectos\nextinfaith\node_modules\next\dist\shared\lib\router\utils\is-bot.js|app-pages-
browser

Import trace for requested module:
./node_modules/next/dist/shared/lib/router/utils/html-bots.js
./node_modules/next/dist/shared/lib/router/utils/is-bot.js
./node_modules/next/dist/client/components/app-router.js

./node_modules/next/dist/shared/lib/router/utils/interception-routes.js
There are multiple modules with names that only differ in casing.
This can lead to unexpected behavior when compiling on a filesystem with other case-semantic.
Use equal casing. Compare these module identifiers:
* javascript/auto|G:\Dev\Proyectos\nextinfaith\node_modules\next\dist\build\webpack\loaders\next-flight-client-module-l
oader.js!G:\Dev\Proyectos\nextinfaith\node_modules\next\dist\build\webpack\loaders\next-swc-loader.js??ruleSet[1].rules
[16].oneOf[6].use[1]!G:\Dev\Proyectos\nextinfaith\node_modules\next\dist\shared\lib\router\utils\interception-routes.js
|app-pages-browser
    Used by 3 module(s), i. e.
    javascript/auto|G:\Dev\Proyectos\nextinfaith\node_modules\next\dist\build\webpack\loaders\next-flight-client-module
-loader.js!G:\Dev\Proyectos\nextinfaith\node_modules\next\dist\build\webpack\loaders\next-swc-loader.js??ruleSet[1].rul
es[16].oneOf[6].use[1]!G:\Dev\Proyectos\nextinfaith\node_modules\next\dist\client\components\router-reducer\compute-cha
nged-path.js|app-pages-browser
* javascript/auto|G:\Dev\Proyectos\nextinfaith\node_modules\next\dist\build\webpack\loaders\next-flight-client-module-l
oader.js!G:\Dev\Proyectos\nextinfaith\node_modules\next\dist\build\webpack\loaders\next-swc-loader.js??ruleSet[1].rules
[16].oneOf[6].use[1]!G:\dev\proyectos\nextinfaith\node_modules\next\dist\shared\lib\router\utils\interception-routes.js
|app-pages-browser
    Used by 3 module(s), i. e.
    javascript/auto|G:\Dev\Proyectos\nextinfaith\node_modules\next\dist\build\webpack\loaders\next-flight-client-module
-loader.js!G:\Dev\Proyectos\nextinfaith\node_modules\next\dist\build\webpack\loaders\next-swc-loader.js??ruleSet[1].rul
es[16].oneOf[6].use[1]!G:\dev\proyectos\nextinfaith\node_modules\next\dist\client\components\router-reducer\compute-cha
nged-path.js|app-pages-browser

Import trace for requested module:
./node_modules/next/dist/shared/lib/router/utils/interception-routes.js
./node_modules/next/dist/client/components/router-reducer/compute-changed-path.js
./node_modules/next/dist/client/components/app-router.js

./node_modules/next/dist/shared/lib/router/utils/is-bot.js
There are multiple modules with names that only differ in casing.
This can lead to unexpected behavior when compiling on a filesystem with other case-semantic.
Use equal casing. Compare these module identifiers:
* javascript/auto|G:\Dev\Proyectos\nextinfaith\node_modules\next\dist\build\webpack\loaders\next-flight-client-module-l
oader.js!G:\Dev\Proyectos\nextinfaith\node_modules\next\dist\build\webpack\loaders\next-swc-loader.js??ruleSet[1].rules
[16].oneOf[6].use[1]!G:\Dev\Proyectos\nextinfaith\node_modules\next\dist\shared\lib\router\utils\is-bot.js|app-pages-br
owser
    Used by 4 module(s), i. e.
    javascript/auto|G:\Dev\Proyectos\nextinfaith\node_modules\next\dist\build\webpack\loaders\next-flight-client-module
-loader.js!G:\Dev\Proyectos\nextinfaith\node_modules\next\dist\build\webpack\loaders\next-swc-loader.js??ruleSet[1].rul
es[16].oneOf[6].use[1]!G:\Dev\Proyectos\nextinfaith\node_modules\next\dist\client\components\app-router.js|app-pages-br
owser
* javascript/auto|G:\Dev\Proyectos\nextinfaith\node_modules\next\dist\build\webpack\loaders\next-flight-client-module-l
oader.js!G:\Dev\Proyectos\nextinfaith\node_modules\next\dist\build\webpack\loaders\next-swc-loader.js??ruleSet[1].rules
[16].oneOf[6].use[1]!G:\dev\proyectos\nextinfaith\node_modules\next\dist\shared\lib\router\utils\is-bot.js|app-pages-br
owser
    Used by 4 module(s), i. e.
    javascript/auto|G:\Dev\Proyectos\nextinfaith\node_modules\next\dist\build\webpack\loaders\next-flight-client-module
-loader.js!G:\Dev\Proyectos\nextinfaith\node_modules\next\dist\build\webpack\loaders\next-swc-loader.js??ruleSet[1].rul
es[16].oneOf[6].use[1]!G:\dev\proyectos\nextinfaith\node_modules\next\dist\client\components\app-router.js|app-pages-br
owser

Import trace for requested module:
./node_modules/next/dist/shared/lib/router/utils/is-bot.js
./node_modules/next/dist/client/components/app-router.js

./node_modules/next/dist/shared/lib/router/utils/parse-path.js
There are multiple modules with names that only differ in casing.
This can lead to unexpected behavior when compiling on a filesystem with other case-semantic.
Use equal casing. Compare these module identifiers:
* javascript/auto|G:\Dev\Proyectos\nextinfaith\node_modules\next\dist\build\webpack\loaders\next-flight-client-module-l
oader.js!G:\Dev\Proyectos\nextinfaith\node_modules\next\dist\build\webpack\loaders\next-swc-loader.js??ruleSet[1].rules
[16].oneOf[6].use[1]!G:\Dev\Proyectos\nextinfaith\node_modules\next\dist\shared\lib\router\utils\parse-path.js|app-page
s-browser
    Used by 3 module(s), i. e.
    javascript/auto|G:\Dev\Proyectos\nextinfaith\node_modules\next\dist\build\webpack\loaders\next-flight-client-module
-loader.js!G:\Dev\Proyectos\nextinfaith\node_modules\next\dist\build\webpack\loaders\next-swc-loader.js??ruleSet[1].rul
es[16].oneOf[6].use[1]!G:\Dev\Proyectos\nextinfaith\node_modules\next\dist\shared\lib\router\utils\add-path-prefix.js|a
pp-pages-browser
* javascript/auto|G:\Dev\Proyectos\nextinfaith\node_modules\next\dist\build\webpack\loaders\next-flight-client-module-l
oader.js!G:\Dev\Proyectos\nextinfaith\node_modules\next\dist\build\webpack\loaders\next-swc-loader.js??ruleSet[1].rules
[16].oneOf[6].use[1]!G:\dev\proyectos\nextinfaith\node_modules\next\dist\shared\lib\router\utils\parse-path.js|app-page
s-browser
    Used by 3 module(s), i. e.
    javascript/auto|G:\Dev\Proyectos\nextinfaith\node_modules\next\dist\build\webpack\loaders\next-flight-client-module
-loader.js!G:\Dev\Proyectos\nextinfaith\node_modules\next\dist\build\webpack\loaders\next-swc-loader.js??ruleSet[1].rul
es[16].oneOf[6].use[1]!G:\dev\proyectos\nextinfaith\node_modules\next\dist\shared\lib\router\utils\add-path-prefix.js|a
pp-pages-browser

Import trace for requested module:
./node_modules/next/dist/shared/lib/router/utils/parse-path.js
./node_modules/next/dist/shared/lib/router/utils/add-path-prefix.js
./node_modules/next/dist/client/add-base-path.js
./node_modules/next/dist/client/components/app-router.js

./node_modules/next/dist/shared/lib/router/utils/path-has-prefix.js
There are multiple modules with names that only differ in casing.
This can lead to unexpected behavior when compiling on a filesystem with other case-semantic.
Use equal casing. Compare these module identifiers:
* javascript/auto|G:\Dev\Proyectos\nextinfaith\node_modules\next\dist\build\webpack\loaders\next-flight-client-module-l
oader.js!G:\Dev\Proyectos\nextinfaith\node_modules\next\dist\build\webpack\loaders\next-swc-loader.js??ruleSet[1].rules
[16].oneOf[6].use[1]!G:\Dev\Proyectos\nextinfaith\node_modules\next\dist\shared\lib\router\utils\path-has-prefix.js|app
-pages-browser
    Used by 1 module(s), i. e.
    javascript/auto|G:\Dev\Proyectos\nextinfaith\node_modules\next\dist\build\webpack\loaders\next-flight-client-module
-loader.js!G:\Dev\Proyectos\nextinfaith\node_modules\next\dist\build\webpack\loaders\next-swc-loader.js??ruleSet[1].rul
es[16].oneOf[6].use[1]!G:\Dev\Proyectos\nextinfaith\node_modules\next\dist\client\has-base-path.js|app-pages-browser
* javascript/auto|G:\Dev\Proyectos\nextinfaith\node_modules\next\dist\build\webpack\loaders\next-flight-client-module-l
oader.js!G:\Dev\Proyectos\nextinfaith\node_modules\next\dist\build\webpack\loaders\next-swc-loader.js??ruleSet[1].rules
[16].oneOf[6].use[1]!G:\dev\proyectos\nextinfaith\node_modules\next\dist\shared\lib\router\utils\path-has-prefix.js|app
-pages-browser
    Used by 1 module(s), i. e.
    javascript/auto|G:\Dev\Proyectos\nextinfaith\node_modules\next\dist\build\webpack\loaders\next-flight-client-module
-loader.js!G:\Dev\Proyectos\nextinfaith\node_modules\next\dist\build\webpack\loaders\next-swc-loader.js??ruleSet[1].rul
es[16].oneOf[6].use[1]!G:\dev\proyectos\nextinfaith\node_modules\next\dist\client\has-base-path.js|app-pages-browser

Import trace for requested module:
./node_modules/next/dist/shared/lib/router/utils/path-has-prefix.js
./node_modules/next/dist/client/has-base-path.js
./node_modules/next/dist/client/components/app-router.js

./node_modules/next/dist/shared/lib/router/utils/remove-trailing-slash.js
There are multiple modules with names that only differ in casing.
This can lead to unexpected behavior when compiling on a filesystem with other case-semantic.
Use equal casing. Compare these module identifiers:
* javascript/auto|G:\Dev\Proyectos\nextinfaith\node_modules\next\dist\build\webpack\loaders\next-flight-client-module-l
oader.js!G:\Dev\Proyectos\nextinfaith\node_modules\next\dist\build\webpack\loaders\next-swc-loader.js??ruleSet[1].rules
[16].oneOf[6].use[1]!G:\Dev\Proyectos\nextinfaith\node_modules\next\dist\shared\lib\router\utils\remove-trailing-slash.
js|app-pages-browser
    Used by 1 module(s), i. e.
    javascript/auto|G:\Dev\Proyectos\nextinfaith\node_modules\next\dist\build\webpack\loaders\next-flight-client-module
-loader.js!G:\Dev\Proyectos\nextinfaith\node_modules\next\dist\build\webpack\loaders\next-swc-loader.js??ruleSet[1].rul
es[16].oneOf[6].use[1]!G:\Dev\Proyectos\nextinfaith\node_modules\next\dist\client\normalize-trailing-slash.js|app-pages
-browser
* javascript/auto|G:\Dev\Proyectos\nextinfaith\node_modules\next\dist\build\webpack\loaders\next-flight-client-module-l
oader.js!G:\Dev\Proyectos\nextinfaith\node_modules\next\dist\build\webpack\loaders\next-swc-loader.js??ruleSet[1].rules
[16].oneOf[6].use[1]!G:\dev\proyectos\nextinfaith\node_modules\next\dist\shared\lib\router\utils\remove-trailing-slash.
js|app-pages-browser
    Used by 1 module(s), i. e.
    javascript/auto|G:\Dev\Proyectos\nextinfaith\node_modules\next\dist\build\webpack\loaders\next-flight-client-module
-loader.js!G:\Dev\Proyectos\nextinfaith\node_modules\next\dist\build\webpack\loaders\next-swc-loader.js??ruleSet[1].rul
es[16].oneOf[6].use[1]!G:\dev\proyectos\nextinfaith\node_modules\next\dist\client\normalize-trailing-slash.js|app-pages
-browser

Import trace for requested module:
./node_modules/next/dist/shared/lib/router/utils/remove-trailing-slash.js
./node_modules/next/dist/client/normalize-trailing-slash.js
./node_modules/next/dist/client/add-base-path.js
./node_modules/next/dist/client/components/app-router.js

./node_modules/next/dist/shared/lib/segment-cache/segment-value-encoding.js
There are multiple modules with names that only differ in casing.
This can lead to unexpected behavior when compiling on a filesystem with other case-semantic.
Use equal casing. Compare these module identifiers:
* javascript/auto|G:\Dev\Proyectos\nextinfaith\node_modules\next\dist\build\webpack\loaders\next-flight-client-module-l
oader.js!G:\Dev\Proyectos\nextinfaith\node_modules\next\dist\build\webpack\loaders\next-swc-loader.js??ruleSet[1].rules
[16].oneOf[6].use[1]!G:\Dev\Proyectos\nextinfaith\node_modules\next\dist\shared\lib\segment-cache\segment-value-encodin
g.js|app-pages-browser
    Used by 2 module(s), i. e.
    javascript/auto|G:\Dev\Proyectos\nextinfaith\node_modules\next\dist\build\webpack\loaders\next-flight-client-module
-loader.js!G:\Dev\Proyectos\nextinfaith\node_modules\next\dist\build\webpack\loaders\next-swc-loader.js??ruleSet[1].rul
es[16].oneOf[6].use[1]!G:\Dev\Proyectos\nextinfaith\node_modules\next\dist\client\route-params.js|app-pages-browser
* javascript/auto|G:\Dev\Proyectos\nextinfaith\node_modules\next\dist\build\webpack\loaders\next-flight-client-module-l
oader.js!G:\Dev\Proyectos\nextinfaith\node_modules\next\dist\build\webpack\loaders\next-swc-loader.js??ruleSet[1].rules
[16].oneOf[6].use[1]!G:\dev\proyectos\nextinfaith\node_modules\next\dist\shared\lib\segment-cache\segment-value-encodin
g.js|app-pages-browser
    Used by 2 module(s), i. e.
    javascript/auto|G:\Dev\Proyectos\nextinfaith\node_modules\next\dist\build\webpack\loaders\next-flight-client-module
-loader.js!G:\Dev\Proyectos\nextinfaith\node_modules\next\dist\build\webpack\loaders\next-swc-loader.js??ruleSet[1].rul
es[16].oneOf[6].use[1]!G:\dev\proyectos\nextinfaith\node_modules\next\dist\client\route-params.js|app-pages-browser

Import trace for requested module:
./node_modules/next/dist/shared/lib/segment-cache/segment-value-encoding.js
./node_modules/next/dist/client/route-params.js
./node_modules/next/dist/client/components/router-reducer/fetch-server-response.js
./node_modules/next/dist/client/components/layout-router.js

./node_modules/next/dist/shared/lib/segment.js
There are multiple modules with names that only differ in casing.
This can lead to unexpected behavior when compiling on a filesystem with other case-semantic.
Use equal casing. Compare these module identifiers:
* javascript/auto|G:\Dev\Proyectos\nextinfaith\node_modules\next\dist\build\webpack\loaders\next-flight-client-module-l
oader.js!G:\Dev\Proyectos\nextinfaith\node_modules\next\dist\build\webpack\loaders\next-swc-loader.js??ruleSet[1].rules
[16].oneOf[6].use[1]!G:\Dev\Proyectos\nextinfaith\node_modules\next\dist\shared\lib\segment.js|app-pages-browser
    Used by 15 module(s), i. e.
    javascript/auto|G:\Dev\Proyectos\nextinfaith\node_modules\next\dist\build\webpack\loaders\next-flight-client-module
-loader.js!G:\Dev\Proyectos\nextinfaith\node_modules\next\dist\build\webpack\loaders\next-swc-loader.js??ruleSet[1].rul
es[16].oneOf[6].use[1]!G:\Dev\Proyectos\nextinfaith\node_modules\next\dist\client\components\router-reducer\reducers\fi
nd-head-in-cache.js|app-pages-browser
* javascript/auto|G:\Dev\Proyectos\nextinfaith\node_modules\next\dist\build\webpack\loaders\next-flight-client-module-l
oader.js!G:\Dev\Proyectos\nextinfaith\node_modules\next\dist\build\webpack\loaders\next-swc-loader.js??ruleSet[1].rules
[16].oneOf[6].use[1]!G:\dev\proyectos\nextinfaith\node_modules\next\dist\shared\lib\segment.js|app-pages-browser
    Used by 15 module(s), i. e.
    javascript/auto|G:\Dev\Proyectos\nextinfaith\node_modules\next\dist\build\webpack\loaders\next-flight-client-module
-loader.js!G:\Dev\Proyectos\nextinfaith\node_modules\next\dist\build\webpack\loaders\next-swc-loader.js??ruleSet[1].rul
es[16].oneOf[6].use[1]!G:\dev\proyectos\nextinfaith\node_modules\next\dist\client\components\router-reducer\reducers\fi
nd-head-in-cache.js|app-pages-browser

Import trace for requested module:
./node_modules/next/dist/shared/lib/segment.js
./node_modules/next/dist/client/components/router-reducer/reducers/find-head-in-cache.js
./node_modules/next/dist/client/components/app-router.js

./node_modules/next/dist/shared/lib/server-inserted-html.shared-runtime.js
There are multiple modules with names that only differ in casing.
This can lead to unexpected behavior when compiling on a filesystem with other case-semantic.
Use equal casing. Compare these module identifiers:
* javascript/auto|G:\Dev\Proyectos\nextinfaith\node_modules\next\dist\build\webpack\loaders\next-flight-client-module-l
oader.js!G:\Dev\Proyectos\nextinfaith\node_modules\next\dist\build\webpack\loaders\next-swc-loader.js??ruleSet[1].rules
[16].oneOf[6].use[1]!G:\Dev\Proyectos\nextinfaith\node_modules\next\dist\shared\lib\server-inserted-html.shared-runtime
.js|app-pages-browser
    Used by 2 module(s), i. e.
    javascript/auto|G:\Dev\Proyectos\nextinfaith\node_modules\next\dist\build\webpack\loaders\next-flight-client-module
-loader.js!G:\Dev\Proyectos\nextinfaith\node_modules\next\dist\build\webpack\loaders\next-swc-loader.js??ruleSet[1].rul
es[16].oneOf[6].use[1]!G:\Dev\Proyectos\nextinfaith\node_modules\next\dist\client\components\navigation.js|app-pages-br
owser
* javascript/auto|G:\Dev\Proyectos\nextinfaith\node_modules\next\dist\build\webpack\loaders\next-flight-client-module-l
oader.js!G:\Dev\Proyectos\nextinfaith\node_modules\next\dist\build\webpack\loaders\next-swc-loader.js??ruleSet[1].rules
[16].oneOf[6].use[1]!G:\dev\proyectos\nextinfaith\node_modules\next\dist\shared\lib\server-inserted-html.shared-runtime
.js|app-pages-browser
    Used by 2 module(s), i. e.
    javascript/auto|G:\Dev\Proyectos\nextinfaith\node_modules\next\dist\build\webpack\loaders\next-flight-client-module
-loader.js!G:\Dev\Proyectos\nextinfaith\node_modules\next\dist\build\webpack\loaders\next-swc-loader.js??ruleSet[1].rul
es[16].oneOf[6].use[1]!G:\dev\proyectos\nextinfaith\node_modules\next\dist\client\components\navigation.js|app-pages-br
owser

Import trace for requested module:
./node_modules/next/dist/shared/lib/server-inserted-html.shared-runtime.js
./node_modules/next/dist/client/components/navigation.js
./node_modules/next/dist/api/navigation.js
./app/components/NavBar.tsx

./node_modules/next/dist/shared/lib/server-reference-info.js
There are multiple modules with names that only differ in casing.
This can lead to unexpected behavior when compiling on a filesystem with other case-semantic.
Use equal casing. Compare these module identifiers:
* javascript/auto|G:\Dev\Proyectos\nextinfaith\node_modules\next\dist\build\webpack\loaders\next-flight-client-module-l
oader.js!G:\Dev\Proyectos\nextinfaith\node_modules\next\dist\build\webpack\loaders\next-swc-loader.js??ruleSet[1].rules
[16].oneOf[6].use[1]!G:\Dev\Proyectos\nextinfaith\node_modules\next\dist\shared\lib\server-reference-info.js|app-pages-
browser
    Used by 2 module(s), i. e.
    javascript/auto|G:\Dev\Proyectos\nextinfaith\node_modules\next\dist\build\webpack\loaders\next-flight-client-module
-loader.js!G:\Dev\Proyectos\nextinfaith\node_modules\next\dist\build\webpack\loaders\next-swc-loader.js??ruleSet[1].rul
es[16].oneOf[6].use[1]!G:\Dev\Proyectos\nextinfaith\node_modules\next\dist\client\components\router-reducer\reducers\se
rver-action-reducer.js|app-pages-browser
* javascript/auto|G:\Dev\Proyectos\nextinfaith\node_modules\next\dist\build\webpack\loaders\next-flight-client-module-l
oader.js!G:\Dev\Proyectos\nextinfaith\node_modules\next\dist\build\webpack\loaders\next-swc-loader.js??ruleSet[1].rules
[16].oneOf[6].use[1]!G:\dev\proyectos\nextinfaith\node_modules\next\dist\shared\lib\server-reference-info.js|app-pages-
browser
    Used by 2 module(s), i. e.
    javascript/auto|G:\Dev\Proyectos\nextinfaith\node_modules\next\dist\build\webpack\loaders\next-flight-client-module
-loader.js!G:\Dev\Proyectos\nextinfaith\node_modules\next\dist\build\webpack\loaders\next-swc-loader.js??ruleSet[1].rul
es[16].oneOf[6].use[1]!G:\dev\proyectos\nextinfaith\node_modules\next\dist\client\components\router-reducer\reducers\se
rver-action-reducer.js|app-pages-browser

Import trace for requested module:
./node_modules/next/dist/shared/lib/server-reference-info.js
./node_modules/next/dist/client/components/router-reducer/reducers/server-action-reducer.js
./node_modules/next/dist/client/components/router-reducer/router-reducer.js
./node_modules/next/dist/client/components/app-router-instance.js
./node_modules/next/dist/client/components/app-router.js

./node_modules/react-dom/cjs/react-dom.production.js
There are multiple modules with names that only differ in casing.
This can lead to unexpected behavior when compiling on a filesystem with other case-semantic.
Use equal casing. Compare these module identifiers:
* javascript/auto|G:\Dev\Proyectos\nextinfaith\node_modules\next\dist\build\webpack\loaders\next-flight-client-module-l
oader.js!G:\Dev\Proyectos\nextinfaith\node_modules\next\dist\build\webpack\loaders\next-swc-loader.js??ruleSet[1].rules
[16].oneOf[6].use[1]!G:\dev\Proyectos\nextinfaith\node_modules\react-dom\cjs\react-dom.production.js|app-pages-browser
    Used by 1 module(s), i. e.
    javascript/auto|G:\Dev\Proyectos\nextinfaith\node_modules\next\dist\build\webpack\loaders\next-flight-client-module
-loader.js!G:\Dev\Proyectos\nextinfaith\node_modules\next\dist\build\webpack\loaders\next-swc-loader.js??ruleSet[1].rul
es[16].oneOf[6].use[1]!G:\dev\Proyectos\nextinfaith\node_modules\react-dom\index.js|app-pages-browser
* javascript/auto|G:\Dev\Proyectos\nextinfaith\node_modules\next\dist\build\webpack\loaders\next-flight-client-module-l
oader.js!G:\Dev\Proyectos\nextinfaith\node_modules\next\dist\build\webpack\loaders\next-swc-loader.js??ruleSet[1].rules
[16].oneOf[6].use[1]!G:\dev\proyectos\nextinfaith\node_modules\react-dom\cjs\react-dom.production.js|app-pages-browser
    Used by 1 module(s), i. e.
    javascript/auto|G:\Dev\Proyectos\nextinfaith\node_modules\next\dist\build\webpack\loaders\next-flight-client-module
-loader.js!G:\Dev\Proyectos\nextinfaith\node_modules\next\dist\build\webpack\loaders\next-swc-loader.js??ruleSet[1].rul
es[16].oneOf[6].use[1]!G:\dev\proyectos\nextinfaith\node_modules\react-dom\index.js|app-pages-browser

Import trace for requested module:
./node_modules/react-dom/cjs/react-dom.production.js
./node_modules/react-dom/index.js
./node_modules/next/dist/client/components/layout-router.js

./node_modules/react-dom/index.js
There are multiple modules with names that only differ in casing.
This can lead to unexpected behavior when compiling on a filesystem with other case-semantic.
Use equal casing. Compare these module identifiers:
* javascript/auto|G:\Dev\Proyectos\nextinfaith\node_modules\next\dist\build\webpack\loaders\next-flight-client-module-l
oader.js!G:\Dev\Proyectos\nextinfaith\node_modules\next\dist\build\webpack\loaders\next-swc-loader.js??ruleSet[1].rules
[16].oneOf[6].use[1]!G:\dev\Proyectos\nextinfaith\node_modules\react-dom\index.js|app-pages-browser
    Used by 4 module(s), i. e.
    javascript/auto|G:\Dev\Proyectos\nextinfaith\node_modules\next\dist\build\webpack\loaders\next-flight-client-module
-loader.js!G:\Dev\Proyectos\nextinfaith\node_modules\next\dist\build\webpack\loaders\next-swc-loader.js??ruleSet[1].rul
es[16].oneOf[6].use[1]!G:\Dev\Proyectos\nextinfaith\node_modules\next\dist\client\components\layout-router.js|app-pages
-browser
* javascript/auto|G:\Dev\Proyectos\nextinfaith\node_modules\next\dist\build\webpack\loaders\next-flight-client-module-l
oader.js!G:\Dev\Proyectos\nextinfaith\node_modules\next\dist\build\webpack\loaders\next-swc-loader.js??ruleSet[1].rules
[16].oneOf[6].use[1]!G:\dev\proyectos\nextinfaith\node_modules\react-dom\index.js|app-pages-browser
    Used by 3 module(s), i. e.
    javascript/auto|G:\Dev\Proyectos\nextinfaith\node_modules\next\dist\build\webpack\loaders\next-flight-client-module
-loader.js!G:\Dev\Proyectos\nextinfaith\node_modules\next\dist\build\webpack\loaders\next-swc-loader.js??ruleSet[1].rul
es[16].oneOf[6].use[1]!G:\dev\proyectos\nextinfaith\app\portal\dashboard\Client.tsx|app-pages-browser

Import trace for requested module:
./node_modules/react-dom/index.js
./node_modules/next/dist/client/components/layout-router.js

./node_modules/react/cjs/react-jsx-runtime.production.js
There are multiple modules with names that only differ in casing.
This can lead to unexpected behavior when compiling on a filesystem with other case-semantic.
Use equal casing. Compare these module identifiers:
* javascript/auto|G:\Dev\Proyectos\nextinfaith\node_modules\next\dist\build\webpack\loaders\next-flight-client-module-l
oader.js!G:\Dev\Proyectos\nextinfaith\node_modules\next\dist\build\webpack\loaders\next-swc-loader.js??ruleSet[1].rules
[16].oneOf[6].use[1]!G:\dev\Proyectos\nextinfaith\node_modules\react\cjs\react-jsx-runtime.production.js|app-pages-brow
ser
    Used by 1 module(s), i. e.
    javascript/auto|G:\Dev\Proyectos\nextinfaith\node_modules\next\dist\build\webpack\loaders\next-flight-client-module
-loader.js!G:\Dev\Proyectos\nextinfaith\node_modules\next\dist\build\webpack\loaders\next-swc-loader.js??ruleSet[1].rul
es[16].oneOf[6].use[1]!G:\dev\Proyectos\nextinfaith\node_modules\react\jsx-runtime.js|app-pages-browser
* javascript/auto|G:\Dev\Proyectos\nextinfaith\node_modules\next\dist\build\webpack\loaders\next-flight-client-module-l
oader.js!G:\Dev\Proyectos\nextinfaith\node_modules\next\dist\build\webpack\loaders\next-swc-loader.js??ruleSet[1].rules
[16].oneOf[6].use[1]!G:\dev\proyectos\nextinfaith\node_modules\react\cjs\react-jsx-runtime.production.js|app-pages-brow
ser
    Used by 1 module(s), i. e.
    javascript/auto|G:\Dev\Proyectos\nextinfaith\node_modules\next\dist\build\webpack\loaders\next-flight-client-module
-loader.js!G:\Dev\Proyectos\nextinfaith\node_modules\next\dist\build\webpack\loaders\next-swc-loader.js??ruleSet[1].rul
es[16].oneOf[6].use[1]!G:\dev\proyectos\nextinfaith\node_modules\react\jsx-runtime.js|app-pages-browser

Import trace for requested module:
./node_modules/react/cjs/react-jsx-runtime.production.js
./node_modules/react/jsx-runtime.js
./node_modules/next/dist/client/components/app-router.js

./node_modules/react/cjs/react.production.js
There are multiple modules with names that only differ in casing.
This can lead to unexpected behavior when compiling on a filesystem with other case-semantic.
Use equal casing. Compare these module identifiers:
* javascript/auto|G:\Dev\Proyectos\nextinfaith\node_modules\next\dist\build\webpack\loaders\next-flight-client-module-l
oader.js!G:\Dev\Proyectos\nextinfaith\node_modules\next\dist\build\webpack\loaders\next-swc-loader.js??ruleSet[1].rules
[16].oneOf[6].use[1]!G:\dev\Proyectos\nextinfaith\node_modules\react\cjs\react.production.js|app-pages-browser
    Used by 1 module(s), i. e.
    javascript/auto|G:\Dev\Proyectos\nextinfaith\node_modules\next\dist\build\webpack\loaders\next-flight-client-module
-loader.js!G:\Dev\Proyectos\nextinfaith\node_modules\next\dist\build\webpack\loaders\next-swc-loader.js??ruleSet[1].rul
es[16].oneOf[6].use[1]!G:\dev\Proyectos\nextinfaith\node_modules\react\index.js|app-pages-browser
* javascript/auto|G:\Dev\Proyectos\nextinfaith\node_modules\next\dist\build\webpack\loaders\next-flight-client-module-l
oader.js!G:\Dev\Proyectos\nextinfaith\node_modules\next\dist\build\webpack\loaders\next-swc-loader.js??ruleSet[1].rules
[16].oneOf[6].use[1]!G:\dev\proyectos\nextinfaith\node_modules\react\cjs\react.production.js|app-pages-browser
    Used by 1 module(s), i. e.
    javascript/auto|G:\Dev\Proyectos\nextinfaith\node_modules\next\dist\build\webpack\loaders\next-flight-client-module
-loader.js!G:\Dev\Proyectos\nextinfaith\node_modules\next\dist\build\webpack\loaders\next-swc-loader.js??ruleSet[1].rul
es[16].oneOf[6].use[1]!G:\dev\proyectos\nextinfaith\node_modules\react\index.js|app-pages-browser

Import trace for requested module:
./node_modules/react/cjs/react.production.js
./node_modules/react/index.js
./node_modules/next/dist/client/components/app-router.js

./node_modules/react/index.js
There are multiple modules with names that only differ in casing.
This can lead to unexpected behavior when compiling on a filesystem with other case-semantic.
Use equal casing. Compare these module identifiers:
* javascript/auto|G:\Dev\Proyectos\nextinfaith\node_modules\next\dist\build\webpack\loaders\next-flight-client-module-l
oader.js!G:\Dev\Proyectos\nextinfaith\node_modules\next\dist\build\webpack\loaders\next-swc-loader.js??ruleSet[1].rules
[16].oneOf[6].use[1]!G:\dev\Proyectos\nextinfaith\node_modules\react\index.js|app-pages-browser
    Used by 31 module(s), i. e.
    javascript/auto|G:\Dev\Proyectos\nextinfaith\node_modules\next\dist\build\webpack\loaders\next-flight-client-module
-loader.js!G:\Dev\Proyectos\nextinfaith\node_modules\next\dist\build\webpack\loaders\next-swc-loader.js??ruleSet[1].rul
es[16].oneOf[6].use[1]!G:\Dev\Proyectos\nextinfaith\node_modules\next\dist\client\components\app-router.js|app-pages-br
owser
* javascript/auto|G:\Dev\Proyectos\nextinfaith\node_modules\next\dist\build\webpack\loaders\next-flight-client-module-l
oader.js!G:\Dev\Proyectos\nextinfaith\node_modules\next\dist\build\webpack\loaders\next-swc-loader.js??ruleSet[1].rules
[16].oneOf[6].use[1]!G:\dev\proyectos\nextinfaith\node_modules\react\index.js|app-pages-browser
    Used by 38 module(s), i. e.
    javascript/auto|G:\Dev\Proyectos\nextinfaith\node_modules\next\dist\build\webpack\loaders\next-flight-client-module
-loader.js!G:\Dev\Proyectos\nextinfaith\node_modules\next\dist\build\webpack\loaders\next-swc-loader.js??ruleSet[1].rul
es[16].oneOf[6].use[1]!G:\dev\proyectos\nextinfaith\node_modules\next\dist\client\app-index.js|app-pages-browser

Import trace for requested module:
./node_modules/react/index.js
./node_modules/next/dist/client/components/app-router.js

./node_modules/react/jsx-runtime.js
There are multiple modules with names that only differ in casing.
This can lead to unexpected behavior when compiling on a filesystem with other case-semantic.
Use equal casing. Compare these module identifiers:
* javascript/auto|G:\Dev\Proyectos\nextinfaith\node_modules\next\dist\build\webpack\loaders\next-flight-client-module-l
oader.js!G:\Dev\Proyectos\nextinfaith\node_modules\next\dist\build\webpack\loaders\next-swc-loader.js??ruleSet[1].rules
[16].oneOf[6].use[1]!G:\dev\Proyectos\nextinfaith\node_modules\react\jsx-runtime.js|app-pages-browser
    Used by 16 module(s), i. e.
    javascript/auto|G:\Dev\Proyectos\nextinfaith\node_modules\next\dist\build\webpack\loaders\next-flight-client-module
-loader.js!G:\Dev\Proyectos\nextinfaith\node_modules\next\dist\build\webpack\loaders\next-swc-loader.js??ruleSet[1].rul
es[16].oneOf[6].use[1]!G:\Dev\Proyectos\nextinfaith\node_modules\next\dist\client\components\app-router.js|app-pages-br
owser
* javascript/auto|G:\Dev\Proyectos\nextinfaith\node_modules\next\dist\build\webpack\loaders\next-flight-client-module-l
oader.js!G:\Dev\Proyectos\nextinfaith\node_modules\next\dist\build\webpack\loaders\next-swc-loader.js??ruleSet[1].rules
[16].oneOf[6].use[1]!G:\dev\proyectos\nextinfaith\node_modules\react\jsx-runtime.js|app-pages-browser
    Used by 25 module(s), i. e.
    javascript/auto|G:\Dev\Proyectos\nextinfaith\node_modules\next\dist\build\webpack\loaders\next-flight-client-module
-loader.js!G:\Dev\Proyectos\nextinfaith\node_modules\next\dist\build\webpack\loaders\next-swc-loader.js??ruleSet[1].rul
es[16].oneOf[6].use[1]!G:\dev\proyectos\nextinfaith\node_modules\next\dist\client\app-index.js|app-pages-browser

Import trace for requested module:
./node_modules/react/jsx-runtime.js
./node_modules/next/dist/client/components/app-router.js

./node_modules/next/dist/client/add-base-path.js
There are multiple modules with names that only differ in casing.
This can lead to unexpected behavior when compiling on a filesystem with other case-semantic.
Use equal casing. Compare these module identifiers:
* javascript/auto|G:\Dev\Proyectos\nextinfaith\node_modules\next\dist\build\webpack\loaders\next-swc-loader.js??ruleSet
[1].rules[16].oneOf[8].use[0]!G:\Dev\Proyectos\nextinfaith\node_modules\next\dist\client\add-base-path.js|pages-dir-bro
wser
    Used by 2 module(s), i. e.
    javascript/auto|G:\Dev\Proyectos\nextinfaith\node_modules\next\dist\build\webpack\loaders\next-swc-loader.js??ruleS
et[1].rules[16].oneOf[8].use[0]!G:\Dev\Proyectos\nextinfaith\node_modules\next\dist\shared\lib\router\router.js|pages-d
ir-browser
* javascript/auto|G:\Dev\Proyectos\nextinfaith\node_modules\next\dist\build\webpack\loaders\next-swc-loader.js??ruleSet
[1].rules[16].oneOf[8].use[0]!G:\dev\proyectos\nextinfaith\node_modules\next\dist\client\add-base-path.js|pages-dir-bro
wser
    Used by 3 module(s), i. e.
    javascript/auto|G:\Dev\Proyectos\nextinfaith\node_modules\next\dist\build\webpack\loaders\next-swc-loader.js??ruleS
et[1].rules[16].oneOf[8].use[0]!G:\dev\proyectos\nextinfaith\node_modules\next\dist\client\page-loader.js|pages-dir-bro
wser

Import trace for requested module:
./node_modules/next/dist/client/add-base-path.js
./node_modules/next/dist/shared/lib/router/router.js

./node_modules/next/dist/client/add-locale.js
There are multiple modules with names that only differ in casing.
This can lead to unexpected behavior when compiling on a filesystem with other case-semantic.
Use equal casing. Compare these module identifiers:
* javascript/auto|G:\Dev\Proyectos\nextinfaith\node_modules\next\dist\build\webpack\loaders\next-swc-loader.js??ruleSet
[1].rules[16].oneOf[8].use[0]!G:\Dev\Proyectos\nextinfaith\node_modules\next\dist\client\add-locale.js|pages-dir-browse
r
    Used by 2 module(s), i. e.
    javascript/auto|G:\Dev\Proyectos\nextinfaith\node_modules\next\dist\build\webpack\loaders\next-swc-loader.js??ruleS
et[1].rules[16].oneOf[8].use[0]!G:\Dev\Proyectos\nextinfaith\node_modules\next\dist\shared\lib\router\router.js|pages-d
ir-browser
* javascript/auto|G:\Dev\Proyectos\nextinfaith\node_modules\next\dist\build\webpack\loaders\next-swc-loader.js??ruleSet
[1].rules[16].oneOf[8].use[0]!G:\dev\proyectos\nextinfaith\node_modules\next\dist\client\add-locale.js|pages-dir-browse
r
    Used by 3 module(s), i. e.
    javascript/auto|G:\Dev\Proyectos\nextinfaith\node_modules\next\dist\build\webpack\loaders\next-swc-loader.js??ruleS
et[1].rules[16].oneOf[8].use[0]!G:\dev\proyectos\nextinfaith\node_modules\next\dist\client\page-loader.js|pages-dir-bro
wser

Import trace for requested module:
./node_modules/next/dist/client/add-locale.js
./node_modules/next/dist/shared/lib/router/router.js

./node_modules/next/dist/client/detect-domain-locale.js
There are multiple modules with names that only differ in casing.
This can lead to unexpected behavior when compiling on a filesystem with other case-semantic.
Use equal casing. Compare these module identifiers:
* javascript/auto|G:\Dev\Proyectos\nextinfaith\node_modules\next\dist\build\webpack\loaders\next-swc-loader.js??ruleSet
[1].rules[16].oneOf[8].use[0]!G:\Dev\Proyectos\nextinfaith\node_modules\next\dist\client\detect-domain-locale.js|pages-
dir-browser
    Used by 2 module(s), i. e.
    javascript/auto|G:\Dev\Proyectos\nextinfaith\node_modules\next\dist\build\webpack\loaders\next-swc-loader.js??ruleS
et[1].rules[16].oneOf[8].use[0]!G:\Dev\Proyectos\nextinfaith\node_modules\next\dist\shared\lib\router\router.js|pages-d
ir-browser
* javascript/auto|G:\Dev\Proyectos\nextinfaith\node_modules\next\dist\build\webpack\loaders\next-swc-loader.js??ruleSet
[1].rules[16].oneOf[8].use[0]!G:\dev\proyectos\nextinfaith\node_modules\next\dist\client\detect-domain-locale.js|pages-
dir-browser
    Used by 2 module(s), i. e.
    javascript/auto|G:\Dev\Proyectos\nextinfaith\node_modules\next\dist\build\webpack\loaders\next-swc-loader.js??ruleS
et[1].rules[16].oneOf[8].use[0]!G:\dev\proyectos\nextinfaith\node_modules\next\dist\shared\lib\router\router.js|pages-d
ir-browser

Import trace for requested module:
./node_modules/next/dist/client/detect-domain-locale.js
./node_modules/next/dist/shared/lib/router/router.js

./node_modules/next/dist/client/has-base-path.js
There are multiple modules with names that only differ in casing.
This can lead to unexpected behavior when compiling on a filesystem with other case-semantic.
Use equal casing. Compare these module identifiers:
* javascript/auto|G:\Dev\Proyectos\nextinfaith\node_modules\next\dist\build\webpack\loaders\next-swc-loader.js??ruleSet
[1].rules[16].oneOf[8].use[0]!G:\Dev\Proyectos\nextinfaith\node_modules\next\dist\client\has-base-path.js|pages-dir-bro
wser
    Used by 4 module(s), i. e.
    javascript/auto|G:\Dev\Proyectos\nextinfaith\node_modules\next\dist\build\webpack\loaders\next-swc-loader.js??ruleS
et[1].rules[16].oneOf[8].use[0]!G:\Dev\Proyectos\nextinfaith\node_modules\next\dist\shared\lib\router\router.js|pages-d
ir-browser
* javascript/auto|G:\Dev\Proyectos\nextinfaith\node_modules\next\dist\build\webpack\loaders\next-swc-loader.js??ruleSet
[1].rules[16].oneOf[8].use[0]!G:\dev\proyectos\nextinfaith\node_modules\next\dist\client\has-base-path.js|pages-dir-bro
wser
    Used by 5 module(s), i. e.
    javascript/auto|G:\Dev\Proyectos\nextinfaith\node_modules\next\dist\build\webpack\loaders\next-swc-loader.js??ruleS
et[1].rules[16].oneOf[8].use[0]!G:\dev\proyectos\nextinfaith\node_modules\next\dist\client\index.js|pages-dir-browser

Import trace for requested module:
./node_modules/next/dist/client/has-base-path.js
./node_modules/next/dist/shared/lib/router/router.js

./node_modules/next/dist/client/normalize-trailing-slash.js
There are multiple modules with names that only differ in casing.
This can lead to unexpected behavior when compiling on a filesystem with other case-semantic.
Use equal casing. Compare these module identifiers:
* javascript/auto|G:\Dev\Proyectos\nextinfaith\node_modules\next\dist\build\webpack\loaders\next-swc-loader.js??ruleSet
[1].rules[16].oneOf[8].use[0]!G:\Dev\Proyectos\nextinfaith\node_modules\next\dist\client\normalize-trailing-slash.js|pa
ges-dir-browser
    Used by 4 module(s), i. e.
    javascript/auto|G:\Dev\Proyectos\nextinfaith\node_modules\next\dist\build\webpack\loaders\next-swc-loader.js??ruleS
et[1].rules[16].oneOf[8].use[0]!G:\Dev\Proyectos\nextinfaith\node_modules\next\dist\client\add-locale.js|pages-dir-brow
ser
* javascript/auto|G:\Dev\Proyectos\nextinfaith\node_modules\next\dist\build\webpack\loaders\next-swc-loader.js??ruleSet
[1].rules[16].oneOf[8].use[0]!G:\dev\proyectos\nextinfaith\node_modules\next\dist\client\normalize-trailing-slash.js|pa
ges-dir-browser
    Used by 4 module(s), i. e.
    javascript/auto|G:\Dev\Proyectos\nextinfaith\node_modules\next\dist\build\webpack\loaders\next-swc-loader.js??ruleS
et[1].rules[16].oneOf[8].use[0]!G:\dev\proyectos\nextinfaith\node_modules\next\dist\client\add-base-path.js|pages-dir-b
rowser

Import trace for requested module:
./node_modules/next/dist/client/normalize-trailing-slash.js
./node_modules/next/dist/client/add-locale.js
./node_modules/next/dist/shared/lib/router/router.js

./node_modules/next/dist/client/remove-base-path.js
There are multiple modules with names that only differ in casing.
This can lead to unexpected behavior when compiling on a filesystem with other case-semantic.
Use equal casing. Compare these module identifiers:
* javascript/auto|G:\Dev\Proyectos\nextinfaith\node_modules\next\dist\build\webpack\loaders\next-swc-loader.js??ruleSet
[1].rules[16].oneOf[8].use[0]!G:\Dev\Proyectos\nextinfaith\node_modules\next\dist\client\remove-base-path.js|pages-dir-
browser
    Used by 2 module(s), i. e.
    javascript/auto|G:\Dev\Proyectos\nextinfaith\node_modules\next\dist\build\webpack\loaders\next-swc-loader.js??ruleS
et[1].rules[16].oneOf[8].use[0]!G:\Dev\Proyectos\nextinfaith\node_modules\next\dist\shared\lib\router\router.js|pages-d
ir-browser
* javascript/auto|G:\Dev\Proyectos\nextinfaith\node_modules\next\dist\build\webpack\loaders\next-swc-loader.js??ruleSet
[1].rules[16].oneOf[8].use[0]!G:\dev\proyectos\nextinfaith\node_modules\next\dist\client\remove-base-path.js|pages-dir-
browser
    Used by 3 module(s), i. e.
    javascript/auto|G:\Dev\Proyectos\nextinfaith\node_modules\next\dist\build\webpack\loaders\next-swc-loader.js??ruleS
et[1].rules[16].oneOf[8].use[0]!G:\dev\proyectos\nextinfaith\node_modules\next\dist\client\index.js|pages-dir-browser

Import trace for requested module:
./node_modules/next/dist/client/remove-base-path.js
./node_modules/next/dist/shared/lib/router/router.js

./node_modules/next/dist/client/remove-locale.js
There are multiple modules with names that only differ in casing.
This can lead to unexpected behavior when compiling on a filesystem with other case-semantic.
Use equal casing. Compare these module identifiers:
* javascript/auto|G:\Dev\Proyectos\nextinfaith\node_modules\next\dist\build\webpack\loaders\next-swc-loader.js??ruleSet
[1].rules[16].oneOf[8].use[0]!G:\Dev\Proyectos\nextinfaith\node_modules\next\dist\client\remove-locale.js|pages-dir-bro
wser
    Used by 2 module(s), i. e.
    javascript/auto|G:\Dev\Proyectos\nextinfaith\node_modules\next\dist\build\webpack\loaders\next-swc-loader.js??ruleS
et[1].rules[16].oneOf[8].use[0]!G:\Dev\Proyectos\nextinfaith\node_modules\next\dist\shared\lib\router\router.js|pages-d
ir-browser
* javascript/auto|G:\Dev\Proyectos\nextinfaith\node_modules\next\dist\build\webpack\loaders\next-swc-loader.js??ruleSet
[1].rules[16].oneOf[8].use[0]!G:\dev\proyectos\nextinfaith\node_modules\next\dist\client\remove-locale.js|pages-dir-bro
wser
    Used by 2 module(s), i. e.
    javascript/auto|G:\Dev\Proyectos\nextinfaith\node_modules\next\dist\build\webpack\loaders\next-swc-loader.js??ruleS
et[1].rules[16].oneOf[8].use[0]!G:\dev\proyectos\nextinfaith\node_modules\next\dist\shared\lib\router\router.js|pages-d
ir-browser

Import trace for requested module:
./node_modules/next/dist/client/remove-locale.js
./node_modules/next/dist/shared/lib/router/router.js

./node_modules/next/dist/client/request-idle-callback.js
There are multiple modules with names that only differ in casing.
This can lead to unexpected behavior when compiling on a filesystem with other case-semantic.
Use equal casing. Compare these module identifiers:
* javascript/auto|G:\Dev\Proyectos\nextinfaith\node_modules\next\dist\build\webpack\loaders\next-swc-loader.js??ruleSet
[1].rules[16].oneOf[8].use[0]!G:\Dev\Proyectos\nextinfaith\node_modules\next\dist\client\request-idle-callback.js|pages
-dir-browser
    Used by 3 module(s), i. e.
    javascript/auto|G:\Dev\Proyectos\nextinfaith\node_modules\next\dist\build\webpack\loaders\next-swc-loader.js??ruleS
et[1].rules[16].oneOf[8].use[0]!G:\Dev\Proyectos\nextinfaith\node_modules\next\dist\client\route-loader.js|pages-dir-br
owser
* javascript/auto|G:\Dev\Proyectos\nextinfaith\node_modules\next\dist\build\webpack\loaders\next-swc-loader.js??ruleSet
[1].rules[16].oneOf[8].use[0]!G:\dev\proyectos\nextinfaith\node_modules\next\dist\client\request-idle-callback.js|pages
-dir-browser
    Used by 3 module(s), i. e.
    javascript/auto|G:\Dev\Proyectos\nextinfaith\node_modules\next\dist\build\webpack\loaders\next-swc-loader.js??ruleS
et[1].rules[16].oneOf[8].use[0]!G:\dev\proyectos\nextinfaith\node_modules\next\dist\client\script.js|pages-dir-browser

Import trace for requested module:
./node_modules/next/dist/client/request-idle-callback.js
./node_modules/next/dist/client/route-loader.js
./node_modules/next/dist/shared/lib/router/router.js

./node_modules/next/dist/client/resolve-href.js
There are multiple modules with names that only differ in casing.
This can lead to unexpected behavior when compiling on a filesystem with other case-semantic.
Use equal casing. Compare these module identifiers:
* javascript/auto|G:\Dev\Proyectos\nextinfaith\node_modules\next\dist\build\webpack\loaders\next-swc-loader.js??ruleSet
[1].rules[16].oneOf[8].use[0]!G:\Dev\Proyectos\nextinfaith\node_modules\next\dist\client\resolve-href.js|pages-dir-brow
ser
    Used by 2 module(s), i. e.
    javascript/auto|G:\Dev\Proyectos\nextinfaith\node_modules\next\dist\build\webpack\loaders\next-swc-loader.js??ruleS
et[1].rules[16].oneOf[8].use[0]!G:\Dev\Proyectos\nextinfaith\node_modules\next\dist\shared\lib\router\router.js|pages-d
ir-browser
* javascript/auto|G:\Dev\Proyectos\nextinfaith\node_modules\next\dist\build\webpack\loaders\next-swc-loader.js??ruleSet
[1].rules[16].oneOf[8].use[0]!G:\dev\proyectos\nextinfaith\node_modules\next\dist\client\resolve-href.js|pages-dir-brow
ser
    Used by 2 module(s), i. e.
    javascript/auto|G:\Dev\Proyectos\nextinfaith\node_modules\next\dist\build\webpack\loaders\next-swc-loader.js??ruleS
et[1].rules[16].oneOf[8].use[0]!G:\dev\proyectos\nextinfaith\node_modules\next\dist\shared\lib\router\router.js|pages-d
ir-browser

Import trace for requested module:
./node_modules/next/dist/client/resolve-href.js
./node_modules/next/dist/shared/lib/router/router.js

./node_modules/next/dist/client/route-loader.js
There are multiple modules with names that only differ in casing.
This can lead to unexpected behavior when compiling on a filesystem with other case-semantic.
Use equal casing. Compare these module identifiers:
* javascript/auto|G:\Dev\Proyectos\nextinfaith\node_modules\next\dist\build\webpack\loaders\next-swc-loader.js??ruleSet
[1].rules[16].oneOf[8].use[0]!G:\Dev\Proyectos\nextinfaith\node_modules\next\dist\client\route-loader.js|pages-dir-brow
ser
    Used by 2 module(s), i. e.
    javascript/auto|G:\Dev\Proyectos\nextinfaith\node_modules\next\dist\build\webpack\loaders\next-swc-loader.js??ruleS
et[1].rules[16].oneOf[8].use[0]!G:\Dev\Proyectos\nextinfaith\node_modules\next\dist\shared\lib\router\router.js|pages-d
ir-browser
* javascript/auto|G:\Dev\Proyectos\nextinfaith\node_modules\next\dist\build\webpack\loaders\next-swc-loader.js??ruleSet
[1].rules[16].oneOf[8].use[0]!G:\dev\proyectos\nextinfaith\node_modules\next\dist\client\route-loader.js|pages-dir-brow
ser
    Used by 3 module(s), i. e.
    javascript/auto|G:\Dev\Proyectos\nextinfaith\node_modules\next\dist\build\webpack\loaders\next-swc-loader.js??ruleS
et[1].rules[16].oneOf[8].use[0]!G:\dev\proyectos\nextinfaith\node_modules\next\dist\client\page-loader.js|pages-dir-bro
wser

Import trace for requested module:
./node_modules/next/dist/client/route-loader.js
./node_modules/next/dist/shared/lib/router/router.js

./node_modules/next/dist/client/router.js
There are multiple modules with names that only differ in casing.
This can lead to unexpected behavior when compiling on a filesystem with other case-semantic.
Use equal casing. Compare these module identifiers:
* javascript/auto|G:\Dev\Proyectos\nextinfaith\node_modules\next\dist\build\webpack\loaders\next-swc-loader.js??ruleSet
[1].rules[16].oneOf[8].use[0]!G:\Dev\Proyectos\nextinfaith\node_modules\next\dist\client\router.js|pages-dir-browser
    Used by 2 module(s), i. e.
    javascript/auto|G:\Dev\Proyectos\nextinfaith\node_modules\next\dist\build\webpack\loaders\next-swc-loader.js??ruleS
et[1].rules[16].oneOf[8].use[0]!G:\Dev\Proyectos\nextinfaith\node_modules\next\dist\client\router.js|pages-dir-browser
* javascript/auto|G:\Dev\Proyectos\nextinfaith\node_modules\next\dist\build\webpack\loaders\next-swc-loader.js??ruleSet
[1].rules[16].oneOf[8].use[0]!G:\dev\proyectos\nextinfaith\node_modules\next\dist\client\router.js|pages-dir-browser
    Used by 4 module(s), i. e.
    javascript/auto|G:\Dev\Proyectos\nextinfaith\node_modules\next\dist\build\webpack\loaders\next-swc-loader.js??ruleS
et[1].rules[16].oneOf[8].use[0]!G:\dev\proyectos\nextinfaith\node_modules\next\dist\client\index.js|pages-dir-browser

./node_modules/next/dist/client/script.js
There are multiple modules with names that only differ in casing.
This can lead to unexpected behavior when compiling on a filesystem with other case-semantic.
Use equal casing. Compare these module identifiers:
* javascript/auto|G:\Dev\Proyectos\nextinfaith\node_modules\next\dist\build\webpack\loaders\next-swc-loader.js??ruleSet
[1].rules[16].oneOf[8].use[0]!G:\Dev\Proyectos\nextinfaith\node_modules\next\dist\client\script.js|pages-dir-browser
    Used by 2 module(s), i. e.
    javascript/auto|G:\Dev\Proyectos\nextinfaith\node_modules\next\dist\build\webpack\loaders\next-swc-loader.js??ruleS
et[1].rules[16].oneOf[8].use[0]!G:\Dev\Proyectos\nextinfaith\node_modules\next\dist\shared\lib\router\router.js|pages-d
ir-browser
* javascript/auto|G:\Dev\Proyectos\nextinfaith\node_modules\next\dist\build\webpack\loaders\next-swc-loader.js??ruleSet
[1].rules[16].oneOf[8].use[0]!G:\dev\proyectos\nextinfaith\node_modules\next\dist\client\script.js|pages-dir-browser
    Used by 3 module(s), i. e.
    javascript/auto|G:\Dev\Proyectos\nextinfaith\node_modules\next\dist\build\webpack\loaders\next-swc-loader.js??ruleS
et[1].rules[16].oneOf[8].use[0]!G:\dev\proyectos\nextinfaith\node_modules\next\dist\client\index.js|pages-dir-browser

Import trace for requested module:
./node_modules/next/dist/client/script.js
./node_modules/next/dist/shared/lib/router/router.js

./node_modules/next/dist/client/set-attributes-from-props.js
There are multiple modules with names that only differ in casing.
This can lead to unexpected behavior when compiling on a filesystem with other case-semantic.
Use equal casing. Compare these module identifiers:
* javascript/auto|G:\Dev\Proyectos\nextinfaith\node_modules\next\dist\build\webpack\loaders\next-swc-loader.js??ruleSet
[1].rules[16].oneOf[8].use[0]!G:\Dev\Proyectos\nextinfaith\node_modules\next\dist\client\set-attributes-from-props.js|p
ages-dir-browser
    Used by 2 module(s), i. e.
    javascript/auto|G:\Dev\Proyectos\nextinfaith\node_modules\next\dist\build\webpack\loaders\next-swc-loader.js??ruleS
et[1].rules[16].oneOf[8].use[0]!G:\Dev\Proyectos\nextinfaith\node_modules\next\dist\client\script.js|pages-dir-browser
* javascript/auto|G:\Dev\Proyectos\nextinfaith\node_modules\next\dist\build\webpack\loaders\next-swc-loader.js??ruleSet
[1].rules[16].oneOf[8].use[0]!G:\dev\proyectos\nextinfaith\node_modules\next\dist\client\set-attributes-from-props.js|p
ages-dir-browser
    Used by 3 module(s), i. e.
    javascript/auto|G:\Dev\Proyectos\nextinfaith\node_modules\next\dist\build\webpack\loaders\next-swc-loader.js??ruleS
et[1].rules[16].oneOf[8].use[0]!G:\dev\proyectos\nextinfaith\node_modules\next\dist\client\head-manager.js|pages-dir-br
owser

Import trace for requested module:
./node_modules/next/dist/client/set-attributes-from-props.js
./node_modules/next/dist/client/script.js
./node_modules/next/dist/shared/lib/router/router.js

./node_modules/next/dist/client/trusted-types.js
There are multiple modules with names that only differ in casing.
This can lead to unexpected behavior when compiling on a filesystem with other case-semantic.
Use equal casing. Compare these module identifiers:
* javascript/auto|G:\Dev\Proyectos\nextinfaith\node_modules\next\dist\build\webpack\loaders\next-swc-loader.js??ruleSet
[1].rules[16].oneOf[8].use[0]!G:\Dev\Proyectos\nextinfaith\node_modules\next\dist\client\trusted-types.js|pages-dir-bro
wser
    Used by 2 module(s), i. e.
    javascript/auto|G:\Dev\Proyectos\nextinfaith\node_modules\next\dist\build\webpack\loaders\next-swc-loader.js??ruleS
et[1].rules[16].oneOf[8].use[0]!G:\Dev\Proyectos\nextinfaith\node_modules\next\dist\client\route-loader.js|pages-dir-br
owser
* javascript/auto|G:\Dev\Proyectos\nextinfaith\node_modules\next\dist\build\webpack\loaders\next-swc-loader.js??ruleSet
[1].rules[16].oneOf[8].use[0]!G:\dev\proyectos\nextinfaith\node_modules\next\dist\client\trusted-types.js|pages-dir-bro
wser
    Used by 2 module(s), i. e.
    javascript/auto|G:\Dev\Proyectos\nextinfaith\node_modules\next\dist\build\webpack\loaders\next-swc-loader.js??ruleS
et[1].rules[16].oneOf[8].use[0]!G:\dev\proyectos\nextinfaith\node_modules\next\dist\client\route-loader.js|pages-dir-br
owser

Import trace for requested module:
./node_modules/next/dist/client/trusted-types.js
./node_modules/next/dist/client/route-loader.js
./node_modules/next/dist/shared/lib/router/router.js

./node_modules/next/dist/client/with-router.js
There are multiple modules with names that only differ in casing.
This can lead to unexpected behavior when compiling on a filesystem with other case-semantic.
Use equal casing. Compare these module identifiers:
* javascript/auto|G:\Dev\Proyectos\nextinfaith\node_modules\next\dist\build\webpack\loaders\next-swc-loader.js??ruleSet
[1].rules[16].oneOf[8].use[0]!G:\Dev\Proyectos\nextinfaith\node_modules\next\dist\client\with-router.js|pages-dir-brows
er
    Used by 2 module(s), i. e.
    javascript/auto|G:\Dev\Proyectos\nextinfaith\node_modules\next\dist\build\webpack\loaders\next-swc-loader.js??ruleS
et[1].rules[16].oneOf[8].use[0]!G:\Dev\Proyectos\nextinfaith\node_modules\next\dist\client\router.js|pages-dir-browser
* javascript/auto|G:\Dev\Proyectos\nextinfaith\node_modules\next\dist\build\webpack\loaders\next-swc-loader.js??ruleSet
[1].rules[16].oneOf[8].use[0]!G:\dev\proyectos\nextinfaith\node_modules\next\dist\client\with-router.js|pages-dir-brows
er
    Used by 2 module(s), i. e.
    javascript/auto|G:\Dev\Proyectos\nextinfaith\node_modules\next\dist\build\webpack\loaders\next-swc-loader.js??ruleS
et[1].rules[16].oneOf[8].use[0]!G:\dev\proyectos\nextinfaith\node_modules\next\dist\client\router.js|pages-dir-browser

Import trace for requested module:
./node_modules/next/dist/client/with-router.js

./node_modules/next/dist/pages/_app.js
There are multiple modules with names that only differ in casing.
This can lead to unexpected behavior when compiling on a filesystem with other case-semantic.
Use equal casing. Compare these module identifiers:
* javascript/auto|G:\Dev\Proyectos\nextinfaith\node_modules\next\dist\build\webpack\loaders\next-swc-loader.js??ruleSet
[1].rules[16].oneOf[8].use[0]!G:\Dev\Proyectos\nextinfaith\node_modules\next\dist\pages\_app.js|pages-dir-browser
    Used by 2 module(s), i. e.
    javascript/auto|G:\Dev\Proyectos\nextinfaith\node_modules\next\dist\build\webpack\loaders\next-client-pages-loader.
js?absolutePagePath=next%2Fdist%2Fpages%2F_app&page=%2F_app!|pages-dir-browser
* javascript/auto|G:\Dev\Proyectos\nextinfaith\node_modules\next\dist\build\webpack\loaders\next-swc-loader.js??ruleSet
[1].rules[16].oneOf[8].use[0]!G:\dev\proyectos\nextinfaith\node_modules\next\dist\pages\_app.js|pages-dir-browser
    Used by 2 module(s), i. e.
    javascript/auto|G:\Dev\Proyectos\nextinfaith\node_modules\next\dist\build\webpack\loaders\next-swc-loader.js??ruleS
et[1].rules[16].oneOf[8].use[0]!G:\dev\proyectos\nextinfaith\node_modules\next\dist\client\index.js|pages-dir-browser

./node_modules/next/dist/shared/lib/bloom-filter.js
There are multiple modules with names that only differ in casing.
This can lead to unexpected behavior when compiling on a filesystem with other case-semantic.
Use equal casing. Compare these module identifiers:
* javascript/auto|G:\Dev\Proyectos\nextinfaith\node_modules\next\dist\build\webpack\loaders\next-swc-loader.js??ruleSet
[1].rules[16].oneOf[8].use[0]!G:\Dev\Proyectos\nextinfaith\node_modules\next\dist\shared\lib\bloom-filter.js|pages-dir-
browser
    Used by 1 module(s), i. e.
    javascript/auto|G:\Dev\Proyectos\nextinfaith\node_modules\next\dist\build\webpack\loaders\next-swc-loader.js??ruleS
et[1].rules[16].oneOf[8].use[0]!G:\Dev\Proyectos\nextinfaith\node_modules\next\dist\shared\lib\router\router.js|pages-d
ir-browser
* javascript/auto|G:\Dev\Proyectos\nextinfaith\node_modules\next\dist\build\webpack\loaders\next-swc-loader.js??ruleSet
[1].rules[16].oneOf[8].use[0]!G:\dev\proyectos\nextinfaith\node_modules\next\dist\shared\lib\bloom-filter.js|pages-dir-
browser
    Used by 1 module(s), i. e.
    javascript/auto|G:\Dev\Proyectos\nextinfaith\node_modules\next\dist\build\webpack\loaders\next-swc-loader.js??ruleS
et[1].rules[16].oneOf[8].use[0]!G:\dev\proyectos\nextinfaith\node_modules\next\dist\shared\lib\router\router.js|pages-d
ir-browser

Import trace for requested module:
./node_modules/next/dist/shared/lib/bloom-filter.js
./node_modules/next/dist/shared/lib/router/router.js

./node_modules/next/dist/shared/lib/encode-uri-path.js
There are multiple modules with names that only differ in casing.
This can lead to unexpected behavior when compiling on a filesystem with other case-semantic.
Use equal casing. Compare these module identifiers:
* javascript/auto|G:\Dev\Proyectos\nextinfaith\node_modules\next\dist\build\webpack\loaders\next-swc-loader.js??ruleSet
[1].rules[16].oneOf[8].use[0]!G:\Dev\Proyectos\nextinfaith\node_modules\next\dist\shared\lib\encode-uri-path.js|pages-d
ir-browser
    Used by 1 module(s), i. e.
    javascript/auto|G:\Dev\Proyectos\nextinfaith\node_modules\next\dist\build\webpack\loaders\next-swc-loader.js??ruleS
et[1].rules[16].oneOf[8].use[0]!G:\Dev\Proyectos\nextinfaith\node_modules\next\dist\client\route-loader.js|pages-dir-br
owser
* javascript/auto|G:\Dev\Proyectos\nextinfaith\node_modules\next\dist\build\webpack\loaders\next-swc-loader.js??ruleSet
[1].rules[16].oneOf[8].use[0]!G:\dev\proyectos\nextinfaith\node_modules\next\dist\shared\lib\encode-uri-path.js|pages-d
ir-browser
    Used by 1 module(s), i. e.
    javascript/auto|G:\Dev\Proyectos\nextinfaith\node_modules\next\dist\build\webpack\loaders\next-swc-loader.js??ruleS
et[1].rules[16].oneOf[8].use[0]!G:\dev\proyectos\nextinfaith\node_modules\next\dist\client\route-loader.js|pages-dir-br
owser

Import trace for requested module:
./node_modules/next/dist/shared/lib/encode-uri-path.js
./node_modules/next/dist/client/route-loader.js
./node_modules/next/dist/shared/lib/router/router.js

./node_modules/next/dist/shared/lib/escape-regexp.js
There are multiple modules with names that only differ in casing.
This can lead to unexpected behavior when compiling on a filesystem with other case-semantic.
Use equal casing. Compare these module identifiers:
* javascript/auto|G:\Dev\Proyectos\nextinfaith\node_modules\next\dist\build\webpack\loaders\next-swc-loader.js??ruleSet
[1].rules[16].oneOf[8].use[0]!G:\Dev\Proyectos\nextinfaith\node_modules\next\dist\shared\lib\escape-regexp.js|pages-dir
-browser
    Used by 1 module(s), i. e.
    javascript/auto|G:\Dev\Proyectos\nextinfaith\node_modules\next\dist\build\webpack\loaders\next-swc-loader.js??ruleS
et[1].rules[16].oneOf[8].use[0]!G:\Dev\Proyectos\nextinfaith\node_modules\next\dist\shared\lib\router\utils\route-regex
.js|pages-dir-browser
* javascript/auto|G:\Dev\Proyectos\nextinfaith\node_modules\next\dist\build\webpack\loaders\next-swc-loader.js??ruleSet
[1].rules[16].oneOf[8].use[0]!G:\dev\proyectos\nextinfaith\node_modules\next\dist\shared\lib\escape-regexp.js|pages-dir
-browser
    Used by 1 module(s), i. e.
    javascript/auto|G:\Dev\Proyectos\nextinfaith\node_modules\next\dist\build\webpack\loaders\next-swc-loader.js??ruleS
et[1].rules[16].oneOf[8].use[0]!G:\dev\proyectos\nextinfaith\node_modules\next\dist\shared\lib\router\utils\route-regex
.js|pages-dir-browser

Import trace for requested module:
./node_modules/next/dist/shared/lib/escape-regexp.js
./node_modules/next/dist/shared/lib/router/utils/route-regex.js
./node_modules/next/dist/shared/lib/router/router.js

./node_modules/next/dist/shared/lib/head-manager-context.shared-runtime.js
There are multiple modules with names that only differ in casing.
This can lead to unexpected behavior when compiling on a filesystem with other case-semantic.
Use equal casing. Compare these module identifiers:
* javascript/auto|G:\Dev\Proyectos\nextinfaith\node_modules\next\dist\build\webpack\loaders\next-swc-loader.js??ruleSet
[1].rules[16].oneOf[8].use[0]!G:\Dev\Proyectos\nextinfaith\node_modules\next\dist\shared\lib\head-manager-context.share
d-runtime.js|pages-dir-browser
    Used by 1 module(s), i. e.
    javascript/auto|G:\Dev\Proyectos\nextinfaith\node_modules\next\dist\build\webpack\loaders\next-swc-loader.js??ruleS
et[1].rules[16].oneOf[8].use[0]!G:\Dev\Proyectos\nextinfaith\node_modules\next\dist\client\script.js|pages-dir-browser
* javascript/auto|G:\Dev\Proyectos\nextinfaith\node_modules\next\dist\build\webpack\loaders\next-swc-loader.js??ruleSet
[1].rules[16].oneOf[8].use[0]!G:\dev\proyectos\nextinfaith\node_modules\next\dist\shared\lib\head-manager-context.share
d-runtime.js|pages-dir-browser
    Used by 3 module(s), i. e.
    javascript/auto|G:\Dev\Proyectos\nextinfaith\node_modules\next\dist\build\webpack\loaders\next-swc-loader.js??ruleS
et[1].rules[16].oneOf[8].use[0]!G:\dev\proyectos\nextinfaith\node_modules\next\dist\client\index.js|pages-dir-browser

Import trace for requested module:
./node_modules/next/dist/shared/lib/head-manager-context.shared-runtime.js
./node_modules/next/dist/client/script.js
./node_modules/next/dist/shared/lib/router/router.js

./node_modules/next/dist/shared/lib/is-plain-object.js
There are multiple modules with names that only differ in casing.
This can lead to unexpected behavior when compiling on a filesystem with other case-semantic.
Use equal casing. Compare these module identifiers:
* javascript/auto|G:\Dev\Proyectos\nextinfaith\node_modules\next\dist\build\webpack\loaders\next-swc-loader.js??ruleSet
[1].rules[16].oneOf[8].use[0]!G:\Dev\Proyectos\nextinfaith\node_modules\next\dist\shared\lib\is-plain-object.js|pages-d
ir-browser
    Used by 2 module(s), i. e.
    javascript/auto|G:\Dev\Proyectos\nextinfaith\node_modules\next\dist\lib\is-error.js|pages-dir-browser
* javascript/auto|G:\Dev\Proyectos\nextinfaith\node_modules\next\dist\build\webpack\loaders\next-swc-loader.js??ruleSet
[1].rules[16].oneOf[8].use[0]!G:\dev\proyectos\nextinfaith\node_modules\next\dist\shared\lib\is-plain-object.js|pages-d
ir-browser
    Used by 2 module(s), i. e.
    javascript/auto|G:\dev\proyectos\nextinfaith\node_modules\next\dist\lib\is-error.js|pages-dir-browser

Import trace for requested module:
./node_modules/next/dist/shared/lib/is-plain-object.js
./node_modules/next/dist/lib/is-error.js

./node_modules/next/dist/shared/lib/i18n/normalize-locale-path.js
There are multiple modules with names that only differ in casing.
This can lead to unexpected behavior when compiling on a filesystem with other case-semantic.
Use equal casing. Compare these module identifiers:
* javascript/auto|G:\Dev\Proyectos\nextinfaith\node_modules\next\dist\build\webpack\loaders\next-swc-loader.js??ruleSet
[1].rules[16].oneOf[8].use[0]!G:\Dev\Proyectos\nextinfaith\node_modules\next\dist\shared\lib\i18n\normalize-locale-path
.js|pages-dir-browser
    Used by 2 module(s), i. e.
    javascript/auto|G:\Dev\Proyectos\nextinfaith\node_modules\next\dist\build\webpack\loaders\next-swc-loader.js??ruleS
et[1].rules[16].oneOf[8].use[0]!G:\Dev\Proyectos\nextinfaith\node_modules\next\dist\shared\lib\router\router.js|pages-d
ir-browser
* javascript/auto|G:\Dev\Proyectos\nextinfaith\node_modules\next\dist\build\webpack\loaders\next-swc-loader.js??ruleSet
[1].rules[16].oneOf[8].use[0]!G:\dev\proyectos\nextinfaith\node_modules\next\dist\shared\lib\i18n\normalize-locale-path
.js|pages-dir-browser
    Used by 2 module(s), i. e.
    javascript/auto|G:\Dev\Proyectos\nextinfaith\node_modules\next\dist\build\webpack\loaders\next-swc-loader.js??ruleS
et[1].rules[16].oneOf[8].use[0]!G:\dev\proyectos\nextinfaith\node_modules\next\dist\shared\lib\router\router.js|pages-d
ir-browser

Import trace for requested module:
./node_modules/next/dist/shared/lib/i18n/normalize-locale-path.js
./node_modules/next/dist/shared/lib/router/router.js

./node_modules/next/dist/shared/lib/mitt.js
There are multiple modules with names that only differ in casing.
This can lead to unexpected behavior when compiling on a filesystem with other case-semantic.
Use equal casing. Compare these module identifiers:
* javascript/auto|G:\Dev\Proyectos\nextinfaith\node_modules\next\dist\build\webpack\loaders\next-swc-loader.js??ruleSet
[1].rules[16].oneOf[8].use[0]!G:\Dev\Proyectos\nextinfaith\node_modules\next\dist\shared\lib\mitt.js|pages-dir-browser
    Used by 1 module(s), i. e.
    javascript/auto|G:\Dev\Proyectos\nextinfaith\node_modules\next\dist\build\webpack\loaders\next-swc-loader.js??ruleS
et[1].rules[16].oneOf[8].use[0]!G:\Dev\Proyectos\nextinfaith\node_modules\next\dist\shared\lib\router\router.js|pages-d
ir-browser
* javascript/auto|G:\Dev\Proyectos\nextinfaith\node_modules\next\dist\build\webpack\loaders\next-swc-loader.js??ruleSet
[1].rules[16].oneOf[8].use[0]!G:\dev\proyectos\nextinfaith\node_modules\next\dist\shared\lib\mitt.js|pages-dir-browser
    Used by 3 module(s), i. e.
    javascript/auto|G:\Dev\Proyectos\nextinfaith\node_modules\next\dist\build\webpack\loaders\next-swc-loader.js??ruleS
et[1].rules[16].oneOf[8].use[0]!G:\dev\proyectos\nextinfaith\node_modules\next\dist\client\index.js|pages-dir-browser

Import trace for requested module:
./node_modules/next/dist/shared/lib/mitt.js
./node_modules/next/dist/shared/lib/router/router.js

./node_modules/next/dist/shared/lib/page-path/denormalize-page-path.js
There are multiple modules with names that only differ in casing.
This can lead to unexpected behavior when compiling on a filesystem with other case-semantic.
Use equal casing. Compare these module identifiers:
* javascript/auto|G:\Dev\Proyectos\nextinfaith\node_modules\next\dist\build\webpack\loaders\next-swc-loader.js??ruleSet
[1].rules[16].oneOf[8].use[0]!G:\Dev\Proyectos\nextinfaith\node_modules\next\dist\shared\lib\page-path\denormalize-page
-path.js|pages-dir-browser
    Used by 1 module(s), i. e.
    javascript/auto|G:\Dev\Proyectos\nextinfaith\node_modules\next\dist\build\webpack\loaders\next-swc-loader.js??ruleS
et[1].rules[16].oneOf[8].use[0]!G:\Dev\Proyectos\nextinfaith\node_modules\next\dist\shared\lib\router\router.js|pages-d
ir-browser
* javascript/auto|G:\Dev\Proyectos\nextinfaith\node_modules\next\dist\build\webpack\loaders\next-swc-loader.js??ruleSet
[1].rules[16].oneOf[8].use[0]!G:\dev\proyectos\nextinfaith\node_modules\next\dist\shared\lib\page-path\denormalize-page
-path.js|pages-dir-browser
    Used by 1 module(s), i. e.
    javascript/auto|G:\Dev\Proyectos\nextinfaith\node_modules\next\dist\build\webpack\loaders\next-swc-loader.js??ruleS
et[1].rules[16].oneOf[8].use[0]!G:\dev\proyectos\nextinfaith\node_modules\next\dist\shared\lib\router\router.js|pages-d
ir-browser

Import trace for requested module:
./node_modules/next/dist/shared/lib/page-path/denormalize-page-path.js
./node_modules/next/dist/shared/lib/router/router.js

./node_modules/next/dist/shared/lib/page-path/ensure-leading-slash.js
There are multiple modules with names that only differ in casing.
This can lead to unexpected behavior when compiling on a filesystem with other case-semantic.
Use equal casing. Compare these module identifiers:
* javascript/auto|G:\Dev\Proyectos\nextinfaith\node_modules\next\dist\build\webpack\loaders\next-swc-loader.js??ruleSet
[1].rules[16].oneOf[8].use[0]!G:\Dev\Proyectos\nextinfaith\node_modules\next\dist\shared\lib\page-path\ensure-leading-s
lash.js|pages-dir-browser
    Used by 1 module(s), i. e.
    javascript/auto|G:\Dev\Proyectos\nextinfaith\node_modules\next\dist\build\webpack\loaders\next-swc-loader.js??ruleS
et[1].rules[16].oneOf[8].use[0]!G:\Dev\Proyectos\nextinfaith\node_modules\next\dist\shared\lib\router\utils\app-paths.j
s|pages-dir-browser
* javascript/auto|G:\Dev\Proyectos\nextinfaith\node_modules\next\dist\build\webpack\loaders\next-swc-loader.js??ruleSet
[1].rules[16].oneOf[8].use[0]!G:\dev\proyectos\nextinfaith\node_modules\next\dist\shared\lib\page-path\ensure-leading-s
lash.js|pages-dir-browser
    Used by 1 module(s), i. e.
    javascript/auto|G:\Dev\Proyectos\nextinfaith\node_modules\next\dist\build\webpack\loaders\next-swc-loader.js??ruleS
et[1].rules[16].oneOf[8].use[0]!G:\dev\proyectos\nextinfaith\node_modules\next\dist\shared\lib\router\utils\app-paths.j
s|pages-dir-browser

Import trace for requested module:
./node_modules/next/dist/shared/lib/page-path/ensure-leading-slash.js
./node_modules/next/dist/shared/lib/router/utils/app-paths.js
./node_modules/next/dist/shared/lib/router/utils/interception-routes.js
./node_modules/next/dist/shared/lib/router/utils/is-dynamic.js
./node_modules/next/dist/shared/lib/router/router.js

./node_modules/next/dist/shared/lib/page-path/normalize-path-sep.js
There are multiple modules with names that only differ in casing.
This can lead to unexpected behavior when compiling on a filesystem with other case-semantic.
Use equal casing. Compare these module identifiers:
* javascript/auto|G:\Dev\Proyectos\nextinfaith\node_modules\next\dist\build\webpack\loaders\next-swc-loader.js??ruleSet
[1].rules[16].oneOf[8].use[0]!G:\Dev\Proyectos\nextinfaith\node_modules\next\dist\shared\lib\page-path\normalize-path-s
ep.js|pages-dir-browser
    Used by 1 module(s), i. e.
    javascript/auto|G:\Dev\Proyectos\nextinfaith\node_modules\next\dist\build\webpack\loaders\next-swc-loader.js??ruleS
et[1].rules[16].oneOf[8].use[0]!G:\Dev\Proyectos\nextinfaith\node_modules\next\dist\shared\lib\page-path\denormalize-pa
ge-path.js|pages-dir-browser
* javascript/auto|G:\Dev\Proyectos\nextinfaith\node_modules\next\dist\build\webpack\loaders\next-swc-loader.js??ruleSet
[1].rules[16].oneOf[8].use[0]!G:\dev\proyectos\nextinfaith\node_modules\next\dist\shared\lib\page-path\normalize-path-s
ep.js|pages-dir-browser
    Used by 1 module(s), i. e.
    javascript/auto|G:\Dev\Proyectos\nextinfaith\node_modules\next\dist\build\webpack\loaders\next-swc-loader.js??ruleS
et[1].rules[16].oneOf[8].use[0]!G:\dev\proyectos\nextinfaith\node_modules\next\dist\shared\lib\page-path\denormalize-pa
ge-path.js|pages-dir-browser

Import trace for requested module:
./node_modules/next/dist/shared/lib/page-path/normalize-path-sep.js
./node_modules/next/dist/shared/lib/page-path/denormalize-page-path.js
./node_modules/next/dist/shared/lib/router/router.js

./node_modules/next/dist/shared/lib/router-context.shared-runtime.js
There are multiple modules with names that only differ in casing.
This can lead to unexpected behavior when compiling on a filesystem with other case-semantic.
Use equal casing. Compare these module identifiers:
* javascript/auto|G:\Dev\Proyectos\nextinfaith\node_modules\next\dist\build\webpack\loaders\next-swc-loader.js??ruleSet
[1].rules[16].oneOf[8].use[0]!G:\Dev\Proyectos\nextinfaith\node_modules\next\dist\shared\lib\router-context.shared-runt
ime.js|pages-dir-browser
    Used by 1 module(s), i. e.
    javascript/auto|G:\Dev\Proyectos\nextinfaith\node_modules\next\dist\build\webpack\loaders\next-swc-loader.js??ruleS
et[1].rules[16].oneOf[8].use[0]!G:\Dev\Proyectos\nextinfaith\node_modules\next\dist\client\router.js|pages-dir-browser
* javascript/auto|G:\Dev\Proyectos\nextinfaith\node_modules\next\dist\build\webpack\loaders\next-swc-loader.js??ruleSet
[1].rules[16].oneOf[8].use[0]!G:\dev\proyectos\nextinfaith\node_modules\next\dist\shared\lib\router-context.shared-runt
ime.js|pages-dir-browser
    Used by 2 module(s), i. e.
    javascript/auto|G:\Dev\Proyectos\nextinfaith\node_modules\next\dist\build\webpack\loaders\next-swc-loader.js??ruleS
et[1].rules[16].oneOf[8].use[0]!G:\dev\proyectos\nextinfaith\node_modules\next\dist\client\index.js|pages-dir-browser

Import trace for requested module:
./node_modules/next/dist/shared/lib/router-context.shared-runtime.js

./node_modules/next/dist/shared/lib/router/router.js
There are multiple modules with names that only differ in casing.
This can lead to unexpected behavior when compiling on a filesystem with other case-semantic.
Use equal casing. Compare these module identifiers:
* javascript/auto|G:\Dev\Proyectos\nextinfaith\node_modules\next\dist\build\webpack\loaders\next-swc-loader.js??ruleSet
[1].rules[16].oneOf[8].use[0]!G:\Dev\Proyectos\nextinfaith\node_modules\next\dist\shared\lib\router\router.js|pages-dir
-browser
    Used by 2 module(s), i. e.
    javascript/auto|G:\Dev\Proyectos\nextinfaith\node_modules\next\dist\build\webpack\loaders\next-swc-loader.js??ruleS
et[1].rules[16].oneOf[8].use[0]!G:\Dev\Proyectos\nextinfaith\node_modules\next\dist\client\router.js|pages-dir-browser
* javascript/auto|G:\Dev\Proyectos\nextinfaith\node_modules\next\dist\build\webpack\loaders\next-swc-loader.js??ruleSet
[1].rules[16].oneOf[8].use[0]!G:\dev\proyectos\nextinfaith\node_modules\next\dist\shared\lib\router\router.js|pages-dir
-browser
    Used by 2 module(s), i. e.
    javascript/auto|G:\Dev\Proyectos\nextinfaith\node_modules\next\dist\build\webpack\loaders\next-swc-loader.js??ruleS
et[1].rules[16].oneOf[8].use[0]!G:\dev\proyectos\nextinfaith\node_modules\next\dist\client\router.js|pages-dir-browser

Import trace for requested module:
./node_modules/next/dist/shared/lib/router/router.js

./node_modules/next/dist/shared/lib/router/utils/add-locale.js
There are multiple modules with names that only differ in casing.
This can lead to unexpected behavior when compiling on a filesystem with other case-semantic.
Use equal casing. Compare these module identifiers:
* javascript/auto|G:\Dev\Proyectos\nextinfaith\node_modules\next\dist\build\webpack\loaders\next-swc-loader.js??ruleSet
[1].rules[16].oneOf[8].use[0]!G:\Dev\Proyectos\nextinfaith\node_modules\next\dist\shared\lib\router\utils\add-locale.js
|pages-dir-browser
    Used by 1 module(s), i. e.
    javascript/auto|G:\Dev\Proyectos\nextinfaith\node_modules\next\dist\build\webpack\loaders\next-swc-loader.js??ruleS
et[1].rules[16].oneOf[8].use[0]!G:\Dev\Proyectos\nextinfaith\node_modules\next\dist\shared\lib\router\utils\format-next
-pathname-info.js|pages-dir-browser
* javascript/auto|G:\Dev\Proyectos\nextinfaith\node_modules\next\dist\build\webpack\loaders\next-swc-loader.js??ruleSet
[1].rules[16].oneOf[8].use[0]!G:\dev\proyectos\nextinfaith\node_modules\next\dist\shared\lib\router\utils\add-locale.js
|pages-dir-browser
    Used by 1 module(s), i. e.
    javascript/auto|G:\Dev\Proyectos\nextinfaith\node_modules\next\dist\build\webpack\loaders\next-swc-loader.js??ruleS
et[1].rules[16].oneOf[8].use[0]!G:\dev\proyectos\nextinfaith\node_modules\next\dist\shared\lib\router\utils\format-next
-pathname-info.js|pages-dir-browser

Import trace for requested module:
./node_modules/next/dist/shared/lib/router/utils/add-locale.js
./node_modules/next/dist/shared/lib/router/utils/format-next-pathname-info.js
./node_modules/next/dist/shared/lib/router/router.js

./node_modules/next/dist/shared/lib/router/utils/add-path-prefix.js
There are multiple modules with names that only differ in casing.
This can lead to unexpected behavior when compiling on a filesystem with other case-semantic.
Use equal casing. Compare these module identifiers:
* javascript/auto|G:\Dev\Proyectos\nextinfaith\node_modules\next\dist\build\webpack\loaders\next-swc-loader.js??ruleSet
[1].rules[16].oneOf[8].use[0]!G:\Dev\Proyectos\nextinfaith\node_modules\next\dist\shared\lib\router\utils\add-path-pref
ix.js|pages-dir-browser
    Used by 3 module(s), i. e.
    javascript/auto|G:\Dev\Proyectos\nextinfaith\node_modules\next\dist\build\webpack\loaders\next-swc-loader.js??ruleS
et[1].rules[16].oneOf[8].use[0]!G:\Dev\Proyectos\nextinfaith\node_modules\next\dist\client\add-base-path.js|pages-dir-b
rowser
* javascript/auto|G:\Dev\Proyectos\nextinfaith\node_modules\next\dist\build\webpack\loaders\next-swc-loader.js??ruleSet
[1].rules[16].oneOf[8].use[0]!G:\dev\proyectos\nextinfaith\node_modules\next\dist\shared\lib\router\utils\add-path-pref
ix.js|pages-dir-browser
    Used by 3 module(s), i. e.
    javascript/auto|G:\Dev\Proyectos\nextinfaith\node_modules\next\dist\build\webpack\loaders\next-swc-loader.js??ruleS
et[1].rules[16].oneOf[8].use[0]!G:\dev\proyectos\nextinfaith\node_modules\next\dist\client\add-base-path.js|pages-dir-b
rowser

Import trace for requested module:
./node_modules/next/dist/shared/lib/router/utils/add-path-prefix.js
./node_modules/next/dist/client/add-base-path.js
./node_modules/next/dist/shared/lib/router/router.js

./node_modules/next/dist/shared/lib/router/utils/add-path-suffix.js
There are multiple modules with names that only differ in casing.
This can lead to unexpected behavior when compiling on a filesystem with other case-semantic.
Use equal casing. Compare these module identifiers:
* javascript/auto|G:\Dev\Proyectos\nextinfaith\node_modules\next\dist\build\webpack\loaders\next-swc-loader.js??ruleSet
[1].rules[16].oneOf[8].use[0]!G:\Dev\Proyectos\nextinfaith\node_modules\next\dist\shared\lib\router\utils\add-path-suff
ix.js|pages-dir-browser
    Used by 1 module(s), i. e.
    javascript/auto|G:\Dev\Proyectos\nextinfaith\node_modules\next\dist\build\webpack\loaders\next-swc-loader.js??ruleS
et[1].rules[16].oneOf[8].use[0]!G:\Dev\Proyectos\nextinfaith\node_modules\next\dist\shared\lib\router\utils\format-next
-pathname-info.js|pages-dir-browser
* javascript/auto|G:\Dev\Proyectos\nextinfaith\node_modules\next\dist\build\webpack\loaders\next-swc-loader.js??ruleSet
[1].rules[16].oneOf[8].use[0]!G:\dev\proyectos\nextinfaith\node_modules\next\dist\shared\lib\router\utils\add-path-suff
ix.js|pages-dir-browser
    Used by 1 module(s), i. e.
    javascript/auto|G:\Dev\Proyectos\nextinfaith\node_modules\next\dist\build\webpack\loaders\next-swc-loader.js??ruleS
et[1].rules[16].oneOf[8].use[0]!G:\dev\proyectos\nextinfaith\node_modules\next\dist\shared\lib\router\utils\format-next
-pathname-info.js|pages-dir-browser

Import trace for requested module:
./node_modules/next/dist/shared/lib/router/utils/add-path-suffix.js
./node_modules/next/dist/shared/lib/router/utils/format-next-pathname-info.js
./node_modules/next/dist/shared/lib/router/router.js

./node_modules/next/dist/shared/lib/router/utils/app-paths.js
There are multiple modules with names that only differ in casing.
This can lead to unexpected behavior when compiling on a filesystem with other case-semantic.
Use equal casing. Compare these module identifiers:
* javascript/auto|G:\Dev\Proyectos\nextinfaith\node_modules\next\dist\build\webpack\loaders\next-swc-loader.js??ruleSet
[1].rules[16].oneOf[8].use[0]!G:\Dev\Proyectos\nextinfaith\node_modules\next\dist\shared\lib\router\utils\app-paths.js|
pages-dir-browser
    Used by 2 module(s), i. e.
    javascript/auto|G:\Dev\Proyectos\nextinfaith\node_modules\next\dist\build\webpack\loaders\next-swc-loader.js??ruleS
et[1].rules[16].oneOf[8].use[0]!G:\Dev\Proyectos\nextinfaith\node_modules\next\dist\shared\lib\router\utils\interceptio
n-routes.js|pages-dir-browser
* javascript/auto|G:\Dev\Proyectos\nextinfaith\node_modules\next\dist\build\webpack\loaders\next-swc-loader.js??ruleSet
[1].rules[16].oneOf[8].use[0]!G:\dev\proyectos\nextinfaith\node_modules\next\dist\shared\lib\router\utils\app-paths.js|
pages-dir-browser
    Used by 2 module(s), i. e.
    javascript/auto|G:\Dev\Proyectos\nextinfaith\node_modules\next\dist\build\webpack\loaders\next-swc-loader.js??ruleS
et[1].rules[16].oneOf[8].use[0]!G:\dev\proyectos\nextinfaith\node_modules\next\dist\shared\lib\router\utils\interceptio
n-routes.js|pages-dir-browser

Import trace for requested module:
./node_modules/next/dist/shared/lib/router/utils/app-paths.js
./node_modules/next/dist/shared/lib/router/utils/interception-routes.js
./node_modules/next/dist/shared/lib/router/utils/is-dynamic.js
./node_modules/next/dist/shared/lib/router/router.js

./node_modules/next/dist/shared/lib/router/utils/compare-states.js
There are multiple modules with names that only differ in casing.
This can lead to unexpected behavior when compiling on a filesystem with other case-semantic.
Use equal casing. Compare these module identifiers:
* javascript/auto|G:\Dev\Proyectos\nextinfaith\node_modules\next\dist\build\webpack\loaders\next-swc-loader.js??ruleSet
[1].rules[16].oneOf[8].use[0]!G:\Dev\Proyectos\nextinfaith\node_modules\next\dist\shared\lib\router\utils\compare-state
s.js|pages-dir-browser
    Used by 1 module(s), i. e.
    javascript/auto|G:\Dev\Proyectos\nextinfaith\node_modules\next\dist\build\webpack\loaders\next-swc-loader.js??ruleS
et[1].rules[16].oneOf[8].use[0]!G:\Dev\Proyectos\nextinfaith\node_modules\next\dist\shared\lib\router\router.js|pages-d
ir-browser
* javascript/auto|G:\Dev\Proyectos\nextinfaith\node_modules\next\dist\build\webpack\loaders\next-swc-loader.js??ruleSet
[1].rules[16].oneOf[8].use[0]!G:\dev\proyectos\nextinfaith\node_modules\next\dist\shared\lib\router\utils\compare-state
s.js|pages-dir-browser
    Used by 1 module(s), i. e.
    javascript/auto|G:\Dev\Proyectos\nextinfaith\node_modules\next\dist\build\webpack\loaders\next-swc-loader.js??ruleS
et[1].rules[16].oneOf[8].use[0]!G:\dev\proyectos\nextinfaith\node_modules\next\dist\shared\lib\router\router.js|pages-d
ir-browser

Import trace for requested module:
./node_modules/next/dist/shared/lib/router/utils/compare-states.js
./node_modules/next/dist/shared/lib/router/router.js

./node_modules/next/dist/shared/lib/router/utils/disable-smooth-scroll.js
There are multiple modules with names that only differ in casing.
This can lead to unexpected behavior when compiling on a filesystem with other case-semantic.
Use equal casing. Compare these module identifiers:
* javascript/auto|G:\Dev\Proyectos\nextinfaith\node_modules\next\dist\build\webpack\loaders\next-swc-loader.js??ruleSet
[1].rules[16].oneOf[8].use[0]!G:\Dev\Proyectos\nextinfaith\node_modules\next\dist\shared\lib\router\utils\disable-smoot
h-scroll.js|pages-dir-browser
    Used by 1 module(s), i. e.
    javascript/auto|G:\Dev\Proyectos\nextinfaith\node_modules\next\dist\build\webpack\loaders\next-swc-loader.js??ruleS
et[1].rules[16].oneOf[8].use[0]!G:\Dev\Proyectos\nextinfaith\node_modules\next\dist\shared\lib\router\router.js|pages-d
ir-browser
* javascript/auto|G:\Dev\Proyectos\nextinfaith\node_modules\next\dist\build\webpack\loaders\next-swc-loader.js??ruleSet
[1].rules[16].oneOf[8].use[0]!G:\dev\proyectos\nextinfaith\node_modules\next\dist\shared\lib\router\utils\disable-smoot
h-scroll.js|pages-dir-browser
    Used by 2 module(s), i. e.
    javascript/auto|G:\Dev\Proyectos\nextinfaith\node_modules\next\dist\build\webpack\loaders\next-swc-loader.js??ruleS
et[1].rules[16].oneOf[8].use[0]!G:\dev\proyectos\nextinfaith\node_modules\next\dist\client\index.js|pages-dir-browser

Import trace for requested module:
./node_modules/next/dist/shared/lib/router/utils/disable-smooth-scroll.js
./node_modules/next/dist/shared/lib/router/router.js

./node_modules/next/dist/shared/lib/router/utils/format-next-pathname-info.js
There are multiple modules with names that only differ in casing.
This can lead to unexpected behavior when compiling on a filesystem with other case-semantic.
Use equal casing. Compare these module identifiers:
* javascript/auto|G:\Dev\Proyectos\nextinfaith\node_modules\next\dist\build\webpack\loaders\next-swc-loader.js??ruleSet
[1].rules[16].oneOf[8].use[0]!G:\Dev\Proyectos\nextinfaith\node_modules\next\dist\shared\lib\router\utils\format-next-p
athname-info.js|pages-dir-browser
    Used by 1 module(s), i. e.
    javascript/auto|G:\Dev\Proyectos\nextinfaith\node_modules\next\dist\build\webpack\loaders\next-swc-loader.js??ruleS
et[1].rules[16].oneOf[8].use[0]!G:\Dev\Proyectos\nextinfaith\node_modules\next\dist\shared\lib\router\router.js|pages-d
ir-browser
* javascript/auto|G:\Dev\Proyectos\nextinfaith\node_modules\next\dist\build\webpack\loaders\next-swc-loader.js??ruleSet
[1].rules[16].oneOf[8].use[0]!G:\dev\proyectos\nextinfaith\node_modules\next\dist\shared\lib\router\utils\format-next-p
athname-info.js|pages-dir-browser
    Used by 1 module(s), i. e.
    javascript/auto|G:\Dev\Proyectos\nextinfaith\node_modules\next\dist\build\webpack\loaders\next-swc-loader.js??ruleS
et[1].rules[16].oneOf[8].use[0]!G:\dev\proyectos\nextinfaith\node_modules\next\dist\shared\lib\router\router.js|pages-d
ir-browser

Import trace for requested module:
./node_modules/next/dist/shared/lib/router/utils/format-next-pathname-info.js
./node_modules/next/dist/shared/lib/router/router.js

./node_modules/next/dist/shared/lib/router/utils/format-url.js
There are multiple modules with names that only differ in casing.
This can lead to unexpected behavior when compiling on a filesystem with other case-semantic.
Use equal casing. Compare these module identifiers:
* javascript/auto|G:\Dev\Proyectos\nextinfaith\node_modules\next\dist\build\webpack\loaders\next-swc-loader.js??ruleSet
[1].rules[16].oneOf[8].use[0]!G:\Dev\Proyectos\nextinfaith\node_modules\next\dist\shared\lib\router\utils\format-url.js
|pages-dir-browser
    Used by 3 module(s), i. e.
    javascript/auto|G:\Dev\Proyectos\nextinfaith\node_modules\next\dist\build\webpack\loaders\next-swc-loader.js??ruleS
et[1].rules[16].oneOf[8].use[0]!G:\Dev\Proyectos\nextinfaith\node_modules\next\dist\shared\lib\router\router.js|pages-d
ir-browser
* javascript/auto|G:\Dev\Proyectos\nextinfaith\node_modules\next\dist\build\webpack\loaders\next-swc-loader.js??ruleSet
[1].rules[16].oneOf[8].use[0]!G:\dev\proyectos\nextinfaith\node_modules\next\dist\shared\lib\router\utils\format-url.js
|pages-dir-browser
    Used by 3 module(s), i. e.
    javascript/auto|G:\Dev\Proyectos\nextinfaith\node_modules\next\dist\build\webpack\loaders\next-swc-loader.js??ruleS
et[1].rules[16].oneOf[8].use[0]!G:\dev\proyectos\nextinfaith\node_modules\next\dist\shared\lib\router\router.js|pages-d
ir-browser

Import trace for requested module:
./node_modules/next/dist/shared/lib/router/utils/format-url.js
./node_modules/next/dist/shared/lib/router/router.js

./node_modules/next/dist/shared/lib/router/utils/get-asset-path-from-route.js
There are multiple modules with names that only differ in casing.
This can lead to unexpected behavior when compiling on a filesystem with other case-semantic.
Use equal casing. Compare these module identifiers:
* javascript/auto|G:\Dev\Proyectos\nextinfaith\node_modules\next\dist\build\webpack\loaders\next-swc-loader.js??ruleSet
[1].rules[16].oneOf[8].use[0]!G:\Dev\Proyectos\nextinfaith\node_modules\next\dist\shared\lib\router\utils\get-asset-pat
h-from-route.js|pages-dir-browser
    Used by 1 module(s), i. e.
    javascript/auto|G:\Dev\Proyectos\nextinfaith\node_modules\next\dist\build\webpack\loaders\next-swc-loader.js??ruleS
et[1].rules[16].oneOf[8].use[0]!G:\Dev\Proyectos\nextinfaith\node_modules\next\dist\client\route-loader.js|pages-dir-br
owser
* javascript/auto|G:\Dev\Proyectos\nextinfaith\node_modules\next\dist\build\webpack\loaders\next-swc-loader.js??ruleSet
[1].rules[16].oneOf[8].use[0]!G:\dev\proyectos\nextinfaith\node_modules\next\dist\shared\lib\router\utils\get-asset-pat
h-from-route.js|pages-dir-browser
    Used by 2 module(s), i. e.
    javascript/auto|G:\Dev\Proyectos\nextinfaith\node_modules\next\dist\build\webpack\loaders\next-swc-loader.js??ruleS
et[1].rules[16].oneOf[8].use[0]!G:\dev\proyectos\nextinfaith\node_modules\next\dist\client\page-loader.js|pages-dir-bro
wser

Import trace for requested module:
./node_modules/next/dist/shared/lib/router/utils/get-asset-path-from-route.js
./node_modules/next/dist/client/route-loader.js
./node_modules/next/dist/shared/lib/router/router.js

./node_modules/next/dist/shared/lib/router/utils/get-dynamic-param.js
There are multiple modules with names that only differ in casing.
This can lead to unexpected behavior when compiling on a filesystem with other case-semantic.
Use equal casing. Compare these module identifiers:
* javascript/auto|G:\Dev\Proyectos\nextinfaith\node_modules\next\dist\build\webpack\loaders\next-swc-loader.js??ruleSet
[1].rules[16].oneOf[8].use[0]!G:\Dev\Proyectos\nextinfaith\node_modules\next\dist\shared\lib\router\utils\get-dynamic-p
aram.js|pages-dir-browser
    Used by 2 module(s), i. e.
    javascript/auto|G:\Dev\Proyectos\nextinfaith\node_modules\next\dist\build\webpack\loaders\next-swc-loader.js??ruleS
et[1].rules[16].oneOf[8].use[0]!G:\Dev\Proyectos\nextinfaith\node_modules\next\dist\shared\lib\router\utils\route-regex
.js|pages-dir-browser
* javascript/auto|G:\Dev\Proyectos\nextinfaith\node_modules\next\dist\build\webpack\loaders\next-swc-loader.js??ruleSet
[1].rules[16].oneOf[8].use[0]!G:\dev\proyectos\nextinfaith\node_modules\next\dist\shared\lib\router\utils\get-dynamic-p
aram.js|pages-dir-browser
    Used by 2 module(s), i. e.
    javascript/auto|G:\Dev\Proyectos\nextinfaith\node_modules\next\dist\build\webpack\loaders\next-swc-loader.js??ruleS
et[1].rules[16].oneOf[8].use[0]!G:\dev\proyectos\nextinfaith\node_modules\next\dist\shared\lib\router\utils\route-regex
.js|pages-dir-browser

Import trace for requested module:
./node_modules/next/dist/shared/lib/router/utils/get-dynamic-param.js
./node_modules/next/dist/shared/lib/router/utils/route-regex.js
./node_modules/next/dist/shared/lib/router/router.js

./node_modules/next/dist/shared/lib/router/utils/get-next-pathname-info.js
There are multiple modules with names that only differ in casing.
This can lead to unexpected behavior when compiling on a filesystem with other case-semantic.
Use equal casing. Compare these module identifiers:
* javascript/auto|G:\Dev\Proyectos\nextinfaith\node_modules\next\dist\build\webpack\loaders\next-swc-loader.js??ruleSet
[1].rules[16].oneOf[8].use[0]!G:\Dev\Proyectos\nextinfaith\node_modules\next\dist\shared\lib\router\utils\get-next-path
name-info.js|pages-dir-browser
    Used by 1 module(s), i. e.
    javascript/auto|G:\Dev\Proyectos\nextinfaith\node_modules\next\dist\build\webpack\loaders\next-swc-loader.js??ruleS
et[1].rules[16].oneOf[8].use[0]!G:\Dev\Proyectos\nextinfaith\node_modules\next\dist\shared\lib\router\router.js|pages-d
ir-browser
* javascript/auto|G:\Dev\Proyectos\nextinfaith\node_modules\next\dist\build\webpack\loaders\next-swc-loader.js??ruleSet
[1].rules[16].oneOf[8].use[0]!G:\dev\proyectos\nextinfaith\node_modules\next\dist\shared\lib\router\utils\get-next-path
name-info.js|pages-dir-browser
    Used by 1 module(s), i. e.
    javascript/auto|G:\Dev\Proyectos\nextinfaith\node_modules\next\dist\build\webpack\loaders\next-swc-loader.js??ruleS
et[1].rules[16].oneOf[8].use[0]!G:\dev\proyectos\nextinfaith\node_modules\next\dist\shared\lib\router\router.js|pages-d
ir-browser

Import trace for requested module:
./node_modules/next/dist/shared/lib/router/utils/get-next-pathname-info.js
./node_modules/next/dist/shared/lib/router/router.js

./node_modules/next/dist/shared/lib/router/utils/html-bots.js
There are multiple modules with names that only differ in casing.
This can lead to unexpected behavior when compiling on a filesystem with other case-semantic.
Use equal casing. Compare these module identifiers:
* javascript/auto|G:\Dev\Proyectos\nextinfaith\node_modules\next\dist\build\webpack\loaders\next-swc-loader.js??ruleSet
[1].rules[16].oneOf[8].use[0]!G:\Dev\Proyectos\nextinfaith\node_modules\next\dist\shared\lib\router\utils\html-bots.js|
pages-dir-browser
    Used by 1 module(s), i. e.
    javascript/auto|G:\Dev\Proyectos\nextinfaith\node_modules\next\dist\build\webpack\loaders\next-swc-loader.js??ruleS
et[1].rules[16].oneOf[8].use[0]!G:\Dev\Proyectos\nextinfaith\node_modules\next\dist\shared\lib\router\utils\is-bot.js|p
ages-dir-browser
* javascript/auto|G:\Dev\Proyectos\nextinfaith\node_modules\next\dist\build\webpack\loaders\next-swc-loader.js??ruleSet
[1].rules[16].oneOf[8].use[0]!G:\dev\proyectos\nextinfaith\node_modules\next\dist\shared\lib\router\utils\html-bots.js|
pages-dir-browser
    Used by 1 module(s), i. e.
    javascript/auto|G:\Dev\Proyectos\nextinfaith\node_modules\next\dist\build\webpack\loaders\next-swc-loader.js??ruleS
et[1].rules[16].oneOf[8].use[0]!G:\dev\proyectos\nextinfaith\node_modules\next\dist\shared\lib\router\utils\is-bot.js|p
ages-dir-browser

Import trace for requested module:
./node_modules/next/dist/shared/lib/router/utils/html-bots.js
./node_modules/next/dist/shared/lib/router/utils/is-bot.js
./node_modules/next/dist/shared/lib/router/router.js

./node_modules/next/dist/shared/lib/router/utils/index.js
There are multiple modules with names that only differ in casing.
This can lead to unexpected behavior when compiling on a filesystem with other case-semantic.
Use equal casing. Compare these module identifiers:
* javascript/auto|G:\Dev\Proyectos\nextinfaith\node_modules\next\dist\build\webpack\loaders\next-swc-loader.js??ruleSet
[1].rules[16].oneOf[8].use[0]!G:\Dev\Proyectos\nextinfaith\node_modules\next\dist\shared\lib\router\utils\index.js|page
s-dir-browser
    Used by 3 module(s), i. e.
    javascript/auto|G:\Dev\Proyectos\nextinfaith\node_modules\next\dist\build\webpack\loaders\next-swc-loader.js??ruleS
et[1].rules[16].oneOf[8].use[0]!G:\Dev\Proyectos\nextinfaith\node_modules\next\dist\shared\lib\page-path\denormalize-pa
ge-path.js|pages-dir-browser
* javascript/auto|G:\Dev\Proyectos\nextinfaith\node_modules\next\dist\build\webpack\loaders\next-swc-loader.js??ruleSet
[1].rules[16].oneOf[8].use[0]!G:\dev\proyectos\nextinfaith\node_modules\next\dist\shared\lib\router\utils\index.js|page
s-dir-browser
    Used by 4 module(s), i. e.
    javascript/auto|G:\Dev\Proyectos\nextinfaith\node_modules\next\dist\build\webpack\loaders\next-swc-loader.js??ruleS
et[1].rules[16].oneOf[8].use[0]!G:\dev\proyectos\nextinfaith\node_modules\next\dist\shared\lib\router\adapters.js|pages
-dir-browser

Import trace for requested module:
./node_modules/next/dist/shared/lib/router/utils/index.js
./node_modules/next/dist/shared/lib/page-path/denormalize-page-path.js
./node_modules/next/dist/shared/lib/router/router.js

./node_modules/next/dist/shared/lib/router/utils/interception-routes.js
There are multiple modules with names that only differ in casing.
This can lead to unexpected behavior when compiling on a filesystem with other case-semantic.
Use equal casing. Compare these module identifiers:
* javascript/auto|G:\Dev\Proyectos\nextinfaith\node_modules\next\dist\build\webpack\loaders\next-swc-loader.js??ruleSet
[1].rules[16].oneOf[8].use[0]!G:\Dev\Proyectos\nextinfaith\node_modules\next\dist\shared\lib\router\utils\interception-
routes.js|pages-dir-browser
    Used by 3 module(s), i. e.
    javascript/auto|G:\Dev\Proyectos\nextinfaith\node_modules\next\dist\build\webpack\loaders\next-swc-loader.js??ruleS
et[1].rules[16].oneOf[8].use[0]!G:\Dev\Proyectos\nextinfaith\node_modules\next\dist\shared\lib\router\utils\is-dynamic.
js|pages-dir-browser
* javascript/auto|G:\Dev\Proyectos\nextinfaith\node_modules\next\dist\build\webpack\loaders\next-swc-loader.js??ruleSet
[1].rules[16].oneOf[8].use[0]!G:\dev\proyectos\nextinfaith\node_modules\next\dist\shared\lib\router\utils\interception-
routes.js|pages-dir-browser
    Used by 3 module(s), i. e.
    javascript/auto|G:\Dev\Proyectos\nextinfaith\node_modules\next\dist\build\webpack\loaders\next-swc-loader.js??ruleS
et[1].rules[16].oneOf[8].use[0]!G:\dev\proyectos\nextinfaith\node_modules\next\dist\shared\lib\router\utils\is-dynamic.
js|pages-dir-browser

Import trace for requested module:
./node_modules/next/dist/shared/lib/router/utils/interception-routes.js
./node_modules/next/dist/shared/lib/router/utils/is-dynamic.js
./node_modules/next/dist/shared/lib/router/router.js

./node_modules/next/dist/shared/lib/router/utils/interpolate-as.js
There are multiple modules with names that only differ in casing.
This can lead to unexpected behavior when compiling on a filesystem with other case-semantic.
Use equal casing. Compare these module identifiers:
* javascript/auto|G:\Dev\Proyectos\nextinfaith\node_modules\next\dist\build\webpack\loaders\next-swc-loader.js??ruleSet
[1].rules[16].oneOf[8].use[0]!G:\Dev\Proyectos\nextinfaith\node_modules\next\dist\shared\lib\router\utils\interpolate-a
s.js|pages-dir-browser
    Used by 2 module(s), i. e.
    javascript/auto|G:\Dev\Proyectos\nextinfaith\node_modules\next\dist\build\webpack\loaders\next-swc-loader.js??ruleS
et[1].rules[16].oneOf[8].use[0]!G:\Dev\Proyectos\nextinfaith\node_modules\next\dist\shared\lib\router\router.js|pages-d
ir-browser
* javascript/auto|G:\Dev\Proyectos\nextinfaith\node_modules\next\dist\build\webpack\loaders\next-swc-loader.js??ruleSet
[1].rules[16].oneOf[8].use[0]!G:\dev\proyectos\nextinfaith\node_modules\next\dist\shared\lib\router\utils\interpolate-a
s.js|pages-dir-browser
    Used by 3 module(s), i. e.
    javascript/auto|G:\Dev\Proyectos\nextinfaith\node_modules\next\dist\build\webpack\loaders\next-swc-loader.js??ruleS
et[1].rules[16].oneOf[8].use[0]!G:\dev\proyectos\nextinfaith\node_modules\next\dist\client\page-loader.js|pages-dir-bro
wser

Import trace for requested module:
./node_modules/next/dist/shared/lib/router/utils/interpolate-as.js
./node_modules/next/dist/shared/lib/router/router.js

./node_modules/next/dist/shared/lib/router/utils/is-bot.js
There are multiple modules with names that only differ in casing.
This can lead to unexpected behavior when compiling on a filesystem with other case-semantic.
Use equal casing. Compare these module identifiers:
* javascript/auto|G:\Dev\Proyectos\nextinfaith\node_modules\next\dist\build\webpack\loaders\next-swc-loader.js??ruleSet
[1].rules[16].oneOf[8].use[0]!G:\Dev\Proyectos\nextinfaith\node_modules\next\dist\shared\lib\router\utils\is-bot.js|pag
es-dir-browser
    Used by 2 module(s), i. e.
    javascript/auto|G:\Dev\Proyectos\nextinfaith\node_modules\next\dist\build\webpack\loaders\next-swc-loader.js??ruleS
et[1].rules[16].oneOf[8].use[0]!G:\Dev\Proyectos\nextinfaith\node_modules\next\dist\shared\lib\router\router.js|pages-d
ir-browser
* javascript/auto|G:\Dev\Proyectos\nextinfaith\node_modules\next\dist\build\webpack\loaders\next-swc-loader.js??ruleSet
[1].rules[16].oneOf[8].use[0]!G:\dev\proyectos\nextinfaith\node_modules\next\dist\shared\lib\router\utils\is-bot.js|pag
es-dir-browser
    Used by 2 module(s), i. e.
    javascript/auto|G:\Dev\Proyectos\nextinfaith\node_modules\next\dist\build\webpack\loaders\next-swc-loader.js??ruleS
et[1].rules[16].oneOf[8].use[0]!G:\dev\proyectos\nextinfaith\node_modules\next\dist\shared\lib\router\router.js|pages-d
ir-browser

Import trace for requested module:
./node_modules/next/dist/shared/lib/router/utils/is-bot.js
./node_modules/next/dist/shared/lib/router/router.js

./node_modules/next/dist/shared/lib/router/utils/is-dynamic.js
There are multiple modules with names that only differ in casing.
This can lead to unexpected behavior when compiling on a filesystem with other case-semantic.
Use equal casing. Compare these module identifiers:
* javascript/auto|G:\Dev\Proyectos\nextinfaith\node_modules\next\dist\build\webpack\loaders\next-swc-loader.js??ruleSet
[1].rules[16].oneOf[8].use[0]!G:\Dev\Proyectos\nextinfaith\node_modules\next\dist\shared\lib\router\utils\is-dynamic.js
|pages-dir-browser
    Used by 2 module(s), i. e.
    javascript/auto|G:\Dev\Proyectos\nextinfaith\node_modules\next\dist\build\webpack\loaders\next-swc-loader.js??ruleS
et[1].rules[16].oneOf[8].use[0]!G:\Dev\Proyectos\nextinfaith\node_modules\next\dist\shared\lib\router\router.js|pages-d
ir-browser
* javascript/auto|G:\Dev\Proyectos\nextinfaith\node_modules\next\dist\build\webpack\loaders\next-swc-loader.js??ruleSet
[1].rules[16].oneOf[8].use[0]!G:\dev\proyectos\nextinfaith\node_modules\next\dist\shared\lib\router\utils\is-dynamic.js
|pages-dir-browser
    Used by 4 module(s), i. e.
    javascript/auto|G:\Dev\Proyectos\nextinfaith\node_modules\next\dist\build\webpack\loaders\next-swc-loader.js??ruleS
et[1].rules[16].oneOf[8].use[0]!G:\dev\proyectos\nextinfaith\node_modules\next\dist\client\index.js|pages-dir-browser

Import trace for requested module:
./node_modules/next/dist/shared/lib/router/utils/is-dynamic.js
./node_modules/next/dist/shared/lib/router/router.js

./node_modules/next/dist/shared/lib/router/utils/is-local-url.js
There are multiple modules with names that only differ in casing.
This can lead to unexpected behavior when compiling on a filesystem with other case-semantic.
Use equal casing. Compare these module identifiers:
* javascript/auto|G:\Dev\Proyectos\nextinfaith\node_modules\next\dist\build\webpack\loaders\next-swc-loader.js??ruleSet
[1].rules[16].oneOf[8].use[0]!G:\Dev\Proyectos\nextinfaith\node_modules\next\dist\shared\lib\router\utils\is-local-url.
js|pages-dir-browser
    Used by 2 module(s), i. e.
    javascript/auto|G:\Dev\Proyectos\nextinfaith\node_modules\next\dist\build\webpack\loaders\next-swc-loader.js??ruleS
et[1].rules[16].oneOf[8].use[0]!G:\Dev\Proyectos\nextinfaith\node_modules\next\dist\shared\lib\router\router.js|pages-d
ir-browser
* javascript/auto|G:\Dev\Proyectos\nextinfaith\node_modules\next\dist\build\webpack\loaders\next-swc-loader.js??ruleSet
[1].rules[16].oneOf[8].use[0]!G:\dev\proyectos\nextinfaith\node_modules\next\dist\shared\lib\router\utils\is-local-url.
js|pages-dir-browser
    Used by 2 module(s), i. e.
    javascript/auto|G:\Dev\Proyectos\nextinfaith\node_modules\next\dist\build\webpack\loaders\next-swc-loader.js??ruleS
et[1].rules[16].oneOf[8].use[0]!G:\dev\proyectos\nextinfaith\node_modules\next\dist\shared\lib\router\router.js|pages-d
ir-browser

Import trace for requested module:
./node_modules/next/dist/shared/lib/router/utils/is-local-url.js
./node_modules/next/dist/shared/lib/router/router.js

./node_modules/next/dist/shared/lib/router/utils/omit.js
There are multiple modules with names that only differ in casing.
This can lead to unexpected behavior when compiling on a filesystem with other case-semantic.
Use equal casing. Compare these module identifiers:
* javascript/auto|G:\Dev\Proyectos\nextinfaith\node_modules\next\dist\build\webpack\loaders\next-swc-loader.js??ruleSet
[1].rules[16].oneOf[8].use[0]!G:\Dev\Proyectos\nextinfaith\node_modules\next\dist\shared\lib\router\utils\omit.js|pages
-dir-browser
    Used by 2 module(s), i. e.
    javascript/auto|G:\Dev\Proyectos\nextinfaith\node_modules\next\dist\build\webpack\loaders\next-swc-loader.js??ruleS
et[1].rules[16].oneOf[8].use[0]!G:\Dev\Proyectos\nextinfaith\node_modules\next\dist\shared\lib\router\router.js|pages-d
ir-browser
* javascript/auto|G:\Dev\Proyectos\nextinfaith\node_modules\next\dist\build\webpack\loaders\next-swc-loader.js??ruleSet
[1].rules[16].oneOf[8].use[0]!G:\dev\proyectos\nextinfaith\node_modules\next\dist\shared\lib\router\utils\omit.js|pages
-dir-browser
    Used by 2 module(s), i. e.
    javascript/auto|G:\Dev\Proyectos\nextinfaith\node_modules\next\dist\build\webpack\loaders\next-swc-loader.js??ruleS
et[1].rules[16].oneOf[8].use[0]!G:\dev\proyectos\nextinfaith\node_modules\next\dist\shared\lib\router\router.js|pages-d
ir-browser

Import trace for requested module:
./node_modules/next/dist/shared/lib/router/utils/omit.js
./node_modules/next/dist/shared/lib/router/router.js

./node_modules/next/dist/shared/lib/router/utils/parse-path.js
There are multiple modules with names that only differ in casing.
This can lead to unexpected behavior when compiling on a filesystem with other case-semantic.
Use equal casing. Compare these module identifiers:
* javascript/auto|G:\Dev\Proyectos\nextinfaith\node_modules\next\dist\build\webpack\loaders\next-swc-loader.js??ruleSet
[1].rules[16].oneOf[8].use[0]!G:\Dev\Proyectos\nextinfaith\node_modules\next\dist\shared\lib\router\utils\parse-path.js
|pages-dir-browser
    Used by 6 module(s), i. e.
    javascript/auto|G:\Dev\Proyectos\nextinfaith\node_modules\next\dist\build\webpack\loaders\next-swc-loader.js??ruleS
et[1].rules[16].oneOf[8].use[0]!G:\Dev\Proyectos\nextinfaith\node_modules\next\dist\shared\lib\router\router.js|pages-d
ir-browser
* javascript/auto|G:\Dev\Proyectos\nextinfaith\node_modules\next\dist\build\webpack\loaders\next-swc-loader.js??ruleSet
[1].rules[16].oneOf[8].use[0]!G:\dev\proyectos\nextinfaith\node_modules\next\dist\shared\lib\router\utils\parse-path.js
|pages-dir-browser
    Used by 6 module(s), i. e.
    javascript/auto|G:\Dev\Proyectos\nextinfaith\node_modules\next\dist\build\webpack\loaders\next-swc-loader.js??ruleS
et[1].rules[16].oneOf[8].use[0]!G:\dev\proyectos\nextinfaith\node_modules\next\dist\shared\lib\router\router.js|pages-d
ir-browser

Import trace for requested module:
./node_modules/next/dist/shared/lib/router/utils/parse-path.js
./node_modules/next/dist/shared/lib/router/router.js

./node_modules/next/dist/shared/lib/router/utils/parse-relative-url.js
There are multiple modules with names that only differ in casing.
This can lead to unexpected behavior when compiling on a filesystem with other case-semantic.
Use equal casing. Compare these module identifiers:
* javascript/auto|G:\Dev\Proyectos\nextinfaith\node_modules\next\dist\build\webpack\loaders\next-swc-loader.js??ruleSet
[1].rules[16].oneOf[8].use[0]!G:\Dev\Proyectos\nextinfaith\node_modules\next\dist\shared\lib\router\utils\parse-relativ
e-url.js|pages-dir-browser
    Used by 1 module(s), i. e.
    javascript/auto|G:\Dev\Proyectos\nextinfaith\node_modules\next\dist\build\webpack\loaders\next-swc-loader.js??ruleS
et[1].rules[16].oneOf[8].use[0]!G:\Dev\Proyectos\nextinfaith\node_modules\next\dist\shared\lib\router\router.js|pages-d
ir-browser
* javascript/auto|G:\Dev\Proyectos\nextinfaith\node_modules\next\dist\build\webpack\loaders\next-swc-loader.js??ruleSet
[1].rules[16].oneOf[8].use[0]!G:\dev\proyectos\nextinfaith\node_modules\next\dist\shared\lib\router\utils\parse-relativ
e-url.js|pages-dir-browser
    Used by 2 module(s), i. e.
    javascript/auto|G:\Dev\Proyectos\nextinfaith\node_modules\next\dist\build\webpack\loaders\next-swc-loader.js??ruleS
et[1].rules[16].oneOf[8].use[0]!G:\dev\proyectos\nextinfaith\node_modules\next\dist\client\page-loader.js|pages-dir-bro
wser

Import trace for requested module:
./node_modules/next/dist/shared/lib/router/utils/parse-relative-url.js
./node_modules/next/dist/shared/lib/router/router.js

./node_modules/next/dist/shared/lib/router/utils/path-has-prefix.js
There are multiple modules with names that only differ in casing.
This can lead to unexpected behavior when compiling on a filesystem with other case-semantic.
Use equal casing. Compare these module identifiers:
* javascript/auto|G:\Dev\Proyectos\nextinfaith\node_modules\next\dist\build\webpack\loaders\next-swc-loader.js??ruleSet
[1].rules[16].oneOf[8].use[0]!G:\Dev\Proyectos\nextinfaith\node_modules\next\dist\shared\lib\router\utils\path-has-pref
ix.js|pages-dir-browser
    Used by 4 module(s), i. e.
    javascript/auto|G:\Dev\Proyectos\nextinfaith\node_modules\next\dist\build\webpack\loaders\next-swc-loader.js??ruleS
et[1].rules[16].oneOf[8].use[0]!G:\Dev\Proyectos\nextinfaith\node_modules\next\dist\client\has-base-path.js|pages-dir-b
rowser
* javascript/auto|G:\Dev\Proyectos\nextinfaith\node_modules\next\dist\build\webpack\loaders\next-swc-loader.js??ruleSet
[1].rules[16].oneOf[8].use[0]!G:\dev\proyectos\nextinfaith\node_modules\next\dist\shared\lib\router\utils\path-has-pref
ix.js|pages-dir-browser
    Used by 4 module(s), i. e.
    javascript/auto|G:\Dev\Proyectos\nextinfaith\node_modules\next\dist\build\webpack\loaders\next-swc-loader.js??ruleS
et[1].rules[16].oneOf[8].use[0]!G:\dev\proyectos\nextinfaith\node_modules\next\dist\client\has-base-path.js|pages-dir-b
rowser

Import trace for requested module:
./node_modules/next/dist/shared/lib/router/utils/path-has-prefix.js
./node_modules/next/dist/client/has-base-path.js
./node_modules/next/dist/shared/lib/router/router.js

./node_modules/next/dist/shared/lib/router/utils/querystring.js
There are multiple modules with names that only differ in casing.
This can lead to unexpected behavior when compiling on a filesystem with other case-semantic.
Use equal casing. Compare these module identifiers:
* javascript/auto|G:\Dev\Proyectos\nextinfaith\node_modules\next\dist\build\webpack\loaders\next-swc-loader.js??ruleSet
[1].rules[16].oneOf[8].use[0]!G:\Dev\Proyectos\nextinfaith\node_modules\next\dist\shared\lib\router\utils\querystring.j
s|pages-dir-browser
    Used by 4 module(s), i. e.
    javascript/auto|G:\Dev\Proyectos\nextinfaith\node_modules\next\dist\build\webpack\loaders\next-swc-loader.js??ruleS
et[1].rules[16].oneOf[8].use[0]!G:\Dev\Proyectos\nextinfaith\node_modules\next\dist\shared\lib\router\utils\parse-relat
ive-url.js|pages-dir-browser
* javascript/auto|G:\Dev\Proyectos\nextinfaith\node_modules\next\dist\build\webpack\loaders\next-swc-loader.js??ruleSet
[1].rules[16].oneOf[8].use[0]!G:\dev\proyectos\nextinfaith\node_modules\next\dist\shared\lib\router\utils\querystring.j
s|pages-dir-browser
    Used by 5 module(s), i. e.
    javascript/auto|G:\Dev\Proyectos\nextinfaith\node_modules\next\dist\build\webpack\loaders\next-swc-loader.js??ruleS
et[1].rules[16].oneOf[8].use[0]!G:\dev\proyectos\nextinfaith\node_modules\next\dist\client\index.js|pages-dir-browser

Import trace for requested module:
./node_modules/next/dist/shared/lib/router/utils/querystring.js
./node_modules/next/dist/shared/lib/router/utils/parse-relative-url.js
./node_modules/next/dist/shared/lib/router/router.js

./node_modules/next/dist/shared/lib/router/utils/remove-path-prefix.js
There are multiple modules with names that only differ in casing.
This can lead to unexpected behavior when compiling on a filesystem with other case-semantic.
Use equal casing. Compare these module identifiers:
* javascript/auto|G:\Dev\Proyectos\nextinfaith\node_modules\next\dist\build\webpack\loaders\next-swc-loader.js??ruleSet
[1].rules[16].oneOf[8].use[0]!G:\Dev\Proyectos\nextinfaith\node_modules\next\dist\shared\lib\router\utils\remove-path-p
refix.js|pages-dir-browser
    Used by 1 module(s), i. e.
    javascript/auto|G:\Dev\Proyectos\nextinfaith\node_modules\next\dist\build\webpack\loaders\next-swc-loader.js??ruleS
et[1].rules[16].oneOf[8].use[0]!G:\Dev\Proyectos\nextinfaith\node_modules\next\dist\shared\lib\router\utils\get-next-pa
thname-info.js|pages-dir-browser
* javascript/auto|G:\Dev\Proyectos\nextinfaith\node_modules\next\dist\build\webpack\loaders\next-swc-loader.js??ruleSet
[1].rules[16].oneOf[8].use[0]!G:\dev\proyectos\nextinfaith\node_modules\next\dist\shared\lib\router\utils\remove-path-p
refix.js|pages-dir-browser
    Used by 1 module(s), i. e.
    javascript/auto|G:\Dev\Proyectos\nextinfaith\node_modules\next\dist\build\webpack\loaders\next-swc-loader.js??ruleS
et[1].rules[16].oneOf[8].use[0]!G:\dev\proyectos\nextinfaith\node_modules\next\dist\shared\lib\router\utils\get-next-pa
thname-info.js|pages-dir-browser

Import trace for requested module:
./node_modules/next/dist/shared/lib/router/utils/remove-path-prefix.js
./node_modules/next/dist/shared/lib/router/utils/get-next-pathname-info.js
./node_modules/next/dist/shared/lib/router/router.js

./node_modules/next/dist/shared/lib/router/utils/remove-trailing-slash.js
There are multiple modules with names that only differ in casing.
This can lead to unexpected behavior when compiling on a filesystem with other case-semantic.
Use equal casing. Compare these module identifiers:
* javascript/auto|G:\Dev\Proyectos\nextinfaith\node_modules\next\dist\build\webpack\loaders\next-swc-loader.js??ruleSet
[1].rules[16].oneOf[8].use[0]!G:\Dev\Proyectos\nextinfaith\node_modules\next\dist\shared\lib\router\utils\remove-traili
ng-slash.js|pages-dir-browser
    Used by 4 module(s), i. e.
    javascript/auto|G:\Dev\Proyectos\nextinfaith\node_modules\next\dist\build\webpack\loaders\next-swc-loader.js??ruleS
et[1].rules[16].oneOf[8].use[0]!G:\Dev\Proyectos\nextinfaith\node_modules\next\dist\shared\lib\router\router.js|pages-d
ir-browser
* javascript/auto|G:\Dev\Proyectos\nextinfaith\node_modules\next\dist\build\webpack\loaders\next-swc-loader.js??ruleSet
[1].rules[16].oneOf[8].use[0]!G:\dev\proyectos\nextinfaith\node_modules\next\dist\shared\lib\router\utils\remove-traili
ng-slash.js|pages-dir-browser
    Used by 5 module(s), i. e.
    javascript/auto|G:\Dev\Proyectos\nextinfaith\node_modules\next\dist\build\webpack\loaders\next-swc-loader.js??ruleS
et[1].rules[16].oneOf[8].use[0]!G:\dev\proyectos\nextinfaith\node_modules\next\dist\client\page-loader.js|pages-dir-bro
wser

Import trace for requested module:
./node_modules/next/dist/shared/lib/router/utils/remove-trailing-slash.js
./node_modules/next/dist/shared/lib/router/router.js

./node_modules/next/dist/shared/lib/router/utils/route-match-utils.js
There are multiple modules with names that only differ in casing.
This can lead to unexpected behavior when compiling on a filesystem with other case-semantic.
Use equal casing. Compare these module identifiers:
* javascript/auto|G:\Dev\Proyectos\nextinfaith\node_modules\next\dist\build\webpack\loaders\next-swc-loader.js??ruleSet
[1].rules[16].oneOf[8].use[0]!G:\Dev\Proyectos\nextinfaith\node_modules\next\dist\shared\lib\router\utils\route-match-u
tils.js|pages-dir-browser
    Used by 2 module(s), i. e.
    javascript/auto|G:\Dev\Proyectos\nextinfaith\node_modules\next\dist\build\webpack\loaders\next-swc-loader.js??ruleS
et[1].rules[16].oneOf[8].use[0]!G:\Dev\Proyectos\nextinfaith\node_modules\next\dist\shared\lib\router\utils\route-match
er.js|pages-dir-browser
* javascript/auto|G:\Dev\Proyectos\nextinfaith\node_modules\next\dist\build\webpack\loaders\next-swc-loader.js??ruleSet
[1].rules[16].oneOf[8].use[0]!G:\dev\proyectos\nextinfaith\node_modules\next\dist\shared\lib\router\utils\route-match-u
tils.js|pages-dir-browser
    Used by 2 module(s), i. e.
    javascript/auto|G:\Dev\Proyectos\nextinfaith\node_modules\next\dist\build\webpack\loaders\next-swc-loader.js??ruleS
et[1].rules[16].oneOf[8].use[0]!G:\dev\proyectos\nextinfaith\node_modules\next\dist\shared\lib\router\utils\route-match
er.js|pages-dir-browser

Import trace for requested module:
./node_modules/next/dist/shared/lib/router/utils/route-match-utils.js
./node_modules/next/dist/shared/lib/router/utils/route-matcher.js
./node_modules/next/dist/shared/lib/router/router.js

./node_modules/next/dist/shared/lib/router/utils/route-matcher.js
There are multiple modules with names that only differ in casing.
This can lead to unexpected behavior when compiling on a filesystem with other case-semantic.
Use equal casing. Compare these module identifiers:
* javascript/auto|G:\Dev\Proyectos\nextinfaith\node_modules\next\dist\build\webpack\loaders\next-swc-loader.js??ruleSet
[1].rules[16].oneOf[8].use[0]!G:\Dev\Proyectos\nextinfaith\node_modules\next\dist\shared\lib\router\utils\route-matcher
.js|pages-dir-browser
    Used by 3 module(s), i. e.
    javascript/auto|G:\Dev\Proyectos\nextinfaith\node_modules\next\dist\build\webpack\loaders\next-swc-loader.js??ruleS
et[1].rules[16].oneOf[8].use[0]!G:\Dev\Proyectos\nextinfaith\node_modules\next\dist\shared\lib\router\router.js|pages-d
ir-browser
* javascript/auto|G:\Dev\Proyectos\nextinfaith\node_modules\next\dist\build\webpack\loaders\next-swc-loader.js??ruleSet
[1].rules[16].oneOf[8].use[0]!G:\dev\proyectos\nextinfaith\node_modules\next\dist\shared\lib\router\utils\route-matcher
.js|pages-dir-browser
    Used by 3 module(s), i. e.
    javascript/auto|G:\Dev\Proyectos\nextinfaith\node_modules\next\dist\build\webpack\loaders\next-swc-loader.js??ruleS
et[1].rules[16].oneOf[8].use[0]!G:\dev\proyectos\nextinfaith\node_modules\next\dist\shared\lib\router\utils\interpolate
-as.js|pages-dir-browser

Import trace for requested module:
./node_modules/next/dist/shared/lib/router/utils/route-matcher.js
./node_modules/next/dist/shared/lib/router/router.js

./node_modules/next/dist/shared/lib/router/utils/route-regex.js
There are multiple modules with names that only differ in casing.
This can lead to unexpected behavior when compiling on a filesystem with other case-semantic.
Use equal casing. Compare these module identifiers:
* javascript/auto|G:\Dev\Proyectos\nextinfaith\node_modules\next\dist\build\webpack\loaders\next-swc-loader.js??ruleSet
[1].rules[16].oneOf[8].use[0]!G:\Dev\Proyectos\nextinfaith\node_modules\next\dist\shared\lib\router\utils\route-regex.j
s|pages-dir-browser
    Used by 4 module(s), i. e.
    javascript/auto|G:\Dev\Proyectos\nextinfaith\node_modules\next\dist\build\webpack\loaders\next-swc-loader.js??ruleS
et[1].rules[16].oneOf[8].use[0]!G:\Dev\Proyectos\nextinfaith\node_modules\next\dist\shared\lib\router\router.js|pages-d
ir-browser
* javascript/auto|G:\Dev\Proyectos\nextinfaith\node_modules\next\dist\build\webpack\loaders\next-swc-loader.js??ruleSet
[1].rules[16].oneOf[8].use[0]!G:\dev\proyectos\nextinfaith\node_modules\next\dist\shared\lib\router\utils\route-regex.j
s|pages-dir-browser
    Used by 5 module(s), i. e.
    javascript/auto|G:\Dev\Proyectos\nextinfaith\node_modules\next\dist\build\webpack\loaders\next-swc-loader.js??ruleS
et[1].rules[16].oneOf[8].use[0]!G:\dev\proyectos\nextinfaith\node_modules\next\dist\shared\lib\router\adapters.js|pages
-dir-browser

Import trace for requested module:
./node_modules/next/dist/shared/lib/router/utils/route-regex.js
./node_modules/next/dist/shared/lib/router/router.js

./node_modules/next/dist/shared/lib/router/utils/sorted-routes.js
There are multiple modules with names that only differ in casing.
This can lead to unexpected behavior when compiling on a filesystem with other case-semantic.
Use equal casing. Compare these module identifiers:
* javascript/auto|G:\Dev\Proyectos\nextinfaith\node_modules\next\dist\build\webpack\loaders\next-swc-loader.js??ruleSet
[1].rules[16].oneOf[8].use[0]!G:\Dev\Proyectos\nextinfaith\node_modules\next\dist\shared\lib\router\utils\sorted-routes
.js|pages-dir-browser
    Used by 2 module(s), i. e.
    javascript/auto|G:\Dev\Proyectos\nextinfaith\node_modules\next\dist\build\webpack\loaders\next-swc-loader.js??ruleS
et[1].rules[16].oneOf[8].use[0]!G:\Dev\Proyectos\nextinfaith\node_modules\next\dist\shared\lib\router\utils\index.js|pa
ges-dir-browser
* javascript/auto|G:\Dev\Proyectos\nextinfaith\node_modules\next\dist\build\webpack\loaders\next-swc-loader.js??ruleSet
[1].rules[16].oneOf[8].use[0]!G:\dev\proyectos\nextinfaith\node_modules\next\dist\shared\lib\router\utils\sorted-routes
.js|pages-dir-browser
    Used by 2 module(s), i. e.
    javascript/auto|G:\Dev\Proyectos\nextinfaith\node_modules\next\dist\build\webpack\loaders\next-swc-loader.js??ruleS
et[1].rules[16].oneOf[8].use[0]!G:\dev\proyectos\nextinfaith\node_modules\next\dist\shared\lib\router\utils\index.js|pa
ges-dir-browser

Import trace for requested module:
./node_modules/next/dist/shared/lib/router/utils/sorted-routes.js
./node_modules/next/dist/shared/lib/router/utils/index.js
./node_modules/next/dist/shared/lib/page-path/denormalize-page-path.js
./node_modules/next/dist/shared/lib/router/router.js

./node_modules/next/dist/shared/lib/segment.js
There are multiple modules with names that only differ in casing.
This can lead to unexpected behavior when compiling on a filesystem with other case-semantic.
Use equal casing. Compare these module identifiers:
* javascript/auto|G:\Dev\Proyectos\nextinfaith\node_modules\next\dist\build\webpack\loaders\next-swc-loader.js??ruleSet
[1].rules[16].oneOf[8].use[0]!G:\Dev\Proyectos\nextinfaith\node_modules\next\dist\shared\lib\segment.js|pages-dir-brows
er
    Used by 2 module(s), i. e.
    javascript/auto|G:\Dev\Proyectos\nextinfaith\node_modules\next\dist\build\webpack\loaders\next-swc-loader.js??ruleS
et[1].rules[16].oneOf[8].use[0]!G:\Dev\Proyectos\nextinfaith\node_modules\next\dist\shared\lib\router\utils\app-paths.j
s|pages-dir-browser
* javascript/auto|G:\Dev\Proyectos\nextinfaith\node_modules\next\dist\build\webpack\loaders\next-swc-loader.js??ruleSet
[1].rules[16].oneOf[8].use[0]!G:\dev\proyectos\nextinfaith\node_modules\next\dist\shared\lib\segment.js|pages-dir-brows
er
    Used by 2 module(s), i. e.
    javascript/auto|G:\Dev\Proyectos\nextinfaith\node_modules\next\dist\build\webpack\loaders\next-swc-loader.js??ruleS
et[1].rules[16].oneOf[8].use[0]!G:\dev\proyectos\nextinfaith\node_modules\next\dist\shared\lib\router\utils\app-paths.j
s|pages-dir-browser

Import trace for requested module:
./node_modules/next/dist/shared/lib/segment.js
./node_modules/next/dist/shared/lib/router/utils/app-paths.js
./node_modules/next/dist/shared/lib/router/utils/interception-routes.js
./node_modules/next/dist/shared/lib/router/utils/is-dynamic.js
./node_modules/next/dist/shared/lib/router/router.js

./node_modules/next/dist/shared/lib/utils.js
There are multiple modules with names that only differ in casing.
This can lead to unexpected behavior when compiling on a filesystem with other case-semantic.
Use equal casing. Compare these module identifiers:
* javascript/auto|G:\Dev\Proyectos\nextinfaith\node_modules\next\dist\build\webpack\loaders\next-swc-loader.js??ruleSet
[1].rules[16].oneOf[8].use[0]!G:\Dev\Proyectos\nextinfaith\node_modules\next\dist\shared\lib\utils.js|pages-dir-browser
    Used by 7 module(s), i. e.
    javascript/auto|G:\Dev\Proyectos\nextinfaith\node_modules\next\dist\build\webpack\loaders\next-swc-loader.js??ruleS
et[1].rules[16].oneOf[8].use[0]!G:\Dev\Proyectos\nextinfaith\node_modules\next\dist\pages\_app.js|pages-dir-browser
* javascript/auto|G:\Dev\Proyectos\nextinfaith\node_modules\next\dist\build\webpack\loaders\next-swc-loader.js??ruleSet
[1].rules[16].oneOf[8].use[0]!G:\dev\proyectos\nextinfaith\node_modules\next\dist\shared\lib\utils.js|pages-dir-browser
    Used by 8 module(s), i. e.
    javascript/auto|G:\Dev\Proyectos\nextinfaith\node_modules\next\dist\build\webpack\loaders\next-swc-loader.js??ruleS
et[1].rules[16].oneOf[8].use[0]!G:\dev\proyectos\nextinfaith\node_modules\next\dist\client\index.js|pages-dir-browser

Import trace for requested module:
./node_modules/next/dist/shared/lib/utils.js

./node_modules/next/dist/shared/lib/utils/warn-once.js
There are multiple modules with names that only differ in casing.
This can lead to unexpected behavior when compiling on a filesystem with other case-semantic.
Use equal casing. Compare these module identifiers:
* javascript/auto|G:\Dev\Proyectos\nextinfaith\node_modules\next\dist\build\webpack\loaders\next-swc-loader.js??ruleSet
[1].rules[16].oneOf[8].use[0]!G:\Dev\Proyectos\nextinfaith\node_modules\next\dist\shared\lib\utils\warn-once.js|pages-d
ir-browser
    Used by 1 module(s), i. e.
    javascript/auto|G:\Dev\Proyectos\nextinfaith\node_modules\next\dist\build\webpack\loaders\next-swc-loader.js??ruleS
et[1].rules[16].oneOf[8].use[0]!G:\Dev\Proyectos\nextinfaith\node_modules\next\dist\shared\lib\router\utils\disable-smo
oth-scroll.js|pages-dir-browser
* javascript/auto|G:\Dev\Proyectos\nextinfaith\node_modules\next\dist\build\webpack\loaders\next-swc-loader.js??ruleSet
[1].rules[16].oneOf[8].use[0]!G:\dev\proyectos\nextinfaith\node_modules\next\dist\shared\lib\utils\warn-once.js|pages-d
ir-browser
    Used by 2 module(s), i. e.
    javascript/auto|G:\Dev\Proyectos\nextinfaith\node_modules\next\dist\build\webpack\loaders\next-swc-loader.js??ruleS
et[1].rules[16].oneOf[8].use[0]!G:\dev\proyectos\nextinfaith\node_modules\next\dist\shared\lib\router\utils\disable-smo
oth-scroll.js|pages-dir-browser

Import trace for requested module:
./node_modules/next/dist/shared/lib/utils/warn-once.js
./node_modules/next/dist/shared/lib/router/utils/disable-smooth-scroll.js
./node_modules/next/dist/shared/lib/router/router.js

./node_modules/next/dist/lib/constants.js
There are multiple modules with names that only differ in casing.
This can lead to unexpected behavior when compiling on a filesystem with other case-semantic.
Use equal casing. Compare these module identifiers:
* javascript/auto|G:\Dev\Proyectos\nextinfaith\node_modules\next\dist\lib\constants.js|pages-dir-browser
    Used by 3 module(s), i. e.
    javascript/auto|G:\Dev\Proyectos\nextinfaith\node_modules\next\dist\build\webpack\loaders\next-swc-loader.js??ruleS
et[1].rules[16].oneOf[8].use[0]!G:\Dev\Proyectos\nextinfaith\node_modules\next\dist\shared\lib\router\router.js|pages-d
ir-browser
* javascript/auto|G:\dev\proyectos\nextinfaith\node_modules\next\dist\lib\constants.js|pages-dir-browser
    Used by 3 module(s), i. e.
    javascript/auto|G:\Dev\Proyectos\nextinfaith\node_modules\next\dist\build\webpack\loaders\next-swc-loader.js??ruleS
et[1].rules[16].oneOf[8].use[0]!G:\dev\proyectos\nextinfaith\node_modules\next\dist\shared\lib\router\router.js|pages-d
ir-browser

Import trace for requested module:
./node_modules/next/dist/lib/constants.js
./node_modules/next/dist/shared/lib/router/router.js

./node_modules/next/dist/lib/is-api-route.js
There are multiple modules with names that only differ in casing.
This can lead to unexpected behavior when compiling on a filesystem with other case-semantic.
Use equal casing. Compare these module identifiers:
* javascript/auto|G:\Dev\Proyectos\nextinfaith\node_modules\next\dist\lib\is-api-route.js|pages-dir-browser
    Used by 1 module(s), i. e.
    javascript/auto|G:\Dev\Proyectos\nextinfaith\node_modules\next\dist\build\webpack\loaders\next-swc-loader.js??ruleS
et[1].rules[16].oneOf[8].use[0]!G:\Dev\Proyectos\nextinfaith\node_modules\next\dist\shared\lib\router\router.js|pages-d
ir-browser
* javascript/auto|G:\dev\proyectos\nextinfaith\node_modules\next\dist\lib\is-api-route.js|pages-dir-browser
    Used by 1 module(s), i. e.
    javascript/auto|G:\Dev\Proyectos\nextinfaith\node_modules\next\dist\build\webpack\loaders\next-swc-loader.js??ruleS
et[1].rules[16].oneOf[8].use[0]!G:\dev\proyectos\nextinfaith\node_modules\next\dist\shared\lib\router\router.js|pages-d
ir-browser

Import trace for requested module:
./node_modules/next/dist/lib/is-api-route.js
./node_modules/next/dist/shared/lib/router/router.js

./node_modules/next/dist/lib/is-error.js
There are multiple modules with names that only differ in casing.
This can lead to unexpected behavior when compiling on a filesystem with other case-semantic.
Use equal casing. Compare these module identifiers:
* javascript/auto|G:\Dev\Proyectos\nextinfaith\node_modules\next\dist\lib\is-error.js|pages-dir-browser
    Used by 3 module(s), i. e.
    javascript/auto|G:\Dev\Proyectos\nextinfaith\node_modules\next\dist\build\webpack\loaders\next-swc-loader.js??ruleS
et[1].rules[16].oneOf[8].use[0]!G:\Dev\Proyectos\nextinfaith\node_modules\next\dist\client\router.js|pages-dir-browser
* javascript/auto|G:\dev\proyectos\nextinfaith\node_modules\next\dist\lib\is-error.js|pages-dir-browser
    Used by 5 module(s), i. e.
    javascript/auto|G:\Dev\Proyectos\nextinfaith\node_modules\next\dist\build\webpack\loaders\next-swc-loader.js??ruleS
et[1].rules[16].oneOf[8].use[0]!G:\dev\proyectos\nextinfaith\node_modules\next\dist\client\index.js|pages-dir-browser

Import trace for requested module:
./node_modules/next/dist/lib/is-error.js

./node_modules/next/dist/lib/route-pattern-normalizer.js
There are multiple modules with names that only differ in casing.
This can lead to unexpected behavior when compiling on a filesystem with other case-semantic.
Use equal casing. Compare these module identifiers:
* javascript/auto|G:\Dev\Proyectos\nextinfaith\node_modules\next\dist\lib\route-pattern-normalizer.js|pages-dir-browser
    Used by 2 module(s), i. e.
    javascript/auto|G:\Dev\Proyectos\nextinfaith\node_modules\next\dist\build\webpack\loaders\next-swc-loader.js??ruleS
et[1].rules[16].oneOf[8].use[0]!G:\Dev\Proyectos\nextinfaith\node_modules\next\dist\shared\lib\router\utils\route-match
-utils.js|pages-dir-browser
* javascript/auto|G:\dev\proyectos\nextinfaith\node_modules\next\dist\lib\route-pattern-normalizer.js|pages-dir-browser
    Used by 2 module(s), i. e.
    javascript/auto|G:\Dev\Proyectos\nextinfaith\node_modules\next\dist\build\webpack\loaders\next-swc-loader.js??ruleS
et[1].rules[16].oneOf[8].use[0]!G:\dev\proyectos\nextinfaith\node_modules\next\dist\shared\lib\router\utils\route-match
-utils.js|pages-dir-browser

Import trace for requested module:
./node_modules/next/dist/lib/route-pattern-normalizer.js
./node_modules/next/dist/shared/lib/router/utils/route-match-utils.js
./node_modules/next/dist/shared/lib/router/utils/route-matcher.js
./node_modules/next/dist/shared/lib/router/router.js

./node_modules/react-dom/cjs/react-dom.production.js
There are multiple modules with names that only differ in casing.
This can lead to unexpected behavior when compiling on a filesystem with other case-semantic.
Use equal casing. Compare these module identifiers:
* javascript/auto|G:\dev\Proyectos\nextinfaith\node_modules\react-dom\cjs\react-dom.production.js|pages-dir-browser
    Used by 1 module(s), i. e.
    javascript/auto|G:\dev\Proyectos\nextinfaith\node_modules\react-dom\index.js|pages-dir-browser
* javascript/auto|G:\dev\proyectos\nextinfaith\node_modules\react-dom\cjs\react-dom.production.js|pages-dir-browser
    Used by 1 module(s), i. e.
    javascript/auto|G:\dev\proyectos\nextinfaith\node_modules\react-dom\index.js|pages-dir-browser

Import trace for requested module:
./node_modules/react-dom/cjs/react-dom.production.js
./node_modules/react-dom/index.js
./node_modules/next/dist/client/script.js
./node_modules/next/dist/shared/lib/router/router.js

./node_modules/react-dom/index.js
There are multiple modules with names that only differ in casing.
This can lead to unexpected behavior when compiling on a filesystem with other case-semantic.
Use equal casing. Compare these module identifiers:
* javascript/auto|G:\dev\Proyectos\nextinfaith\node_modules\react-dom\index.js|pages-dir-browser
    Used by 1 module(s), i. e.
    javascript/auto|G:\Dev\Proyectos\nextinfaith\node_modules\next\dist\build\webpack\loaders\next-swc-loader.js??ruleS
et[1].rules[16].oneOf[8].use[0]!G:\Dev\Proyectos\nextinfaith\node_modules\next\dist\client\script.js|pages-dir-browser
* javascript/auto|G:\dev\proyectos\nextinfaith\node_modules\react-dom\index.js|pages-dir-browser
    Used by 3 module(s), i. e.
    javascript/auto|G:\Dev\Proyectos\nextinfaith\node_modules\next\dist\build\webpack\loaders\next-swc-loader.js??ruleS
et[1].rules[16].oneOf[8].use[0]!G:\dev\proyectos\nextinfaith\node_modules\next\dist\client\portal\index.js|pages-dir-br
owser

Import trace for requested module:
./node_modules/react-dom/index.js
./node_modules/next/dist/client/script.js
./node_modules/next/dist/shared/lib/router/router.js

./node_modules/react/cjs/react-jsx-runtime.production.js
There are multiple modules with names that only differ in casing.
This can lead to unexpected behavior when compiling on a filesystem with other case-semantic.
Use equal casing. Compare these module identifiers:
* javascript/auto|G:\dev\Proyectos\nextinfaith\node_modules\react\cjs\react-jsx-runtime.production.js|pages-dir-browser
    Used by 1 module(s), i. e.
    javascript/auto|G:\dev\Proyectos\nextinfaith\node_modules\react\jsx-runtime.js|pages-dir-browser
* javascript/auto|G:\dev\proyectos\nextinfaith\node_modules\react\cjs\react-jsx-runtime.production.js|pages-dir-browser
    Used by 1 module(s), i. e.
    javascript/auto|G:\dev\proyectos\nextinfaith\node_modules\react\jsx-runtime.js|pages-dir-browser

Import trace for requested module:
./node_modules/react/cjs/react-jsx-runtime.production.js
./node_modules/react/jsx-runtime.js

./node_modules/react/cjs/react.production.js
There are multiple modules with names that only differ in casing.
This can lead to unexpected behavior when compiling on a filesystem with other case-semantic.
Use equal casing. Compare these module identifiers:
* javascript/auto|G:\dev\Proyectos\nextinfaith\node_modules\react\cjs\react.production.js|pages-dir-browser
    Used by 1 module(s), i. e.
    javascript/auto|G:\dev\Proyectos\nextinfaith\node_modules\react\index.js|pages-dir-browser
* javascript/auto|G:\dev\proyectos\nextinfaith\node_modules\react\cjs\react.production.js|pages-dir-browser
    Used by 1 module(s), i. e.
    javascript/auto|G:\dev\proyectos\nextinfaith\node_modules\react\index.js|pages-dir-browser

Import trace for requested module:
./node_modules/react/cjs/react.production.js
./node_modules/react/index.js

./node_modules/react/index.js
There are multiple modules with names that only differ in casing.
This can lead to unexpected behavior when compiling on a filesystem with other case-semantic.
Use equal casing. Compare these module identifiers:
* javascript/auto|G:\dev\Proyectos\nextinfaith\node_modules\react\index.js|pages-dir-browser
    Used by 7 module(s), i. e.
    javascript/auto|G:\Dev\Proyectos\nextinfaith\node_modules\next\dist\build\webpack\loaders\next-swc-loader.js??ruleS
et[1].rules[16].oneOf[8].use[0]!G:\Dev\Proyectos\nextinfaith\node_modules\next\dist\client\router.js|pages-dir-browser
* javascript/auto|G:\dev\proyectos\nextinfaith\node_modules\react\index.js|pages-dir-browser
    Used by 19 module(s), i. e.
    javascript/auto|G:\Dev\Proyectos\nextinfaith\node_modules\next\dist\build\webpack\loaders\next-swc-loader.js??ruleS
et[1].rules[16].oneOf[8].use[0]!G:\dev\proyectos\nextinfaith\node_modules\next\dist\client\index.js|pages-dir-browser

Import trace for requested module:
./node_modules/react/index.js

./node_modules/react/jsx-runtime.js
There are multiple modules with names that only differ in casing.
This can lead to unexpected behavior when compiling on a filesystem with other case-semantic.
Use equal casing. Compare these module identifiers:
* javascript/auto|G:\dev\Proyectos\nextinfaith\node_modules\react\jsx-runtime.js|pages-dir-browser
    Used by 3 module(s), i. e.
    javascript/auto|G:\Dev\Proyectos\nextinfaith\node_modules\next\dist\build\webpack\loaders\next-swc-loader.js??ruleS
et[1].rules[16].oneOf[8].use[0]!G:\Dev\Proyectos\nextinfaith\node_modules\next\dist\pages\_app.js|pages-dir-browser
* javascript/auto|G:\dev\proyectos\nextinfaith\node_modules\react\jsx-runtime.js|pages-dir-browser
    Used by 9 module(s), i. e.
    javascript/auto|G:\Dev\Proyectos\nextinfaith\node_modules\next\dist\build\webpack\loaders\next-swc-loader.js??ruleS
et[1].rules[16].oneOf[8].use[0]!G:\dev\proyectos\nextinfaith\node_modules\next\dist\client\index.js|pages-dir-browser

Import trace for requested module:
./node_modules/react/jsx-runtime.js

./node_modules/react-dom/cjs/react-dom.production.js
There are multiple modules with names that only differ in casing.
This can lead to unexpected behavior when compiling on a filesystem with other case-semantic.
Use equal casing. Compare these module identifiers:
* javascript/auto|G:\Dev\Proyectos\nextinfaith\node_modules\next\dist\build\webpack\loaders\next-flight-client-module-l
oader.js!G:\Dev\Proyectos\nextinfaith\node_modules\next\dist\build\webpack\loaders\next-swc-loader.js??ruleSet[1].rules
[16].oneOf[7].use[1]!G:\dev\Proyectos\nextinfaith\node_modules\react-dom\cjs\react-dom.production.js|ssr
    Used by 1 module(s), i. e.
    javascript/auto|G:\Dev\Proyectos\nextinfaith\node_modules\next\dist\build\webpack\loaders\next-flight-client-module
-loader.js!G:\Dev\Proyectos\nextinfaith\node_modules\next\dist\build\webpack\loaders\next-swc-loader.js??ruleSet[1].rul
es[16].oneOf[7].use[1]!G:\dev\Proyectos\nextinfaith\node_modules\react-dom\index.js|ssr
* javascript/auto|G:\Dev\Proyectos\nextinfaith\node_modules\next\dist\build\webpack\loaders\next-flight-client-module-l
oader.js!G:\Dev\Proyectos\nextinfaith\node_modules\next\dist\build\webpack\loaders\next-swc-loader.js??ruleSet[1].rules
[16].oneOf[7].use[1]!G:\dev\proyectos\nextinfaith\node_modules\react-dom\cjs\react-dom.production.js|ssr
    Used by 1 module(s), i. e.
    javascript/auto|G:\Dev\Proyectos\nextinfaith\node_modules\next\dist\build\webpack\loaders\next-flight-client-module
-loader.js!G:\Dev\Proyectos\nextinfaith\node_modules\next\dist\build\webpack\loaders\next-swc-loader.js??ruleSet[1].rul
es[16].oneOf[7].use[1]!G:\dev\proyectos\nextinfaith\node_modules\react-dom\index.js|ssr

Import trace for requested module:
./node_modules/react-dom/cjs/react-dom.production.js
./node_modules/react-dom/index.js
./node_modules/next/dist/client/components/layout-router.js

./node_modules/react-dom/index.js
There are multiple modules with names that only differ in casing.
This can lead to unexpected behavior when compiling on a filesystem with other case-semantic.
Use equal casing. Compare these module identifiers:
* javascript/auto|G:\Dev\Proyectos\nextinfaith\node_modules\next\dist\build\webpack\loaders\next-flight-client-module-l
oader.js!G:\Dev\Proyectos\nextinfaith\node_modules\next\dist\build\webpack\loaders\next-swc-loader.js??ruleSet[1].rules
[16].oneOf[7].use[1]!G:\dev\Proyectos\nextinfaith\node_modules\react-dom\index.js|ssr
    Used by 3 module(s), i. e.
    javascript/auto|G:\Dev\Proyectos\nextinfaith\node_modules\next\dist\build\webpack\loaders\next-flight-client-module
-loader.js!G:\Dev\Proyectos\nextinfaith\node_modules\next\dist\build\webpack\loaders\next-swc-loader.js??ruleSet[1].rul
es[16].oneOf[7].use[1]!G:\Dev\Proyectos\nextinfaith\node_modules\next\dist\client\components\layout-router.js|ssr
* javascript/auto|G:\Dev\Proyectos\nextinfaith\node_modules\next\dist\build\webpack\loaders\next-flight-client-module-l
oader.js!G:\Dev\Proyectos\nextinfaith\node_modules\next\dist\build\webpack\loaders\next-swc-loader.js??ruleSet[1].rules
[16].oneOf[7].use[1]!G:\dev\proyectos\nextinfaith\node_modules\react-dom\index.js|ssr
    Used by 1 module(s), i. e.
    javascript/auto|G:\Dev\Proyectos\nextinfaith\node_modules\next\dist\build\webpack\loaders\next-flight-client-module
-loader.js!G:\Dev\Proyectos\nextinfaith\node_modules\next\dist\build\webpack\loaders\next-swc-loader.js??ruleSet[1].rul
es[16].oneOf[7].use[1]!G:\dev\proyectos\nextinfaith\app\portal\dashboard\Client.tsx|ssr

Import trace for requested module:
./node_modules/react-dom/index.js
./node_modules/next/dist/client/components/layout-router.js

./node_modules/react/cjs/react-jsx-runtime.production.js
There are multiple modules with names that only differ in casing.
This can lead to unexpected behavior when compiling on a filesystem with other case-semantic.
Use equal casing. Compare these module identifiers:
* javascript/auto|G:\Dev\Proyectos\nextinfaith\node_modules\next\dist\build\webpack\loaders\next-flight-client-module-l
oader.js!G:\Dev\Proyectos\nextinfaith\node_modules\next\dist\build\webpack\loaders\next-swc-loader.js??ruleSet[1].rules
[16].oneOf[7].use[1]!G:\dev\Proyectos\nextinfaith\node_modules\react\cjs\react-jsx-runtime.production.js|ssr
    Used by 1 module(s), i. e.
    javascript/auto|G:\Dev\Proyectos\nextinfaith\node_modules\next\dist\build\webpack\loaders\next-flight-client-module
-loader.js!G:\Dev\Proyectos\nextinfaith\node_modules\next\dist\build\webpack\loaders\next-swc-loader.js??ruleSet[1].rul
es[16].oneOf[7].use[1]!G:\dev\Proyectos\nextinfaith\node_modules\react\jsx-runtime.js|ssr
* javascript/auto|G:\Dev\Proyectos\nextinfaith\node_modules\next\dist\build\webpack\loaders\next-flight-client-module-l
oader.js!G:\Dev\Proyectos\nextinfaith\node_modules\next\dist\build\webpack\loaders\next-swc-loader.js??ruleSet[1].rules
[16].oneOf[7].use[1]!G:\dev\proyectos\nextinfaith\node_modules\react\cjs\react-jsx-runtime.production.js|ssr
    Used by 1 module(s), i. e.
    javascript/auto|G:\Dev\Proyectos\nextinfaith\node_modules\next\dist\build\webpack\loaders\next-flight-client-module
-loader.js!G:\Dev\Proyectos\nextinfaith\node_modules\next\dist\build\webpack\loaders\next-swc-loader.js??ruleSet[1].rul
es[16].oneOf[7].use[1]!G:\dev\proyectos\nextinfaith\node_modules\react\jsx-runtime.js|ssr

Import trace for requested module:
./node_modules/react/cjs/react-jsx-runtime.production.js
./node_modules/react/jsx-runtime.js
./node_modules/next/dist/client/components/client-page.js

./node_modules/react/cjs/react.production.js
There are multiple modules with names that only differ in casing.
This can lead to unexpected behavior when compiling on a filesystem with other case-semantic.
Use equal casing. Compare these module identifiers:
* javascript/auto|G:\Dev\Proyectos\nextinfaith\node_modules\next\dist\build\webpack\loaders\next-flight-client-module-l
oader.js!G:\Dev\Proyectos\nextinfaith\node_modules\next\dist\build\webpack\loaders\next-swc-loader.js??ruleSet[1].rules
[16].oneOf[7].use[1]!G:\dev\Proyectos\nextinfaith\node_modules\react\cjs\react.production.js|ssr
    Used by 1 module(s), i. e.
    javascript/auto|G:\Dev\Proyectos\nextinfaith\node_modules\next\dist\build\webpack\loaders\next-flight-client-module
-loader.js!G:\Dev\Proyectos\nextinfaith\node_modules\next\dist\build\webpack\loaders\next-swc-loader.js??ruleSet[1].rul
es[16].oneOf[7].use[1]!G:\dev\Proyectos\nextinfaith\node_modules\react\index.js|ssr
* javascript/auto|G:\Dev\Proyectos\nextinfaith\node_modules\next\dist\build\webpack\loaders\next-flight-client-module-l
oader.js!G:\Dev\Proyectos\nextinfaith\node_modules\next\dist\build\webpack\loaders\next-swc-loader.js??ruleSet[1].rules
[16].oneOf[7].use[1]!G:\dev\proyectos\nextinfaith\node_modules\react\cjs\react.production.js|ssr
    Used by 1 module(s), i. e.
    javascript/auto|G:\Dev\Proyectos\nextinfaith\node_modules\next\dist\build\webpack\loaders\next-flight-client-module
-loader.js!G:\Dev\Proyectos\nextinfaith\node_modules\next\dist\build\webpack\loaders\next-swc-loader.js??ruleSet[1].rul
es[16].oneOf[7].use[1]!G:\dev\proyectos\nextinfaith\node_modules\react\index.js|ssr

Import trace for requested module:
./node_modules/react/cjs/react.production.js
./node_modules/react/index.js
./node_modules/next/dist/client/components/http-access-fallback/error-boundary.js

./node_modules/react/index.js
There are multiple modules with names that only differ in casing.
This can lead to unexpected behavior when compiling on a filesystem with other case-semantic.
Use equal casing. Compare these module identifiers:
* javascript/auto|G:\Dev\Proyectos\nextinfaith\node_modules\next\dist\build\webpack\loaders\next-flight-client-module-l
oader.js!G:\Dev\Proyectos\nextinfaith\node_modules\next\dist\build\webpack\loaders\next-swc-loader.js??ruleSet[1].rules
[16].oneOf[7].use[1]!G:\dev\Proyectos\nextinfaith\node_modules\react\index.js|ssr
    Used by 26 module(s), i. e.
    javascript/auto|G:\Dev\Proyectos\nextinfaith\node_modules\next\dist\build\webpack\loaders\next-flight-client-module
-loader.js!G:\Dev\Proyectos\nextinfaith\node_modules\next\dist\build\webpack\loaders\next-swc-loader.js??ruleSet[1].rul
es[16].oneOf[7].use[1]!G:\Dev\Proyectos\nextinfaith\node_modules\next\dist\client\components\http-access-fallback\error
-boundary.js|ssr
* javascript/auto|G:\Dev\Proyectos\nextinfaith\node_modules\next\dist\build\webpack\loaders\next-flight-client-module-l
oader.js!G:\Dev\Proyectos\nextinfaith\node_modules\next\dist\build\webpack\loaders\next-swc-loader.js??ruleSet[1].rules
[16].oneOf[7].use[1]!G:\dev\proyectos\nextinfaith\node_modules\react\index.js|ssr
    Used by 18 module(s), i. e.
    javascript/auto|G:\Dev\Proyectos\nextinfaith\node_modules\next\dist\build\webpack\loaders\next-flight-client-module
-loader.js!G:\Dev\Proyectos\nextinfaith\node_modules\next\dist\build\webpack\loaders\next-swc-loader.js??ruleSet[1].rul
es[16].oneOf[7].use[1]!G:\dev\proyectos\nextinfaith\app\auth\forgot-password\page.tsx|ssr

Import trace for requested module:
./node_modules/react/index.js
./node_modules/next/dist/client/components/http-access-fallback/error-boundary.js

./node_modules/react/jsx-runtime.js
There are multiple modules with names that only differ in casing.
This can lead to unexpected behavior when compiling on a filesystem with other case-semantic.
Use equal casing. Compare these module identifiers:
* javascript/auto|G:\Dev\Proyectos\nextinfaith\node_modules\next\dist\build\webpack\loaders\next-flight-client-module-l
oader.js!G:\Dev\Proyectos\nextinfaith\node_modules\next\dist\build\webpack\loaders\next-swc-loader.js??ruleSet[1].rules
[16].oneOf[7].use[1]!G:\dev\Proyectos\nextinfaith\node_modules\react\jsx-runtime.js|ssr
    Used by 16 module(s), i. e.
    javascript/auto|G:\Dev\Proyectos\nextinfaith\node_modules\next\dist\build\webpack\loaders\next-flight-client-module
-loader.js!G:\Dev\Proyectos\nextinfaith\node_modules\next\dist\build\webpack\loaders\next-swc-loader.js??ruleSet[1].rul
es[16].oneOf[7].use[1]!G:\Dev\Proyectos\nextinfaith\node_modules\next\dist\client\components\client-page.js|ssr
* javascript/auto|G:\Dev\Proyectos\nextinfaith\node_modules\next\dist\build\webpack\loaders\next-flight-client-module-l
oader.js!G:\Dev\Proyectos\nextinfaith\node_modules\next\dist\build\webpack\loaders\next-swc-loader.js??ruleSet[1].rules
[16].oneOf[7].use[1]!G:\dev\proyectos\nextinfaith\node_modules\react\jsx-runtime.js|ssr
    Used by 18 module(s), i. e.
    javascript/auto|G:\Dev\Proyectos\nextinfaith\node_modules\next\dist\build\webpack\loaders\next-flight-client-module
-loader.js!G:\Dev\Proyectos\nextinfaith\node_modules\next\dist\build\webpack\loaders\next-swc-loader.js??ruleSet[1].rul
es[16].oneOf[7].use[1]!G:\dev\proyectos\nextinfaith\app\global-error.tsx|ssr

Import trace for requested module:
./node_modules/react/jsx-runtime.js
./node_modules/next/dist/client/components/client-page.js

./node_modules/react/cjs/react-jsx-runtime.production.js
There are multiple modules with names that only differ in casing.
This can lead to unexpected behavior when compiling on a filesystem with other case-semantic.
Use equal casing. Compare these module identifiers:
* javascript/auto|G:\Dev\Proyectos\nextinfaith\node_modules\next\dist\build\webpack\loaders\next-flight-loader\index.js
!G:\Dev\Proyectos\nextinfaith\node_modules\next\dist\build\webpack\loaders\next-swc-loader.js??ruleSet[1].rules[16].one
Of[4].use[0]!G:\dev\Proyectos\nextinfaith\node_modules\react\cjs\react-jsx-runtime.production.js|rsc
    Used by 1 module(s), i. e.
    javascript/auto|G:\Dev\Proyectos\nextinfaith\node_modules\next\dist\build\webpack\loaders\next-flight-loader\index.
js!G:\Dev\Proyectos\nextinfaith\node_modules\next\dist\build\webpack\loaders\next-swc-loader.js??ruleSet[1].rules[16].o
neOf[4].use[0]!G:\dev\Proyectos\nextinfaith\node_modules\react\jsx-runtime.js|rsc
* javascript/auto|G:\Dev\Proyectos\nextinfaith\node_modules\next\dist\build\webpack\loaders\next-flight-loader\index.js
!G:\Dev\Proyectos\nextinfaith\node_modules\next\dist\build\webpack\loaders\next-swc-loader.js??ruleSet[1].rules[16].one
Of[4].use[0]!G:\dev\proyectos\nextinfaith\node_modules\react\cjs\react-jsx-runtime.production.js|rsc
    Used by 1 module(s), i. e.
    javascript/auto|G:\Dev\Proyectos\nextinfaith\node_modules\next\dist\build\webpack\loaders\next-flight-loader\index.
js!G:\Dev\Proyectos\nextinfaith\node_modules\next\dist\build\webpack\loaders\next-swc-loader.js??ruleSet[1].rules[16].o
neOf[4].use[0]!G:\dev\proyectos\nextinfaith\node_modules\react\jsx-runtime.js|rsc

Import trace for requested module:
./node_modules/react/cjs/react-jsx-runtime.production.js
./node_modules/react/jsx-runtime.js
./node_modules/next/dist/client/components/builtin/forbidden.js

./node_modules/react/jsx-runtime.js
There are multiple modules with names that only differ in casing.
This can lead to unexpected behavior when compiling on a filesystem with other case-semantic.
Use equal casing. Compare these module identifiers:
* javascript/auto|G:\Dev\Proyectos\nextinfaith\node_modules\next\dist\build\webpack\loaders\next-flight-loader\index.js
!G:\Dev\Proyectos\nextinfaith\node_modules\next\dist\build\webpack\loaders\next-swc-loader.js??ruleSet[1].rules[16].one
Of[4].use[0]!G:\dev\Proyectos\nextinfaith\node_modules\react\jsx-runtime.js|rsc
    Used by 9 module(s), i. e.
    javascript/auto|G:\Dev\Proyectos\nextinfaith\node_modules\next\dist\build\webpack\loaders\next-flight-loader\index.
js!G:\Dev\Proyectos\nextinfaith\node_modules\next\dist\build\webpack\loaders\next-swc-loader.js??ruleSet[1].rules[16].o
neOf[4].use[0]!G:\Dev\Proyectos\nextinfaith\node_modules\next\dist\client\components\builtin\forbidden.js|rsc
* javascript/auto|G:\Dev\Proyectos\nextinfaith\node_modules\next\dist\build\webpack\loaders\next-flight-loader\index.js
!G:\Dev\Proyectos\nextinfaith\node_modules\next\dist\build\webpack\loaders\next-swc-loader.js??ruleSet[1].rules[16].one
Of[4].use[0]!G:\dev\proyectos\nextinfaith\node_modules\react\jsx-runtime.js|rsc
    Used by 2 module(s), i. e.
    javascript/auto|G:\Dev\Proyectos\nextinfaith\node_modules\next\dist\build\webpack\loaders\next-flight-loader\index.
js!G:\Dev\Proyectos\nextinfaith\node_modules\next\dist\build\webpack\loaders\next-swc-loader.js??ruleSet[1].rules[16].o
neOf[4].use[0]!G:\dev\proyectos\nextinfaith\app\not-found.tsx|rsc

Import trace for requested module:
./node_modules/react/jsx-runtime.js
./node_modules/next/dist/client/components/builtin/forbidden.js

./node_modules/next/dist/pages/_app.js
There are multiple modules with names that only differ in casing.
This can lead to unexpected behavior when compiling on a filesystem with other case-semantic.
Use equal casing. Compare these module identifiers:
* javascript/auto|G:\Dev\Proyectos\nextinfaith\node_modules\next\dist\build\webpack\loaders\next-swc-loader.js??ruleSet
[1].rules[16].oneOf[8].use[0]!G:\Dev\Proyectos\nextinfaith\node_modules\next\dist\pages\_app.js|pages-dir-node
    Used by 2 module(s), i. e.
    javascript/auto|G:\Dev\Proyectos\nextinfaith\node_modules\next\dist\build\webpack\loaders\next-route-loader\index.j
s?kind=PAGES&page=%2F_error&preferredRegion=&absolutePagePath=private-next-pages%2F_error.tsx&absoluteAppPath=next%2Fdi
st%2Fpages%2F_app&absoluteDocumentPath=next%2Fdist%2Fpages%2F_document&middlewareConfigBase64=e30%3D!|pages-dir-node
* javascript/auto|G:\Dev\Proyectos\nextinfaith\node_modules\next\dist\build\webpack\loaders\next-swc-loader.js??ruleSet
[1].rules[16].oneOf[8].use[0]!G:\dev\proyectos\nextinfaith\node_modules\next\dist\pages\_app.js|pages-dir-node
    Used by 1 module(s), i. e.
    javascript/auto|G:\Dev\Proyectos\nextinfaith\node_modules\next\dist\build\webpack\loaders\next-swc-loader.js??ruleS
et[1].rules[16].oneOf[8].use[0]!G:\dev\proyectos\nextinfaith\node_modules\next\dist\pages\_app.js|pages-dir-node

Import trace for requested module:
./node_modules/next/dist/pages/_app.js

./node_modules/next/dist/pages/_document.js
There are multiple modules with names that only differ in casing.
This can lead to unexpected behavior when compiling on a filesystem with other case-semantic.
Use equal casing. Compare these module identifiers:
* javascript/auto|G:\Dev\Proyectos\nextinfaith\node_modules\next\dist\build\webpack\loaders\next-swc-loader.js??ruleSet
[1].rules[16].oneOf[8].use[0]!G:\Dev\Proyectos\nextinfaith\node_modules\next\dist\pages\_document.js|pages-dir-node
    Used by 2 module(s), i. e.
    javascript/auto|G:\Dev\Proyectos\nextinfaith\node_modules\next\dist\build\webpack\loaders\next-route-loader\index.j
s?kind=PAGES&page=%2F_error&preferredRegion=&absolutePagePath=private-next-pages%2F_error.tsx&absoluteAppPath=next%2Fdi
st%2Fpages%2F_app&absoluteDocumentPath=next%2Fdist%2Fpages%2F_document&middlewareConfigBase64=e30%3D!|pages-dir-node
* javascript/auto|G:\Dev\Proyectos\nextinfaith\node_modules\next\dist\build\webpack\loaders\next-swc-loader.js??ruleSet
[1].rules[16].oneOf[8].use[0]!G:\dev\proyectos\nextinfaith\node_modules\next\dist\pages\_document.js|pages-dir-node
    Used by 1 module(s), i. e.
    javascript/auto|G:\Dev\Proyectos\nextinfaith\node_modules\next\dist\build\webpack\loaders\next-swc-loader.js??ruleS
et[1].rules[16].oneOf[8].use[0]!G:\dev\proyectos\nextinfaith\node_modules\next\dist\pages\_document.js|pages-dir-node

Import trace for requested module:
./node_modules/next/dist/pages/_document.js

./node_modules/next/dist/shared/lib/constants.js
There are multiple modules with names that only differ in casing.
This can lead to unexpected behavior when compiling on a filesystem with other case-semantic.
Use equal casing. Compare these module identifiers:
* javascript/auto|G:\Dev\Proyectos\nextinfaith\node_modules\next\dist\build\webpack\loaders\next-swc-loader.js??ruleSet
[1].rules[16].oneOf[8].use[0]!G:\Dev\Proyectos\nextinfaith\node_modules\next\dist\shared\lib\constants.js|pages-dir-nod
e
    Used by 3 module(s), i. e.
    javascript/auto|G:\Dev\Proyectos\nextinfaith\node_modules\next\dist\build\webpack\loaders\next-swc-loader.js??ruleS
et[1].rules[16].oneOf[8].use[0]!G:\Dev\Proyectos\nextinfaith\node_modules\next\dist\pages\_document.js|pages-dir-node
* javascript/auto|G:\Dev\Proyectos\nextinfaith\node_modules\next\dist\build\webpack\loaders\next-swc-loader.js??ruleSet
[1].rules[16].oneOf[8].use[0]!G:\dev\proyectos\nextinfaith\node_modules\next\dist\shared\lib\constants.js|pages-dir-nod
e
    Used by 3 module(s), i. e.
    javascript/auto|G:\Dev\Proyectos\nextinfaith\node_modules\next\dist\build\webpack\loaders\next-swc-loader.js??ruleS
et[1].rules[16].oneOf[8].use[0]!G:\dev\proyectos\nextinfaith\node_modules\next\dist\pages\_document.js|pages-dir-node

Import trace for requested module:
./node_modules/next/dist/shared/lib/constants.js
./node_modules/next/dist/pages/_document.js

./node_modules/next/dist/shared/lib/encode-uri-path.js
There are multiple modules with names that only differ in casing.
This can lead to unexpected behavior when compiling on a filesystem with other case-semantic.
Use equal casing. Compare these module identifiers:
* javascript/auto|G:\Dev\Proyectos\nextinfaith\node_modules\next\dist\build\webpack\loaders\next-swc-loader.js??ruleSet
[1].rules[16].oneOf[8].use[0]!G:\Dev\Proyectos\nextinfaith\node_modules\next\dist\shared\lib\encode-uri-path.js|pages-d
ir-node
    Used by 1 module(s), i. e.
    javascript/auto|G:\Dev\Proyectos\nextinfaith\node_modules\next\dist\build\webpack\loaders\next-swc-loader.js??ruleS
et[1].rules[16].oneOf[8].use[0]!G:\Dev\Proyectos\nextinfaith\node_modules\next\dist\pages\_document.js|pages-dir-node
* javascript/auto|G:\Dev\Proyectos\nextinfaith\node_modules\next\dist\build\webpack\loaders\next-swc-loader.js??ruleSet
[1].rules[16].oneOf[8].use[0]!G:\dev\proyectos\nextinfaith\node_modules\next\dist\shared\lib\encode-uri-path.js|pages-d
ir-node
    Used by 1 module(s), i. e.
    javascript/auto|G:\Dev\Proyectos\nextinfaith\node_modules\next\dist\build\webpack\loaders\next-swc-loader.js??ruleS
et[1].rules[16].oneOf[8].use[0]!G:\dev\proyectos\nextinfaith\node_modules\next\dist\pages\_document.js|pages-dir-node

Import trace for requested module:
./node_modules/next/dist/shared/lib/encode-uri-path.js
./node_modules/next/dist/pages/_document.js

./node_modules/next/dist/shared/lib/is-plain-object.js
There are multiple modules with names that only differ in casing.
This can lead to unexpected behavior when compiling on a filesystem with other case-semantic.
Use equal casing. Compare these module identifiers:
* javascript/auto|G:\Dev\Proyectos\nextinfaith\node_modules\next\dist\build\webpack\loaders\next-swc-loader.js??ruleSet
[1].rules[16].oneOf[8].use[0]!G:\Dev\Proyectos\nextinfaith\node_modules\next\dist\shared\lib\is-plain-object.js|pages-d
ir-node
    Used by 2 module(s), i. e.
    javascript/auto|G:\Dev\Proyectos\nextinfaith\node_modules\next\dist\lib\is-error.js|pages-dir-node
* javascript/auto|G:\Dev\Proyectos\nextinfaith\node_modules\next\dist\build\webpack\loaders\next-swc-loader.js??ruleSet
[1].rules[16].oneOf[8].use[0]!G:\dev\proyectos\nextinfaith\node_modules\next\dist\shared\lib\is-plain-object.js|pages-d
ir-node
    Used by 2 module(s), i. e.
    javascript/auto|G:\dev\proyectos\nextinfaith\node_modules\next\dist\lib\is-error.js|pages-dir-node

Import trace for requested module:
./node_modules/next/dist/shared/lib/is-plain-object.js
./node_modules/next/dist/lib/is-error.js
./node_modules/next/dist/pages/_document.js

./node_modules/next/dist/shared/lib/is-thenable.js
There are multiple modules with names that only differ in casing.
This can lead to unexpected behavior when compiling on a filesystem with other case-semantic.
Use equal casing. Compare these module identifiers:
* javascript/auto|G:\Dev\Proyectos\nextinfaith\node_modules\next\dist\build\webpack\loaders\next-swc-loader.js??ruleSet
[1].rules[16].oneOf[8].use[0]!G:\Dev\Proyectos\nextinfaith\node_modules\next\dist\shared\lib\is-thenable.js|pages-dir-n
ode
    Used by 1 module(s), i. e.
    javascript/auto|G:\Dev\Proyectos\nextinfaith\node_modules\next\dist\server\lib\trace\tracer.js|pages-dir-node
* javascript/auto|G:\Dev\Proyectos\nextinfaith\node_modules\next\dist\build\webpack\loaders\next-swc-loader.js??ruleSet
[1].rules[16].oneOf[8].use[0]!G:\dev\proyectos\nextinfaith\node_modules\next\dist\shared\lib\is-thenable.js|pages-dir-n
ode
    Used by 1 module(s), i. e.
    javascript/auto|G:\dev\proyectos\nextinfaith\node_modules\next\dist\server\lib\trace\tracer.js|pages-dir-node

Import trace for requested module:
./node_modules/next/dist/shared/lib/is-thenable.js
./node_modules/next/dist/server/lib/trace/tracer.js
./node_modules/next/dist/pages/_document.js

./node_modules/next/dist/shared/lib/modern-browserslist-target.js
There are multiple modules with names that only differ in casing.
This can lead to unexpected behavior when compiling on a filesystem with other case-semantic.
Use equal casing. Compare these module identifiers:
* javascript/auto|G:\Dev\Proyectos\nextinfaith\node_modules\next\dist\build\webpack\loaders\next-swc-loader.js??ruleSet
[1].rules[16].oneOf[8].use[0]!G:\Dev\Proyectos\nextinfaith\node_modules\next\dist\shared\lib\modern-browserslist-target
.js|pages-dir-node
    Used by 2 module(s), i. e.
    javascript/auto|G:\Dev\Proyectos\nextinfaith\node_modules\next\dist\build\webpack\loaders\next-swc-loader.js??ruleS
et[1].rules[16].oneOf[8].use[0]!G:\Dev\Proyectos\nextinfaith\node_modules\next\dist\shared\lib\constants.js|pages-dir-n
ode
* javascript/auto|G:\Dev\Proyectos\nextinfaith\node_modules\next\dist\build\webpack\loaders\next-swc-loader.js??ruleSet
[1].rules[16].oneOf[8].use[0]!G:\dev\proyectos\nextinfaith\node_modules\next\dist\shared\lib\modern-browserslist-target
.js|pages-dir-node
    Used by 2 module(s), i. e.
    javascript/auto|G:\Dev\Proyectos\nextinfaith\node_modules\next\dist\build\webpack\loaders\next-swc-loader.js??ruleS
et[1].rules[16].oneOf[8].use[0]!G:\dev\proyectos\nextinfaith\node_modules\next\dist\shared\lib\constants.js|pages-dir-n
ode

Import trace for requested module:
./node_modules/next/dist/shared/lib/modern-browserslist-target.js
./node_modules/next/dist/shared/lib/constants.js
./node_modules/next/dist/pages/_document.js

./node_modules/next/dist/shared/lib/page-path/denormalize-page-path.js
There are multiple modules with names that only differ in casing.
This can lead to unexpected behavior when compiling on a filesystem with other case-semantic.
Use equal casing. Compare these module identifiers:
* javascript/auto|G:\Dev\Proyectos\nextinfaith\node_modules\next\dist\build\webpack\loaders\next-swc-loader.js??ruleSet
[1].rules[16].oneOf[8].use[0]!G:\Dev\Proyectos\nextinfaith\node_modules\next\dist\shared\lib\page-path\denormalize-page
-path.js|pages-dir-node
    Used by 1 module(s), i. e.
    javascript/auto|G:\Dev\Proyectos\nextinfaith\node_modules\next\dist\server\get-page-files.js|pages-dir-node
* javascript/auto|G:\Dev\Proyectos\nextinfaith\node_modules\next\dist\build\webpack\loaders\next-swc-loader.js??ruleSet
[1].rules[16].oneOf[8].use[0]!G:\dev\proyectos\nextinfaith\node_modules\next\dist\shared\lib\page-path\denormalize-page
-path.js|pages-dir-node
    Used by 1 module(s), i. e.
    javascript/auto|G:\dev\proyectos\nextinfaith\node_modules\next\dist\server\get-page-files.js|pages-dir-node

Import trace for requested module:
./node_modules/next/dist/shared/lib/page-path/denormalize-page-path.js
./node_modules/next/dist/server/get-page-files.js
./node_modules/next/dist/pages/_document.js

./node_modules/next/dist/shared/lib/page-path/ensure-leading-slash.js
There are multiple modules with names that only differ in casing.
This can lead to unexpected behavior when compiling on a filesystem with other case-semantic.
Use equal casing. Compare these module identifiers:
* javascript/auto|G:\Dev\Proyectos\nextinfaith\node_modules\next\dist\build\webpack\loaders\next-swc-loader.js??ruleSet
[1].rules[16].oneOf[8].use[0]!G:\Dev\Proyectos\nextinfaith\node_modules\next\dist\shared\lib\page-path\ensure-leading-s
lash.js|pages-dir-node
    Used by 2 module(s), i. e.
    javascript/auto|G:\Dev\Proyectos\nextinfaith\node_modules\next\dist\build\webpack\loaders\next-swc-loader.js??ruleS
et[1].rules[16].oneOf[8].use[0]!G:\Dev\Proyectos\nextinfaith\node_modules\next\dist\shared\lib\page-path\normalize-page
-path.js|pages-dir-node
* javascript/auto|G:\Dev\Proyectos\nextinfaith\node_modules\next\dist\build\webpack\loaders\next-swc-loader.js??ruleSet
[1].rules[16].oneOf[8].use[0]!G:\dev\proyectos\nextinfaith\node_modules\next\dist\shared\lib\page-path\ensure-leading-s
lash.js|pages-dir-node
    Used by 2 module(s), i. e.
    javascript/auto|G:\Dev\Proyectos\nextinfaith\node_modules\next\dist\build\webpack\loaders\next-swc-loader.js??ruleS
et[1].rules[16].oneOf[8].use[0]!G:\dev\proyectos\nextinfaith\node_modules\next\dist\shared\lib\page-path\normalize-page
-path.js|pages-dir-node

Import trace for requested module:
./node_modules/next/dist/shared/lib/page-path/ensure-leading-slash.js
./node_modules/next/dist/shared/lib/page-path/normalize-page-path.js
./node_modules/next/dist/server/get-page-files.js
./node_modules/next/dist/pages/_document.js

./node_modules/next/dist/shared/lib/page-path/normalize-page-path.js
There are multiple modules with names that only differ in casing.
This can lead to unexpected behavior when compiling on a filesystem with other case-semantic.
Use equal casing. Compare these module identifiers:
* javascript/auto|G:\Dev\Proyectos\nextinfaith\node_modules\next\dist\build\webpack\loaders\next-swc-loader.js??ruleSet
[1].rules[16].oneOf[8].use[0]!G:\Dev\Proyectos\nextinfaith\node_modules\next\dist\shared\lib\page-path\normalize-page-p
ath.js|pages-dir-node
    Used by 1 module(s), i. e.
    javascript/auto|G:\Dev\Proyectos\nextinfaith\node_modules\next\dist\server\get-page-files.js|pages-dir-node
* javascript/auto|G:\Dev\Proyectos\nextinfaith\node_modules\next\dist\build\webpack\loaders\next-swc-loader.js??ruleSet
[1].rules[16].oneOf[8].use[0]!G:\dev\proyectos\nextinfaith\node_modules\next\dist\shared\lib\page-path\normalize-page-p
ath.js|pages-dir-node
    Used by 1 module(s), i. e.
    javascript/auto|G:\dev\proyectos\nextinfaith\node_modules\next\dist\server\get-page-files.js|pages-dir-node

Import trace for requested module:
./node_modules/next/dist/shared/lib/page-path/normalize-page-path.js
./node_modules/next/dist/server/get-page-files.js
./node_modules/next/dist/pages/_document.js

./node_modules/next/dist/shared/lib/page-path/normalize-path-sep.js
There are multiple modules with names that only differ in casing.
This can lead to unexpected behavior when compiling on a filesystem with other case-semantic.
Use equal casing. Compare these module identifiers:
* javascript/auto|G:\Dev\Proyectos\nextinfaith\node_modules\next\dist\build\webpack\loaders\next-swc-loader.js??ruleSet
[1].rules[16].oneOf[8].use[0]!G:\Dev\Proyectos\nextinfaith\node_modules\next\dist\shared\lib\page-path\normalize-path-s
ep.js|pages-dir-node
    Used by 1 module(s), i. e.
    javascript/auto|G:\Dev\Proyectos\nextinfaith\node_modules\next\dist\build\webpack\loaders\next-swc-loader.js??ruleS
et[1].rules[16].oneOf[8].use[0]!G:\Dev\Proyectos\nextinfaith\node_modules\next\dist\shared\lib\page-path\denormalize-pa
ge-path.js|pages-dir-node
* javascript/auto|G:\Dev\Proyectos\nextinfaith\node_modules\next\dist\build\webpack\loaders\next-swc-loader.js??ruleSet
[1].rules[16].oneOf[8].use[0]!G:\dev\proyectos\nextinfaith\node_modules\next\dist\shared\lib\page-path\normalize-path-s
ep.js|pages-dir-node
    Used by 1 module(s), i. e.
    javascript/auto|G:\Dev\Proyectos\nextinfaith\node_modules\next\dist\build\webpack\loaders\next-swc-loader.js??ruleS
et[1].rules[16].oneOf[8].use[0]!G:\dev\proyectos\nextinfaith\node_modules\next\dist\shared\lib\page-path\denormalize-pa
ge-path.js|pages-dir-node

Import trace for requested module:
./node_modules/next/dist/shared/lib/page-path/normalize-path-sep.js
./node_modules/next/dist/shared/lib/page-path/denormalize-page-path.js
./node_modules/next/dist/server/get-page-files.js
./node_modules/next/dist/pages/_document.js

./node_modules/next/dist/shared/lib/router/utils/app-paths.js
There are multiple modules with names that only differ in casing.
This can lead to unexpected behavior when compiling on a filesystem with other case-semantic.
Use equal casing. Compare these module identifiers:
* javascript/auto|G:\Dev\Proyectos\nextinfaith\node_modules\next\dist\build\webpack\loaders\next-swc-loader.js??ruleSet
[1].rules[16].oneOf[8].use[0]!G:\Dev\Proyectos\nextinfaith\node_modules\next\dist\shared\lib\router\utils\app-paths.js|
pages-dir-node
    Used by 2 module(s), i. e.
    javascript/auto|G:\Dev\Proyectos\nextinfaith\node_modules\next\dist\build\webpack\loaders\next-swc-loader.js??ruleS
et[1].rules[16].oneOf[8].use[0]!G:\Dev\Proyectos\nextinfaith\node_modules\next\dist\shared\lib\router\utils\interceptio
n-routes.js|pages-dir-node
* javascript/auto|G:\Dev\Proyectos\nextinfaith\node_modules\next\dist\build\webpack\loaders\next-swc-loader.js??ruleSet
[1].rules[16].oneOf[8].use[0]!G:\dev\proyectos\nextinfaith\node_modules\next\dist\shared\lib\router\utils\app-paths.js|
pages-dir-node
    Used by 2 module(s), i. e.
    javascript/auto|G:\Dev\Proyectos\nextinfaith\node_modules\next\dist\build\webpack\loaders\next-swc-loader.js??ruleS
et[1].rules[16].oneOf[8].use[0]!G:\dev\proyectos\nextinfaith\node_modules\next\dist\shared\lib\router\utils\interceptio
n-routes.js|pages-dir-node

Import trace for requested module:
./node_modules/next/dist/shared/lib/router/utils/app-paths.js
./node_modules/next/dist/shared/lib/router/utils/interception-routes.js
./node_modules/next/dist/shared/lib/router/utils/is-dynamic.js
./node_modules/next/dist/shared/lib/router/utils/index.js
./node_modules/next/dist/shared/lib/page-path/denormalize-page-path.js
./node_modules/next/dist/server/get-page-files.js
./node_modules/next/dist/pages/_document.js

./node_modules/next/dist/shared/lib/router/utils/index.js
There are multiple modules with names that only differ in casing.
This can lead to unexpected behavior when compiling on a filesystem with other case-semantic.
Use equal casing. Compare these module identifiers:
* javascript/auto|G:\Dev\Proyectos\nextinfaith\node_modules\next\dist\build\webpack\loaders\next-swc-loader.js??ruleSet
[1].rules[16].oneOf[8].use[0]!G:\Dev\Proyectos\nextinfaith\node_modules\next\dist\shared\lib\router\utils\index.js|page
s-dir-node
    Used by 3 module(s), i. e.
    javascript/auto|G:\Dev\Proyectos\nextinfaith\node_modules\next\dist\build\webpack\loaders\next-swc-loader.js??ruleS
et[1].rules[16].oneOf[8].use[0]!G:\Dev\Proyectos\nextinfaith\node_modules\next\dist\shared\lib\page-path\denormalize-pa
ge-path.js|pages-dir-node
* javascript/auto|G:\Dev\Proyectos\nextinfaith\node_modules\next\dist\build\webpack\loaders\next-swc-loader.js??ruleSet
[1].rules[16].oneOf[8].use[0]!G:\dev\proyectos\nextinfaith\node_modules\next\dist\shared\lib\router\utils\index.js|page
s-dir-node
    Used by 3 module(s), i. e.
    javascript/auto|G:\Dev\Proyectos\nextinfaith\node_modules\next\dist\build\webpack\loaders\next-swc-loader.js??ruleS
et[1].rules[16].oneOf[8].use[0]!G:\dev\proyectos\nextinfaith\node_modules\next\dist\shared\lib\page-path\denormalize-pa
ge-path.js|pages-dir-node

Import trace for requested module:
./node_modules/next/dist/shared/lib/router/utils/index.js
./node_modules/next/dist/shared/lib/page-path/denormalize-page-path.js
./node_modules/next/dist/server/get-page-files.js
./node_modules/next/dist/pages/_document.js

./node_modules/next/dist/shared/lib/router/utils/interception-routes.js
There are multiple modules with names that only differ in casing.
This can lead to unexpected behavior when compiling on a filesystem with other case-semantic.
Use equal casing. Compare these module identifiers:
* javascript/auto|G:\Dev\Proyectos\nextinfaith\node_modules\next\dist\build\webpack\loaders\next-swc-loader.js??ruleSet
[1].rules[16].oneOf[8].use[0]!G:\Dev\Proyectos\nextinfaith\node_modules\next\dist\shared\lib\router\utils\interception-
routes.js|pages-dir-node
    Used by 2 module(s), i. e.
    javascript/auto|G:\Dev\Proyectos\nextinfaith\node_modules\next\dist\build\webpack\loaders\next-swc-loader.js??ruleS
et[1].rules[16].oneOf[8].use[0]!G:\Dev\Proyectos\nextinfaith\node_modules\next\dist\shared\lib\router\utils\is-dynamic.
js|pages-dir-node
* javascript/auto|G:\Dev\Proyectos\nextinfaith\node_modules\next\dist\build\webpack\loaders\next-swc-loader.js??ruleSet
[1].rules[16].oneOf[8].use[0]!G:\dev\proyectos\nextinfaith\node_modules\next\dist\shared\lib\router\utils\interception-
routes.js|pages-dir-node
    Used by 2 module(s), i. e.
    javascript/auto|G:\Dev\Proyectos\nextinfaith\node_modules\next\dist\build\webpack\loaders\next-swc-loader.js??ruleS
et[1].rules[16].oneOf[8].use[0]!G:\dev\proyectos\nextinfaith\node_modules\next\dist\shared\lib\router\utils\is-dynamic.
js|pages-dir-node

Import trace for requested module:
./node_modules/next/dist/shared/lib/router/utils/interception-routes.js
./node_modules/next/dist/shared/lib/router/utils/is-dynamic.js
./node_modules/next/dist/shared/lib/router/utils/index.js
./node_modules/next/dist/shared/lib/page-path/denormalize-page-path.js
./node_modules/next/dist/server/get-page-files.js
./node_modules/next/dist/pages/_document.js

./node_modules/next/dist/shared/lib/router/utils/is-dynamic.js
There are multiple modules with names that only differ in casing.
This can lead to unexpected behavior when compiling on a filesystem with other case-semantic.
Use equal casing. Compare these module identifiers:
* javascript/auto|G:\Dev\Proyectos\nextinfaith\node_modules\next\dist\build\webpack\loaders\next-swc-loader.js??ruleSet
[1].rules[16].oneOf[8].use[0]!G:\Dev\Proyectos\nextinfaith\node_modules\next\dist\shared\lib\router\utils\is-dynamic.js
|pages-dir-node
    Used by 1 module(s), i. e.
    javascript/auto|G:\Dev\Proyectos\nextinfaith\node_modules\next\dist\build\webpack\loaders\next-swc-loader.js??ruleS
et[1].rules[16].oneOf[8].use[0]!G:\Dev\Proyectos\nextinfaith\node_modules\next\dist\shared\lib\router\utils\index.js|pa
ges-dir-node
* javascript/auto|G:\Dev\Proyectos\nextinfaith\node_modules\next\dist\build\webpack\loaders\next-swc-loader.js??ruleSet
[1].rules[16].oneOf[8].use[0]!G:\dev\proyectos\nextinfaith\node_modules\next\dist\shared\lib\router\utils\is-dynamic.js
|pages-dir-node
    Used by 1 module(s), i. e.
    javascript/auto|G:\Dev\Proyectos\nextinfaith\node_modules\next\dist\build\webpack\loaders\next-swc-loader.js??ruleS
et[1].rules[16].oneOf[8].use[0]!G:\dev\proyectos\nextinfaith\node_modules\next\dist\shared\lib\router\utils\index.js|pa
ges-dir-node

Import trace for requested module:
./node_modules/next/dist/shared/lib/router/utils/is-dynamic.js
./node_modules/next/dist/shared/lib/router/utils/index.js
./node_modules/next/dist/shared/lib/page-path/denormalize-page-path.js
./node_modules/next/dist/server/get-page-files.js
./node_modules/next/dist/pages/_document.js

./node_modules/next/dist/shared/lib/router/utils/sorted-routes.js
There are multiple modules with names that only differ in casing.
This can lead to unexpected behavior when compiling on a filesystem with other case-semantic.
Use equal casing. Compare these module identifiers:
* javascript/auto|G:\Dev\Proyectos\nextinfaith\node_modules\next\dist\build\webpack\loaders\next-swc-loader.js??ruleSet
[1].rules[16].oneOf[8].use[0]!G:\Dev\Proyectos\nextinfaith\node_modules\next\dist\shared\lib\router\utils\sorted-routes
.js|pages-dir-node
    Used by 2 module(s), i. e.
    javascript/auto|G:\Dev\Proyectos\nextinfaith\node_modules\next\dist\build\webpack\loaders\next-swc-loader.js??ruleS
et[1].rules[16].oneOf[8].use[0]!G:\Dev\Proyectos\nextinfaith\node_modules\next\dist\shared\lib\router\utils\index.js|pa
ges-dir-node
* javascript/auto|G:\Dev\Proyectos\nextinfaith\node_modules\next\dist\build\webpack\loaders\next-swc-loader.js??ruleSet
[1].rules[16].oneOf[8].use[0]!G:\dev\proyectos\nextinfaith\node_modules\next\dist\shared\lib\router\utils\sorted-routes
.js|pages-dir-node
    Used by 2 module(s), i. e.
    javascript/auto|G:\Dev\Proyectos\nextinfaith\node_modules\next\dist\build\webpack\loaders\next-swc-loader.js??ruleS
et[1].rules[16].oneOf[8].use[0]!G:\dev\proyectos\nextinfaith\node_modules\next\dist\shared\lib\router\utils\index.js|pa
ges-dir-node

Import trace for requested module:
./node_modules/next/dist/shared/lib/router/utils/sorted-routes.js
./node_modules/next/dist/shared/lib/router/utils/index.js
./node_modules/next/dist/shared/lib/page-path/denormalize-page-path.js
./node_modules/next/dist/server/get-page-files.js
./node_modules/next/dist/pages/_document.js

./node_modules/next/dist/shared/lib/segment.js
There are multiple modules with names that only differ in casing.
This can lead to unexpected behavior when compiling on a filesystem with other case-semantic.
Use equal casing. Compare these module identifiers:
* javascript/auto|G:\Dev\Proyectos\nextinfaith\node_modules\next\dist\build\webpack\loaders\next-swc-loader.js??ruleSet
[1].rules[16].oneOf[8].use[0]!G:\Dev\Proyectos\nextinfaith\node_modules\next\dist\shared\lib\segment.js|pages-dir-node
    Used by 2 module(s), i. e.
    javascript/auto|G:\Dev\Proyectos\nextinfaith\node_modules\next\dist\build\webpack\loaders\next-swc-loader.js??ruleS
et[1].rules[16].oneOf[8].use[0]!G:\Dev\Proyectos\nextinfaith\node_modules\next\dist\shared\lib\router\utils\app-paths.j
s|pages-dir-node
* javascript/auto|G:\Dev\Proyectos\nextinfaith\node_modules\next\dist\build\webpack\loaders\next-swc-loader.js??ruleSet
[1].rules[16].oneOf[8].use[0]!G:\dev\proyectos\nextinfaith\node_modules\next\dist\shared\lib\segment.js|pages-dir-node
    Used by 2 module(s), i. e.
    javascript/auto|G:\Dev\Proyectos\nextinfaith\node_modules\next\dist\build\webpack\loaders\next-swc-loader.js??ruleS
et[1].rules[16].oneOf[8].use[0]!G:\dev\proyectos\nextinfaith\node_modules\next\dist\shared\lib\router\utils\app-paths.j
s|pages-dir-node

Import trace for requested module:
./node_modules/next/dist/shared/lib/segment.js
./node_modules/next/dist/shared/lib/router/utils/app-paths.js
./node_modules/next/dist/shared/lib/router/utils/interception-routes.js
./node_modules/next/dist/shared/lib/router/utils/is-dynamic.js
./node_modules/next/dist/shared/lib/router/utils/index.js
./node_modules/next/dist/shared/lib/page-path/denormalize-page-path.js
./node_modules/next/dist/server/get-page-files.js
./node_modules/next/dist/pages/_document.js

./node_modules/next/dist/shared/lib/utils.js
There are multiple modules with names that only differ in casing.
This can lead to unexpected behavior when compiling on a filesystem with other case-semantic.
Use equal casing. Compare these module identifiers:
* javascript/auto|G:\Dev\Proyectos\nextinfaith\node_modules\next\dist\build\webpack\loaders\next-swc-loader.js??ruleSet
[1].rules[16].oneOf[8].use[0]!G:\Dev\Proyectos\nextinfaith\node_modules\next\dist\shared\lib\utils.js|pages-dir-node
    Used by 5 module(s), i. e.
    javascript/auto|G:\Dev\Proyectos\nextinfaith\node_modules\next\dist\build\webpack\loaders\next-swc-loader.js??ruleS
et[1].rules[16].oneOf[8].use[0]!G:\Dev\Proyectos\nextinfaith\node_modules\next\dist\pages\_app.js|pages-dir-node
* javascript/auto|G:\Dev\Proyectos\nextinfaith\node_modules\next\dist\build\webpack\loaders\next-swc-loader.js??ruleSet
[1].rules[16].oneOf[8].use[0]!G:\dev\proyectos\nextinfaith\node_modules\next\dist\shared\lib\utils.js|pages-dir-node
    Used by 3 module(s), i. e.
    javascript/auto|G:\Dev\Proyectos\nextinfaith\node_modules\next\dist\build\webpack\loaders\next-swc-loader.js??ruleS
et[1].rules[16].oneOf[8].use[0]!G:\dev\proyectos\nextinfaith\node_modules\next\dist\pages\_app.js|pages-dir-node

Import trace for requested module:
./node_modules/next/dist/shared/lib/utils.js
./node_modules/next/dist/pages/_app.js

./node_modules/next/dist/lib/is-error.js
There are multiple modules with names that only differ in casing.
This can lead to unexpected behavior when compiling on a filesystem with other case-semantic.
Use equal casing. Compare these module identifiers:
* javascript/auto|G:\Dev\Proyectos\nextinfaith\node_modules\next\dist\lib\is-error.js|pages-dir-node
    Used by 2 module(s), i. e.
    javascript/auto|G:\Dev\Proyectos\nextinfaith\node_modules\next\dist\build\webpack\loaders\next-swc-loader.js??ruleS
et[1].rules[16].oneOf[8].use[0]!G:\Dev\Proyectos\nextinfaith\node_modules\next\dist\pages\_document.js|pages-dir-node
* javascript/auto|G:\dev\proyectos\nextinfaith\node_modules\next\dist\lib\is-error.js|pages-dir-node
    Used by 2 module(s), i. e.
    javascript/auto|G:\Dev\Proyectos\nextinfaith\node_modules\next\dist\build\webpack\loaders\next-swc-loader.js??ruleS
et[1].rules[16].oneOf[8].use[0]!G:\dev\proyectos\nextinfaith\node_modules\next\dist\pages\_document.js|pages-dir-node

Import trace for requested module:
./node_modules/next/dist/lib/is-error.js
./node_modules/next/dist/pages/_document.js

./node_modules/next/dist/lib/pretty-bytes.js
There are multiple modules with names that only differ in casing.
This can lead to unexpected behavior when compiling on a filesystem with other case-semantic.
Use equal casing. Compare these module identifiers:
* javascript/auto|G:\Dev\Proyectos\nextinfaith\node_modules\next\dist\lib\pretty-bytes.js|pages-dir-node
    Used by 1 module(s), i. e.
    javascript/auto|G:\Dev\Proyectos\nextinfaith\node_modules\next\dist\build\webpack\loaders\next-swc-loader.js??ruleS
et[1].rules[16].oneOf[8].use[0]!G:\Dev\Proyectos\nextinfaith\node_modules\next\dist\pages\_document.js|pages-dir-node
* javascript/auto|G:\dev\proyectos\nextinfaith\node_modules\next\dist\lib\pretty-bytes.js|pages-dir-node
    Used by 1 module(s), i. e.
    javascript/auto|G:\Dev\Proyectos\nextinfaith\node_modules\next\dist\build\webpack\loaders\next-swc-loader.js??ruleS
et[1].rules[16].oneOf[8].use[0]!G:\dev\proyectos\nextinfaith\node_modules\next\dist\pages\_document.js|pages-dir-node

Import trace for requested module:
./node_modules/next/dist/lib/pretty-bytes.js
./node_modules/next/dist/pages/_document.js

./node_modules/next/dist/server/get-page-files.js
There are multiple modules with names that only differ in casing.
This can lead to unexpected behavior when compiling on a filesystem with other case-semantic.
Use equal casing. Compare these module identifiers:
* javascript/auto|G:\Dev\Proyectos\nextinfaith\node_modules\next\dist\server\get-page-files.js|pages-dir-node
    Used by 1 module(s), i. e.
    javascript/auto|G:\Dev\Proyectos\nextinfaith\node_modules\next\dist\build\webpack\loaders\next-swc-loader.js??ruleS
et[1].rules[16].oneOf[8].use[0]!G:\Dev\Proyectos\nextinfaith\node_modules\next\dist\pages\_document.js|pages-dir-node
* javascript/auto|G:\dev\proyectos\nextinfaith\node_modules\next\dist\server\get-page-files.js|pages-dir-node
    Used by 1 module(s), i. e.
    javascript/auto|G:\Dev\Proyectos\nextinfaith\node_modules\next\dist\build\webpack\loaders\next-swc-loader.js??ruleS
et[1].rules[16].oneOf[8].use[0]!G:\dev\proyectos\nextinfaith\node_modules\next\dist\pages\_document.js|pages-dir-node

Import trace for requested module:
./node_modules/next/dist/server/get-page-files.js
./node_modules/next/dist/pages/_document.js

./node_modules/next/dist/server/htmlescape.js
There are multiple modules with names that only differ in casing.
This can lead to unexpected behavior when compiling on a filesystem with other case-semantic.
Use equal casing. Compare these module identifiers:
* javascript/auto|G:\Dev\Proyectos\nextinfaith\node_modules\next\dist\server\htmlescape.js|pages-dir-node
    Used by 2 module(s), i. e.
    javascript/auto|G:\Dev\Proyectos\nextinfaith\node_modules\next\dist\build\webpack\loaders\next-swc-loader.js??ruleS
et[1].rules[16].oneOf[8].use[0]!G:\Dev\Proyectos\nextinfaith\node_modules\next\dist\pages\_document.js|pages-dir-node
* javascript/auto|G:\dev\proyectos\nextinfaith\node_modules\next\dist\server\htmlescape.js|pages-dir-node
    Used by 2 module(s), i. e.
    javascript/auto|G:\Dev\Proyectos\nextinfaith\node_modules\next\dist\build\webpack\loaders\next-swc-loader.js??ruleS
et[1].rules[16].oneOf[8].use[0]!G:\dev\proyectos\nextinfaith\node_modules\next\dist\pages\_document.js|pages-dir-node

Import trace for requested module:
./node_modules/next/dist/server/htmlescape.js
./node_modules/next/dist/pages/_document.js

./node_modules/next/dist/server/lib/trace/constants.js
There are multiple modules with names that only differ in casing.
This can lead to unexpected behavior when compiling on a filesystem with other case-semantic.
Use equal casing. Compare these module identifiers:
* javascript/auto|G:\Dev\Proyectos\nextinfaith\node_modules\next\dist\server\lib\trace\constants.js|pages-dir-node
    Used by 5 module(s), i. e.
    javascript/auto|G:\Dev\Proyectos\nextinfaith\node_modules\next\dist\server\route-modules\pages\pages-handler.js|pag
es-dir-node
* javascript/auto|G:\dev\proyectos\nextinfaith\node_modules\next\dist\server\lib\trace\constants.js|pages-dir-node
    Used by 2 module(s), i. e.
    javascript/auto|G:\dev\proyectos\nextinfaith\node_modules\next\dist\server\lib\trace\tracer.js|pages-dir-node

Import trace for requested module:
./node_modules/next/dist/server/lib/trace/constants.js
./node_modules/next/dist/server/route-modules/pages/pages-handler.js

./node_modules/next/dist/server/lib/trace/tracer.js
There are multiple modules with names that only differ in casing.
This can lead to unexpected behavior when compiling on a filesystem with other case-semantic.
Use equal casing. Compare these module identifiers:
* javascript/auto|G:\Dev\Proyectos\nextinfaith\node_modules\next\dist\server\lib\trace\tracer.js|pages-dir-node
    Used by 5 module(s), i. e.
    javascript/auto|G:\Dev\Proyectos\nextinfaith\node_modules\next\dist\build\webpack\loaders\next-swc-loader.js??ruleS
et[1].rules[16].oneOf[8].use[0]!G:\Dev\Proyectos\nextinfaith\node_modules\next\dist\pages\_document.js|pages-dir-node
* javascript/auto|G:\dev\proyectos\nextinfaith\node_modules\next\dist\server\lib\trace\tracer.js|pages-dir-node
    Used by 2 module(s), i. e.
    javascript/auto|G:\Dev\Proyectos\nextinfaith\node_modules\next\dist\build\webpack\loaders\next-swc-loader.js??ruleS
et[1].rules[16].oneOf[8].use[0]!G:\dev\proyectos\nextinfaith\node_modules\next\dist\pages\_document.js|pages-dir-node

Import trace for requested module:
./node_modules/next/dist/server/lib/trace/tracer.js
./node_modules/next/dist/pages/_document.js

./node_modules/next/dist/server/lib/trace/utils.js
There are multiple modules with names that only differ in casing.
This can lead to unexpected behavior when compiling on a filesystem with other case-semantic.
Use equal casing. Compare these module identifiers:
* javascript/auto|G:\Dev\Proyectos\nextinfaith\node_modules\next\dist\server\lib\trace\utils.js|pages-dir-node
    Used by 1 module(s), i. e.
    javascript/auto|G:\Dev\Proyectos\nextinfaith\node_modules\next\dist\build\webpack\loaders\next-swc-loader.js??ruleS
et[1].rules[16].oneOf[8].use[0]!G:\Dev\Proyectos\nextinfaith\node_modules\next\dist\pages\_document.js|pages-dir-node
* javascript/auto|G:\dev\proyectos\nextinfaith\node_modules\next\dist\server\lib\trace\utils.js|pages-dir-node
    Used by 1 module(s), i. e.
    javascript/auto|G:\Dev\Proyectos\nextinfaith\node_modules\next\dist\build\webpack\loaders\next-swc-loader.js??ruleS
et[1].rules[16].oneOf[8].use[0]!G:\dev\proyectos\nextinfaith\node_modules\next\dist\pages\_document.js|pages-dir-node

   Linting and checking validity of types ...
Import trace for requested module:
./node_modules/next/dist/server/lib/trace/utils.js
./node_modules/next/dist/pages/_document.js

./node_modules/next/dist/server/utils.js
There are multiple modules with names that only differ in casing.
This can lead to unexpected behavior when compiling on a filesystem with other case-semantic.
Use equal casing. Compare these module identifiers:
* javascript/auto|G:\Dev\Proyectos\nextinfaith\node_modules\next\dist\server\utils.js|pages-dir-node
    Used by 2 module(s), i. e.
    javascript/auto|G:\Dev\Proyectos\nextinfaith\node_modules\next\dist\build\webpack\loaders\next-swc-loader.js??ruleS
et[1].rules[16].oneOf[8].use[0]!G:\Dev\Proyectos\nextinfaith\node_modules\next\dist\pages\_document.js|pages-dir-node
* javascript/auto|G:\dev\proyectos\nextinfaith\node_modules\next\dist\server\utils.js|pages-dir-node
    Used by 2 module(s), i. e.
    javascript/auto|G:\Dev\Proyectos\nextinfaith\node_modules\next\dist\build\webpack\loaders\next-swc-loader.js??ruleS
et[1].rules[16].oneOf[8].use[0]!G:\dev\proyectos\nextinfaith\node_modules\next\dist\pages\_document.js|pages-dir-node

Import trace for requested module:
./node_modules/next/dist/server/utils.js
./node_modules/next/dist/pages/_document.js

   Collecting page data ...
   Finalizing page optimization ...
   Collecting build traces ...

Route (app)                                   Size  First Load JS
Ôöî ãÆ /                                       3.3 kB         203 kB
Ôö£ ãÆ /_not-found                              132 B         137 kB
Ôö£ ãÆ /auth/forgot-password                  1.88 kB         201 kB
Ôö£ ãÆ /auth/recovery                         2.02 kB         201 kB
Ôö£ ãÆ /buscar                                2.72 kB         202 kB
Ôö£ ãÆ /buscar/[id]                           3.86 kB         203 kB
Ôö£ ãÆ /login                                 2.21 kB         202 kB
Ôö£ ãÆ /portal                                  132 B         137 kB
Ôö£ ãÆ /portal/cambio-clave                   1.73 kB         201 kB
Ôö£ ãÆ /portal/dashboard                      3.38 kB         197 kB
Ôö£ ãÆ /portal/dashboard/eventos/[id]         4.41 kB         204 kB
Ôö£ ãÆ /portal/dashboard/eventos/[id]/editar   7.7 kB         207 kB
Ôö£ ãÆ /portal/dashboard/eventos/nuevo        6.96 kB         206 kB
Ôö£ ãÆ /portal/dashboard/resenas              1.68 kB         196 kB
Ôö£ ãÆ /portal/dashboard/usuarios             3.35 kB         197 kB
Ôöö ãÆ /registro                              2.36 kB         202 kB
+ First Load JS shared by all               137 kB
  Ôö£ chunks/940-e3a390edfa6ea4d4.js         79.9 kB
  Ôö£ chunks/e37c2aa4-500f6af44dceca5f.js      55 kB
  Ôöö other shared chunks (total)               2 kB


ãÆ  (Dynamic)  server-rendered on demand

